Archive member included to satisfy reference by file (symbol)

/opt/devkitpro/libtonc/lib/libtonc.a(tonc_irq.o)
                              main.o (irq_init)
/opt/devkitpro/libtonc/lib/libtonc.a(tonc_core.o)
                              e_pipe.o (tonccpy)
/opt/devkitpro/libtonc/lib/libtonc.a(tonc_input.o)
                              main.o (key_poll)
/opt/devkitpro/libtonc/lib/libtonc.a(tte_init_se.o)
                              s_game.o (tte_init_se)
/opt/devkitpro/libtonc/lib/libtonc.a(tonc_bios.o)
                              main.o (VBlankIntrWait)
/opt/devkitpro/libtonc/lib/libtonc.a(tonc_memcpy.o)
                              sprites.o (memcpy32)
/opt/devkitpro/libtonc/lib/libtonc.a(tonc_isr_master.o)
                              /opt/devkitpro/libtonc/lib/libtonc.a(tonc_irq.o) (isr_master)
/opt/devkitpro/libtonc/lib/libtonc.a(tonc_memset.o)
                              map.o (memset32)
/opt/devkitpro/libtonc/lib/libtonc.a(sys8.o)
                              s_game.o (sys8Font)
/opt/devkitpro/libtonc/lib/libtonc.a(tonc_surface.o)
                              /opt/devkitpro/libtonc/lib/libtonc.a(tte_init_se.o) (srf_init)
/opt/devkitpro/libtonc/lib/libtonc.a(tte_main.o)
                              /opt/devkitpro/libtonc/lib/libtonc.a(tte_init_se.o) (tte_init_base)
/opt/devkitpro/libtonc/lib/libtonc.a(se_drawg.o)
                              /opt/devkitpro/libtonc/lib/libtonc.a(tte_init_se.o) (se_erase)
/opt/devkitpro/libtonc/lib/libtonc.a(tonc_bios_ex.o)
                              /opt/devkitpro/libtonc/lib/libtonc.a(tte_main.o) (VBlankIntrDelay)
/opt/devkitpro/libtonc/lib/libtonc.a(tonc_sbmp16.o)
                              /opt/devkitpro/libtonc/lib/libtonc.a(se_drawg.o) (sbmp16_rect)
/opt/devkitpro/devkitARM/bin/../lib/gcc/arm-none-eabi/12.2.0/../../../../arm-none-eabi/lib/thumb/libstdc++.a(del_ops.o)
                              s_game.o (operator delete(void*, unsigned int))
/opt/devkitpro/devkitARM/bin/../lib/gcc/arm-none-eabi/12.2.0/../../../../arm-none-eabi/lib/thumb/libstdc++.a(new_op.o)
                              s_game.o (operator new(unsigned int))
/opt/devkitpro/devkitARM/bin/../lib/gcc/arm-none-eabi/12.2.0/../../../../arm-none-eabi/lib/thumb/libstdc++.a(functexcept.o)
                              s_game.o (std::__throw_length_error(char const*))
/opt/devkitpro/devkitARM/bin/../lib/gcc/arm-none-eabi/12.2.0/../../../../arm-none-eabi/lib/thumb/libstdc++.a(shared_ptr.o)
                              s_game.o (std::_Sp_make_shared_tag::_S_eq(std::type_info const&))
/opt/devkitpro/devkitARM/bin/../lib/gcc/arm-none-eabi/12.2.0/../../../../arm-none-eabi/lib/thumb/libstdc++.a(bad_alloc.o)
                              /opt/devkitpro/devkitARM/bin/../lib/gcc/arm-none-eabi/12.2.0/../../../../arm-none-eabi/lib/thumb/libstdc++.a(new_op.o) (vtable for std::bad_alloc)
/opt/devkitpro/devkitARM/bin/../lib/gcc/arm-none-eabi/12.2.0/../../../../arm-none-eabi/lib/thumb/libstdc++.a(bad_array_new.o)
                              /opt/devkitpro/devkitARM/bin/../lib/gcc/arm-none-eabi/12.2.0/../../../../arm-none-eabi/lib/thumb/libstdc++.a(functexcept.o) (vtable for std::bad_array_new_length)
/opt/devkitpro/devkitARM/bin/../lib/gcc/arm-none-eabi/12.2.0/../../../../arm-none-eabi/lib/thumb/libstdc++.a(bad_cast.o)
                              /opt/devkitpro/devkitARM/bin/../lib/gcc/arm-none-eabi/12.2.0/../../../../arm-none-eabi/lib/thumb/libstdc++.a(functexcept.o) (vtable for std::bad_cast)
/opt/devkitpro/devkitARM/bin/../lib/gcc/arm-none-eabi/12.2.0/../../../../arm-none-eabi/lib/thumb/libstdc++.a(bad_typeid.o)
                              /opt/devkitpro/devkitARM/bin/../lib/gcc/arm-none-eabi/12.2.0/../../../../arm-none-eabi/lib/thumb/libstdc++.a(functexcept.o) (vtable for std::bad_typeid)
/opt/devkitpro/devkitARM/bin/../lib/gcc/arm-none-eabi/12.2.0/../../../../arm-none-eabi/lib/thumb/libstdc++.a(class_type_info.o)
                              /opt/devkitpro/devkitARM/bin/../lib/gcc/arm-none-eabi/12.2.0/../../../../arm-none-eabi/lib/thumb/libstdc++.a(shared_ptr.o) (vtable for __cxxabiv1::__class_type_info)
/opt/devkitpro/devkitARM/bin/../lib/gcc/arm-none-eabi/12.2.0/../../../../arm-none-eabi/lib/thumb/libstdc++.a(del_op.o)
                              /opt/devkitpro/devkitARM/bin/../lib/gcc/arm-none-eabi/12.2.0/../../../../arm-none-eabi/lib/thumb/libstdc++.a(del_ops.o) (operator delete(void*))
/opt/devkitpro/devkitARM/bin/../lib/gcc/arm-none-eabi/12.2.0/../../../../arm-none-eabi/lib/thumb/libstdc++.a(eh_alloc.o)
                              /opt/devkitpro/devkitARM/bin/../lib/gcc/arm-none-eabi/12.2.0/../../../../arm-none-eabi/lib/thumb/libstdc++.a(new_op.o) (__cxa_allocate_exception)
/opt/devkitpro/devkitARM/bin/../lib/gcc/arm-none-eabi/12.2.0/../../../../arm-none-eabi/lib/thumb/libstdc++.a(eh_arm.o)
                              /opt/devkitpro/devkitARM/bin/../lib/gcc/arm-none-eabi/12.2.0/../../../../arm-none-eabi/lib/thumb/libstdc++.a(functexcept.o) (__cxa_end_cleanup)
[...]
Memory Configuration

Name             Origin             Length             Attributes
rom              0x0000000008000000 0x0000000002000000
iwram            0x0000000003000000 0x0000000000008000
ewram            0x0000000002000000 0x0000000000040000
*default*        0x0000000000000000 0xffffffffffffffff

Linker script and memory map

                0x0000000008000000                __text_start = ORIGIN (rom)
                0x0000000002040000                __eheap_end = (ORIGIN (ewram) + LENGTH (ewram))
                0x0000000003000000                __iwram_start = ORIGIN (iwram)
                0x0000000003008000                __iwram_top = (ORIGIN (iwram) + LENGTH (iwram))
                0x0000000003007fa0                __sp_irq = (__iwram_top - 0x60)
                0x0000000003007f00                __sp_usr = (__sp_irq - 0xa0)
                0x0000000003007ff8                __irq_flags = 0x3007ff8
                0x0000000008000000                . = __text_start

.crt0           0x0000000008000000      0x210
 *(.crt0)
 .crt0          0x0000000008000000      0x210 /opt/devkitpro/devkitARM/bin/../lib/gcc/arm-none-eabi/12.2.0/../../../../arm-none-eabi/lib/thumb/gba_crt0.o
                0x0000000008000000                _start
                0x00000000080000c4                __boot_method
                0x00000000080000c5                __slave_number
                0x00000000080000e0                start_vector
                0x0000000008000210                . = ALIGN (0x4)

.init           0x0000000008000210        0xc
 *(SORT_NONE(.init))
 .init          0x0000000008000210        0x4 /opt/devkitpro/devkitARM/bin/../lib/gcc/arm-none-eabi/12.2.0/thumb/crti.o
                0x0000000008000210                _init
 .init          0x0000000008000214        0x8 /opt/devkitpro/devkitARM/bin/../lib/gcc/arm-none-eabi/12.2.0/thumb/crtn.o

.plt            0x000000000800021c        0x0
 *(.plt)
                0x000000000800021c                . = ALIGN (0x4)

.text           0x0000000008000220     0xe568
 *(EXCLUDE_FILE(*.iwram*) .text*)
 .text.__do_global_dtors_aux
                0x0000000008000220       0x2c /opt/devkitpro/devkitARM/bin/../lib/gcc/arm-none-eabi/12.2.0/thumb/crtbegin.o
 .text.frame_dummy
                0x000000000800024c       0x24 /opt/devkitpro/devkitARM/bin/../lib/gcc/arm-none-eabi/12.2.0/thumb/crtbegin.o
 .text          0x0000000008000270      0x1fc e_pipe.o
                0x0000000008000270                Pipe::Pipe(int, int, int)
                0x0000000008000270                Pipe::Pipe(int, int, int)
                0x0000000008000358                Pipe::~Pipe()
                0x0000000008000358                Pipe::~Pipe()
                0x000000000800038c                Pipe::updateSprs()
                0x0000000008000420                Pipe::update()
                0x0000000008000444                Pipe::PipeVsPlayer(Player&)
 .text          0x000000000800046c      0x278 e_player.o
                0x000000000800046c                Player::Player()
                0x000000000800046c                Player::Player()
                0x0000000008000520                Player::~Player()
                0x0000000008000520                Player::~Player()
                0x0000000008000550                Player::update()
                0x0000000008000674                Player::updateSprites()
                0x00000000080006a4                Player::setTile(unsigned short)
 .text.startup  0x00000000080006e4       0x2c main.o
                0x00000000080006e4                main
 .text          0x0000000008000710      0x18c map.o
                0x0000000008000710                Map::Map(unsigned short, unsigned short const*, unsigned int, unsigned int, unsigned short, unsigned short, bool)
                0x0000000008000710                Map::Map(unsigned short, unsigned short const*, unsigned int, unsigned int, unsigned short, unsigned short, bool)
                0x0000000008000804                Map::~Map()
                0x0000000008000804                Map::~Map()
                0x0000000008000870                Map::update()
 .text          0x000000000800089c       0x5c scener.o
                0x000000000800089c                Scener::set(Scener::Scene&)
                0x00000000080008b4                Scener::update()
 .text          0x00000000080008f8      0x3c0 s_game.o
                0x00000000080008f8                Game::end()
                0x0000000008000990                Game::init()
                0x0000000008000b4c                Game::spawnPipes()
                0x0000000008000c10                Game::update()
 .text._ZNSt23_Sp_counted_ptr_inplaceI4PipeSaIvELN9__gnu_cxx12_Lock_policyE0EED2Ev
                0x0000000008000cb8        0x4 s_game.o
                0x0000000008000cb8                std::_Sp_counted_ptr_inplace<Pipe, std::allocator<void>, (__gnu_cxx::_Lock_policy)0>::~_Sp_counted_ptr_inplace()
                0x0000000008000cb8                std::_Sp_counted_ptr_inplace<Pipe, std::allocator<void>, (__gnu_cxx::_Lock_policy)0>::~_Sp_counted_ptr_inplace()
 .text._ZNSt23_Sp_counted_ptr_inplaceI3MapSaIvELN9__gnu_cxx12_Lock_policyE0EED2Ev
                0x0000000008000cbc        0x4 s_game.o
                0x0000000008000cbc                std::_Sp_counted_ptr_inplace<Map, std::allocator<void>, (__gnu_cxx::_Lock_policy)0>::~_Sp_counted_ptr_inplace()
                0x0000000008000cbc                std::_Sp_counted_ptr_inplace<Map, std::allocator<void>, (__gnu_cxx::_Lock_policy)0>::~_Sp_counted_ptr_inplace()
 .text._ZNSt23_Sp_counted_ptr_inplaceI6PlayerSaIvELN9__gnu_cxx12_Lock_policyE0EED2Ev
                0x0000000008000cc0        0x4 s_game.o
                0x0000000008000cc0                std::_Sp_counted_ptr_inplace<Player, std::allocator<void>, (__gnu_cxx::_Lock_policy)0>::~_Sp_counted_ptr_inplace()
                0x0000000008000cc0                std::_Sp_counted_ptr_inplace<Player, std::allocator<void>, (__gnu_cxx::_Lock_policy)0>::~_Sp_counted_ptr_inplace()
 .text._ZNSt23_Sp_counted_ptr_inplaceI6PlayerSaIvELN9__gnu_cxx12_Lock_policyE0EE14_M_get_deleterERKSt9type_info
                0x0000000008000cc4       0x28 s_game.o
                0x0000000008000cc4                std::_Sp_counted_ptr_inplace<Player, std::allocator<void>, (__gnu_cxx::_Lock_policy)0>::_M_get_deleter(std::type_info const&)
 .text._ZNSt23_Sp_counted_ptr_inplaceI3MapSaIvELN9__gnu_cxx12_Lock_policyE0EE14_M_get_deleterERKSt9type_info
                0x0000000008000cec       0x28 s_game.o
                0x0000000008000cec                std::_Sp_counted_ptr_inplace<Map, std::allocator<void>, (__gnu_cxx::_Lock_policy)0>::_M_get_deleter(std::type_info const&)
 .text._ZNSt23_Sp_counted_ptr_inplaceI4PipeSaIvELN9__gnu_cxx12_Lock_policyE0EE14_M_get_deleterERKSt9type_info
                0x0000000008000d14       0x28 s_game.o
                0x0000000008000d14                std::_Sp_counted_ptr_inplace<Pipe, std::allocator<void>, (__gnu_cxx::_Lock_policy)0>::_M_get_deleter(std::type_info const&)
 .text._ZNSt23_Sp_counted_ptr_inplaceI6PlayerSaIvELN9__gnu_cxx12_Lock_policyE0EE10_M_disposeEv
                0x0000000008000d3c       0x10 s_game.o
                0x0000000008000d3c                std::_Sp_counted_ptr_inplace<Player, std::allocator<void>, (__gnu_cxx::_Lock_policy)0>::_M_dispose()
 .text._ZNSt23_Sp_counted_ptr_inplaceI6PlayerSaIvELN9__gnu_cxx12_Lock_policyE0EED0Ev
                0x0000000008000d4c       0x14 s_game.o
                0x0000000008000d4c                std::_Sp_counted_ptr_inplace<Player, std::allocator<void>, (__gnu_cxx::_Lock_policy)0>::~_Sp_counted_ptr_inplace()
 .text._ZNSt23_Sp_counted_ptr_inplaceI4PipeSaIvELN9__gnu_cxx12_Lock_policyE0EED0Ev
                0x0000000008000d60       0x14 s_game.o
                0x0000000008000d60                std::_Sp_counted_ptr_inplace<Pipe, std::allocator<void>, (__gnu_cxx::_Lock_policy)0>::~_Sp_counted_ptr_inplace()
 .text._ZNSt23_Sp_counted_ptr_inplaceI3MapSaIvELN9__gnu_cxx12_Lock_policyE0EED0Ev
                0x0000000008000d74       0x14 s_game.o
                0x0000000008000d74                std::_Sp_counted_ptr_inplace<Map, std::allocator<void>, (__gnu_cxx::_Lock_policy)0>::~_Sp_counted_ptr_inplace()
 .text._ZNSt23_Sp_counted_ptr_inplaceI6PlayerSaIvELN9__gnu_cxx12_Lock_policyE0EE10_M_destroyEv
                0x0000000008000d88       0x10 s_game.o
                0x0000000008000d88                std::_Sp_counted_ptr_inplace<Player, std::allocator<void>, (__gnu_cxx::_Lock_policy)0>::_M_destroy()
 .text._ZNSt23_Sp_counted_ptr_inplaceI3MapSaIvELN9__gnu_cxx12_Lock_policyE0EE10_M_destroyEv
                0x0000000008000d98       0x10 s_game.o
                0x0000000008000d98                std::_Sp_counted_ptr_inplace<Map, std::allocator<void>, (__gnu_cxx::_Lock_policy)0>::_M_destroy()
 .text._ZNSt23_Sp_counted_ptr_inplaceI4PipeSaIvELN9__gnu_cxx12_Lock_policyE0EE10_M_destroyEv
                0x0000000008000da8       0x10 s_game.o
                0x0000000008000da8                std::_Sp_counted_ptr_inplace<Pipe, std::allocator<void>, (__gnu_cxx::_Lock_policy)0>::_M_destroy()
 .text._ZNSt23_Sp_counted_ptr_inplaceI4PipeSaIvELN9__gnu_cxx12_Lock_policyE0EE10_M_disposeEv
                0x0000000008000db8       0x10 s_game.o
                0x0000000008000db8                std::_Sp_counted_ptr_inplace<Pipe, std::allocator<void>, (__gnu_cxx::_Lock_policy)0>::_M_dispose()
 .text._ZNSt23_Sp_counted_ptr_inplaceI3MapSaIvELN9__gnu_cxx12_Lock_policyE0EE10_M_disposeEv
                0x0000000008000dc8       0x10 s_game.o
                0x0000000008000dc8                std::_Sp_counted_ptr_inplace<Map, std::allocator<void>, (__gnu_cxx::_Lock_policy)0>::_M_dispose()
 .text._ZNSt6vectorI4PipeSaIS0_EE17_M_realloc_insertIJRKS0_EEEvN9__gnu_cxx17__normal_iteratorIPS0_S2_EEDpOT_
                0x0000000008000dd8      0x128 s_game.o
                0x0000000008000dd8                void std::vector<Pipe, std::allocator<Pipe> >::_M_realloc_insert<Pipe const&>(__gnu_cxx::__normal_iterator<Pipe*, std::vector<Pipe, std::allocator<Pipe> > >, Pipe const&)
 .text.startup  0x0000000008000f00       0x10 s_game.o
 .text.exit     0x0000000008000f10       0xa0 s_game.o
 .text          0x0000000008000fb0       0x64 mgba.o
                0x0000000008000fb0                mgba_printf
                0x0000000008000fe8                mgba_open
                0x0000000008001008                mgba_close
 .text          0x0000000008001014      0x35c sprites.o
                0x0000000008001014                T_initObjs
                0x0000000008001058                T_removeObj
                0x00000000080010a0                T_updateObjs
                0x00000000080011e4                T_objVsObj
                0x000000000800124c                _setGfxObj
                0x00000000080012a4                T_addObj
 .text          0x0000000008001370      0x354 /opt/devkitpro/libtonc/lib/libtonc.a(tonc_irq.o)
                0x0000000008001370                irq_init
                0x00000000080013b4                irq_set_master
                0x00000000080013e0                irq_set
                0x0000000008001508                irq_add
                0x0000000008001580                irq_delete
                0x0000000008001634                irq_enable
                0x000000000800167c                irq_disable
 .text          0x00000000080016c4      0x1c4 /opt/devkitpro/libtonc/lib/libtonc.a(tonc_core.o)
                0x00000000080016c4                tonccpy
                0x0000000008001774                __toncset
                0x0000000008001804                sqran
                0x0000000008001814                octant
                0x0000000008001834                octant_rot
 .text          0x0000000008001888       0xa8 /opt/devkitpro/libtonc/lib/libtonc.a(tonc_input.o)
                0x0000000008001888                key_poll
                0x00000000080018dc                key_wait_till_hit
                0x0000000008001900                key_repeat
                0x000000000800190c                key_repeat_mask
                0x000000000800191c                key_repeat_limits
 .text          0x0000000008001930      0x164 /opt/devkitpro/libtonc/lib/libtonc.a(tte_init_se.o)
                0x0000000008001930                tte_init_se
 .text          0x0000000008001a94       0x8c /opt/devkitpro/libtonc/lib/libtonc.a(tonc_bios.o)
                0x0000000008001a94                SoftReset
                0x0000000008001a98                RegisterRamReset
                0x0000000008001a9c                Halt
                0x0000000008001aa0                Stop
                0x0000000008001aa4                IntrWait
                0x0000000008001aa8                VBlankIntrWait
                0x0000000008001aac                Div
                0x0000000008001ab0                DivArm
                0x0000000008001ab4                Sqrt
                0x0000000008001ab8                ArcTan
                0x0000000008001abc                ArcTan2
                0x0000000008001ac0                CpuSet
                0x0000000008001ac4                CpuFastSet
                0x0000000008001ac8                BiosCheckSum
                0x0000000008001acc                BgAffineSet
                0x0000000008001ad0                ObjAffineSet
                0x0000000008001ad4                BitUnPack
                0x0000000008001ad8                LZ77UnCompWram
                0x0000000008001adc                LZ77UnCompVram
                0x0000000008001ae0                HuffUnComp
                0x0000000008001ae4                RLUnCompWram
                0x0000000008001ae8                RLUnCompVram
                0x0000000008001aec                Diff8bitUnFilterWram
                0x0000000008001af0                Diff8bitUnFilterVram
                0x0000000008001af4                Diff16bitUnFilter
                0x0000000008001af8                SoundBias
                0x0000000008001afc                SoundDriverInit
                0x0000000008001b00                SoundDriverMode
                0x0000000008001b04                SoundDriverMain
                0x0000000008001b08                SoundDriverVSync
                0x0000000008001b0c                SoundChannelClear
                0x0000000008001b10                MidiKey2Freq
                0x0000000008001b14                MultiBoot
                0x0000000008001b18                SoundDriverVSyncOff
                0x0000000008001b1c                SoundDriverVSyncOn
 .text          0x0000000008001b20       0x44 /opt/devkitpro/libtonc/lib/libtonc.a(tonc_memcpy.o)
                0x0000000008001b20                memcpy16
 .text          0x0000000008001b64       0x3c /opt/devkitpro/libtonc/lib/libtonc.a(tonc_memset.o)
                0x0000000008001b64                memset16
 .text          0x0000000008001ba0      0x16c /opt/devkitpro/libtonc/lib/libtonc.a(tonc_surface.o)
                0x0000000008001ba0                srf_init
                0x0000000008001c68                srf_pal_copy
                0x0000000008001c90                srf_get_ptr
 .text          0x0000000008001d0c      0x958 /opt/devkitpro/libtonc/lib/libtonc.a(tte_main.o)
                0x0000000008001d0c                dummy_drawg
                0x0000000008001d10                dummy_erase
                0x0000000008001d14                tte_set_context
                0x0000000008001d2c                tte_set_color_attr
                0x0000000008001d3c                tte_set_color_attrs
                0x0000000008001d58                tte_set_color
                0x0000000008001d78                tte_set_colors
                0x0000000008001db8                tte_init_base
                0x0000000008001e4c                utf8_decode_char
                0x0000000008001f00                tte_cmd_skip
                0x0000000008001f10                tte_cmd_next
                0x0000000008001f48                tte_putc
                0x0000000008001f98                tte_erase_rect
                0x0000000008001fb4                tte_erase_screen
                0x0000000008001fd8                tte_erase_line
                0x0000000008002000                tte_cmd_default
                0x0000000008002454                tte_write
                0x0000000008002540                tte_write_ex
                0x0000000008002570                tte_get_text_size
                0x0000000008002644                tte_set_margins
 .text          0x0000000008002664      0x174 /opt/devkitpro/libtonc/lib/libtonc.a(se_drawg.o)
                0x0000000008002664                se_erase
                0x0000000008002690                se_drawg_w8h8
                0x00000000080026c0                se_drawg_w8h16
                0x0000000008002700                se_drawg
                0x000000000800276c                se_drawg_s
 .text          0x00000000080027d8       0x54 /opt/devkitpro/libtonc/lib/libtonc.a(tonc_bios_ex.o)
                0x00000000080027d8                VBlankIntrDelay
                0x00000000080027e8                DivSafe
                0x00000000080027fc                Mod
                0x0000000008002804                DivAbs
                0x000000000800280c                DivArmMod
                0x0000000008002814                DivArmAbs
                0x000000000800281c                CpuFastFill
 .text          0x000000000800282c      0x4cc /opt/devkitpro/libtonc/lib/libtonc.a(tonc_sbmp16.o)
                0x000000000800282c                sbmp16_get_pixel
                0x000000000800283c                sbmp16_plot
                0x0000000008002850                sbmp16_vline
                0x0000000008002888                sbmp16_line
                0x0000000008002944                sbmp16_hline
                0x0000000008002974                sbmp16_blit
                0x0000000008002abc                sbmp16_rect
                0x0000000008002b28                sbmp16_frame
                0x0000000008002bb8                sbmp16_floodfill_internal
                0x0000000008002ccc                sbmp16_floodfill
 .text._ZdlPvj  0x0000000008002cf8        0xc /opt/devkitpro/devkitARM/bin/../lib/gcc/arm-none-eabi/12.2.0/../../../../arm-none-eabi/lib/thumb/libstdc++.a(del_ops.o)
                0x0000000008002cf8                operator delete(void*, unsigned int)
 .text._Znwj    0x0000000008002d04       0x48 /opt/devkitpro/devkitARM/bin/../lib/gcc/arm-none-eabi/12.2.0/../../../../arm-none-eabi/lib/thumb/libstdc++.a(new_op.o)
                0x0000000008002d04                operator new(unsigned int)
 .text.unlikely._ZSt19__throw_logic_errorPKc
                0x0000000008002d4c       0x30 /opt/devkitpro/devkitARM/bin/../lib/gcc/arm-none-eabi/12.2.0/../../../../arm-none-eabi/lib/thumb/libstdc++.a(functexcept.o)
                0x0000000008002d4c                std::__throw_logic_error(char const*)
 .text.unlikely._ZSt20__throw_length_errorPKc
                0x0000000008002d7c       0x30 /opt/devkitpro/devkitARM/bin/../lib/gcc/arm-none-eabi/12.2.0/../../../../arm-none-eabi/lib/thumb/libstdc++.a(functexcept.o)
                0x0000000008002d7c                std::__throw_length_error(char const*)
 .text._ZNSt19_Sp_make_shared_tag5_S_eqERKSt9type_info
                0x0000000008002dac       0x14 /opt/devkitpro/devkitARM/bin/../lib/gcc/arm-none-eabi/12.2.0/../../../../arm-none-eabi/lib/thumb/libstdc++.a(shared_ptr.o)
                0x0000000008002dac                std::_Sp_make_shared_tag::_S_eq(std::type_info const&)
 .text._ZNKSt9bad_alloc4whatEv
                0x0000000008002dc0        0x8 /opt/devkitpro/devkitARM/bin/../lib/gcc/arm-none-eabi/12.2.0/../../../../arm-none-eabi/lib/thumb/libstdc++.a(bad_alloc.o)
                0x0000000008002dc0                std::bad_alloc::what() const
 .text._ZNSt9bad_allocD2Ev
                0x0000000008002dc8       0x18 /opt/devkitpro/devkitARM/bin/../lib/gcc/arm-none-eabi/12.2.0/../../../../arm-none-eabi/lib/thumb/libstdc++.a(bad_alloc.o)
                0x0000000008002dc8                std::bad_alloc::~bad_alloc()
                0x0000000008002dc8                std::bad_alloc::~bad_alloc()
 .text._ZNSt9bad_allocD0Ev
                0x0000000008002de0       0x20 /opt/devkitpro/devkitARM/bin/../lib/gcc/arm-none-eabi/12.2.0/../../../../arm-none-eabi/lib/thumb/libstdc++.a(bad_alloc.o)
                0x0000000008002de0                std::bad_alloc::~bad_alloc()
 .text._ZNK10__cxxabiv117__class_type_info11__do_upcastEPKS0_PPv
                0x0000000008002e00       0x3c /opt/devkitpro/devkitARM/bin/../lib/gcc/arm-none-eabi/12.2.0/../../../../arm-none-eabi/lib/thumb/libstdc++.a(class_type_info.o)
                0x0000000008002e00                __cxxabiv1::__class_type_info::__do_upcast(__cxxabiv1::__class_type_info const*, void**) const
 .text._ZNK10__cxxabiv117__class_type_info20__do_find_public_srcEiPKvPKS0_S2_
                0x0000000008002e3c       0x14 /opt/devkitpro/devkitARM/bin/../lib/gcc/arm-none-eabi/12.2.0/../../../../arm-none-eabi/lib/thumb/libstdc++.a(class_type_info.o)
                0x0000000008002e3c                __cxxabiv1::__class_type_info::__do_find_public_src(int, void const*, __cxxabiv1::__class_type_info const*, void const*) const
 .text._ZN10__cxxabiv117__class_type_infoD2Ev
                0x0000000008002e50       0x18 /opt/devkitpro/devkitARM/bin/../lib/gcc/arm-none-eabi/12.2.0/../../../../arm-none-eabi/lib/thumb/libstdc++.a(class_type_info.o)
                0x0000000008002e50                __cxxabiv1::__class_type_info::~__class_type_info()
                0x0000000008002e50                __cxxabiv1::__class_type_info::~__class_type_info()
 .text._ZN10__cxxabiv117__class_type_infoD0Ev
                0x0000000008002e68       0x20 /opt/devkitpro/devkitARM/bin/../lib/gcc/arm-none-eabi/12.2.0/../../../../arm-none-eabi/lib/thumb/libstdc++.a(class_type_info.o)
                0x0000000008002e68                __cxxabiv1::__class_type_info::~__class_type_info()
 .text._ZNK10__cxxabiv117__class_type_info12__do_dyncastEiNS0_10__sub_kindEPKS0_PKvS3_S5_RNS0_16__dyncast_resultE
                0x0000000008002e88       0x44 /opt/devkitpro/devkitARM/bin/../lib/gcc/arm-none-eabi/12.2.0/../../../../arm-none-eabi/lib/thumb/libstdc++.a(class_type_info.o)
                0x0000000008002e88                __cxxabiv1::__class_type_info::__do_dyncast(int, __cxxabiv1::__class_type_info::__sub_kind, __cxxabiv1::__class_type_info const*, void const*, __cxxabiv1::__class_type_info const*, void const*, __cxxabiv1::__class_type_info::__dyncast_result&) const
 .text._ZNK10__cxxabiv117__class_type_info11__do_upcastEPKS0_PKvRNS0_15__upcast_resultE
                0x0000000008002ecc       0x20 /opt/devkitpro/devkitARM/bin/../lib/gcc/arm-none-eabi/12.2.0/../../../../arm-none-eabi/lib/thumb/libstdc++.a(class_type_info.o)
                0x0000000008002ecc                __cxxabiv1::__class_type_info::__do_upcast(__cxxabiv1::__class_type_info const*, void const*, __cxxabiv1::__class_type_info::__upcast_result&) const
 .text._ZNK10__cxxabiv117__class_type_info10__do_catchEPKSt9type_infoPPvj
                0x0000000008002eec       0x2c /opt/devkitpro/devkitARM/bin/../lib/gcc/arm-none-eabi/12.2.0/../../../../arm-none-eabi/lib/thumb/libstdc++.a(class_type_info.o)
                0x0000000008002eec                __cxxabiv1::__class_type_info::__do_catch(std::type_info const*, void**, unsigned int) const
 .text._ZdlPv   0x0000000008002f18        0xc /opt/devkitpro/devkitARM/bin/../lib/gcc/arm-none-eabi/12.2.0/../../../../arm-none-eabi/lib/thumb/libstdc++.a(del_op.o)
                0x0000000008002f18                operator delete(void*)
 .text._ZN12_GLOBAL__N_14pool4freeEPv.constprop.0
                0x0000000008002f24       0x70 /opt/devkitpro/devkitARM/bin/../lib/gcc/arm-none-eabi/12.2.0/../../../../arm-none-eabi/lib/thumb/libstdc++.a(eh_alloc.o)
 .text._ZN12_GLOBAL__N_14pool8allocateEj.constprop.0
                0x0000000008002f94       0x54 /opt/devkitpro/devkitARM/bin/../lib/gcc/arm-none-eabi/12.2.0/../../../../arm-none-eabi/lib/thumb/libstdc++.a(eh_alloc.o)
 .text.__cxa_allocate_exception
                0x0000000008002fe8       0x30 /opt/devkitpro/devkitARM/bin/../lib/gcc/arm-none-eabi/12.2.0/../../../../arm-none-eabi/lib/thumb/libstdc++.a(eh_alloc.o)
                0x0000000008002fe8                __cxa_allocate_exception
 .text.__cxa_free_exception
                0x0000000008003018       0x28 /opt/devkitpro/devkitARM/bin/../lib/gcc/arm-none-eabi/12.2.0/../../../../arm-none-eabi/lib/thumb/libstdc++.a(eh_alloc.o)
                0x0000000008003018                __cxa_free_exception
 .text.startup._GLOBAL__sub_I__ZN9__gnu_cxx9__freeresEv
                0x0000000008003040       0x2c /opt/devkitpro/devkitARM/bin/../lib/gcc/arm-none-eabi/12.2.0/../../../../arm-none-eabi/lib/thumb/libstdc++.a(eh_alloc.o)
 .text.__cxa_end_cleanup
                0x000000000800306c        0xc /opt/devkitpro/devkitARM/bin/../lib/gcc/arm-none-eabi/12.2.0/../../../../arm-none-eabi/lib/thumb/libstdc++.a(eh_arm.o)
                0x000000000800306c                __cxa_end_cleanup
 .text.__cxa_type_match
                0x0000000008003078       0xc8 /opt/devkitpro/devkitARM/bin/../lib/gcc/arm-none-eabi/12.2.0/../../../../arm-none-eabi/lib/thumb/libstdc++.a(eh_arm.o)
                0x0000000008003078                __cxa_type_match
 .text.__cxa_begin_cleanup
                0x0000000008003140       0x64 /opt/devkitpro/devkitARM/bin/../lib/gcc/arm-none-eabi/12.2.0/../../../../arm-none-eabi/lib/thumb/libstdc++.a(eh_arm.o)
                0x0000000008003140                __cxa_begin_cleanup
 .text.__gnu_end_cleanup
                0x00000000080031a4       0x74 /opt/devkitpro/devkitARM/bin/../lib/gcc/arm-none-eabi/12.2.0/../../../../arm-none-eabi/lib/thumb/libstdc++.a(eh_arm.o)
                0x00000000080031a4                __gnu_end_cleanup
 .text._ZNSt9exceptionD2Ev
                0x0000000008003218        0x4 /opt/devkitpro/devkitARM/bin/../lib/gcc/arm-none-eabi/12.2.0/../../../../arm-none-eabi/lib/thumb/libstdc++.a(eh_exception.o)
                0x0000000008003218                std::exception::~exception()
                0x0000000008003218                std::exception::~exception()
 .text._ZNSt13bad_exceptionD2Ev
                0x000000000800321c        0x4 /opt/devkitpro/devkitARM/bin/../lib/gcc/arm-none-eabi/12.2.0/../../../../arm-none-eabi/lib/thumb/libstdc++.a(eh_exception.o)
                0x000000000800321c                std::bad_exception::~bad_exception()
                0x000000000800321c                std::bad_exception::~bad_exception()
 .text._ZNKSt13bad_exception4whatEv
                0x0000000008003220        0x8 /opt/devkitpro/devkitARM/bin/../lib/gcc/arm-none-eabi/12.2.0/../../../../arm-none-eabi/lib/thumb/libstdc++.a(eh_exception.o)
                0x0000000008003220                transaction clone for std::bad_exception::what() const
                0x0000000008003220                std::bad_exception::what() const
 .text._ZNSt13bad_exceptionD0Ev
                0x0000000008003228       0x14 /opt/devkitpro/devkitARM/bin/../lib/gcc/arm-none-eabi/12.2.0/../../../../arm-none-eabi/lib/thumb/libstdc++.a(eh_exception.o)
                0x0000000008003228                std::bad_exception::~bad_exception()
 .text.__cxa_get_globals_fast
                0x000000000800323c        0x8 /opt/devkitpro/devkitARM/bin/../lib/gcc/arm-none-eabi/12.2.0/../../../../arm-none-eabi/lib/thumb/libstdc++.a(eh_globals.o)
                0x000000000800323c                __cxa_get_globals_fast
 .text.__cxa_get_globals
                0x0000000008003244        0x8 /opt/devkitpro/devkitARM/bin/../lib/gcc/arm-none-eabi/12.2.0/../../../../arm-none-eabi/lib/thumb/libstdc++.a(eh_globals.o)
                0x0000000008003244                __cxa_get_globals
 .text._ZL28read_encoded_value_with_basehjPKhPj
                0x000000000800324c      0x104 /opt/devkitpro/devkitARM/bin/../lib/gcc/arm-none-eabi/12.2.0/../../../../arm-none-eabi/lib/thumb/libstdc++.a(eh_personality.o)
 .text._ZL21base_of_encoded_valuehP15_Unwind_Context
                0x0000000008003350       0x44 /opt/devkitpro/devkitARM/bin/../lib/gcc/arm-none-eabi/12.2.0/../../../../arm-none-eabi/lib/thumb/libstdc++.a(eh_personality.o)
 .text._ZL17parse_lsda_headerP15_Unwind_ContextPKhP16lsda_header_info
                0x0000000008003394       0x94 /opt/devkitpro/devkitARM/bin/../lib/gcc/arm-none-eabi/12.2.0/../../../../arm-none-eabi/lib/thumb/libstdc++.a(eh_personality.o)
 .text.__gxx_personality_v0
                0x0000000008003428      0x49c /opt/devkitpro/devkitARM/bin/../lib/gcc/arm-none-eabi/12.2.0/../../../../arm-none-eabi/lib/thumb/libstdc++.a(eh_personality.o)
                0x0000000008003428                __gxx_personality_v0
 .text._ZN10__cxxabiv111__terminateEPFvvE
                0x00000000080038c4       0x14 /opt/devkitpro/devkitARM/bin/../lib/gcc/arm-none-eabi/12.2.0/../../../../arm-none-eabi/lib/thumb/libstdc++.a(eh_terminate.o)
                0x00000000080038c4                __cxxabiv1::__terminate(void (*)())
 .text._ZSt9terminatev
                0x00000000080038d8       0x10 /opt/devkitpro/devkitARM/bin/../lib/gcc/arm-none-eabi/12.2.0/../../../../arm-none-eabi/lib/thumb/libstdc++.a(eh_terminate.o)
                0x00000000080038d8                std::terminate()
 .text._ZN10__cxxabiv112__unexpectedEPFvvE
                0x00000000080038e8        0xc /opt/devkitpro/devkitARM/bin/../lib/gcc/arm-none-eabi/12.2.0/../../../../arm-none-eabi/lib/thumb/libstdc++.a(eh_terminate.o)
                0x00000000080038e8                __cxxabiv1::__unexpected(void (*)())
 .text._ZSt10unexpectedv
                0x00000000080038f4       0x10 /opt/devkitpro/devkitARM/bin/../lib/gcc/arm-none-eabi/12.2.0/../../../../arm-none-eabi/lib/thumb/libstdc++.a(eh_terminate.o)
                0x00000000080038f4                std::unexpected()
 .text._ZSt13get_terminatev
                0x0000000008003904        0xc /opt/devkitpro/devkitARM/bin/../lib/gcc/arm-none-eabi/12.2.0/../../../../arm-none-eabi/lib/thumb/libstdc++.a(eh_terminate.o)
                0x0000000008003904                std::get_terminate()
 .text._ZSt14get_unexpectedv
                0x0000000008003910        0xc /opt/devkitpro/devkitARM/bin/../lib/gcc/arm-none-eabi/12.2.0/../../../../arm-none-eabi/lib/thumb/libstdc++.a(eh_terminate.o)
                0x0000000008003910                std::get_unexpected()
 .text._ZL23__gxx_exception_cleanup19_Unwind_Reason_CodeP21_Unwind_Control_Block
                0x000000000800391c       0x3c /opt/devkitpro/devkitARM/bin/../lib/gcc/arm-none-eabi/12.2.0/../../../../arm-none-eabi/lib/thumb/libstdc++.a(eh_throw.o)
 .text.__cxa_init_primary_exception
                0x0000000008003958       0x50 /opt/devkitpro/devkitARM/bin/../lib/gcc/arm-none-eabi/12.2.0/../../../../arm-none-eabi/lib/thumb/libstdc++.a(eh_throw.o)
                0x0000000008003958                __cxa_init_primary_exception
 .text.__cxa_throw
                0x00000000080039a8       0x34 /opt/devkitpro/devkitARM/bin/../lib/gcc/arm-none-eabi/12.2.0/../../../../arm-none-eabi/lib/thumb/libstdc++.a(eh_throw.o)
                0x00000000080039a8                __cxa_throw
 .text.__cxa_rethrow
                0x00000000080039dc       0x70 /opt/devkitpro/devkitARM/bin/../lib/gcc/arm-none-eabi/12.2.0/../../../../arm-none-eabi/lib/thumb/libstdc++.a(eh_throw.o)
                0x00000000080039dc                __cxa_rethrow
 .text._ZSt15get_new_handlerv
                0x0000000008003a4c        0xc /opt/devkitpro/devkitARM/bin/../lib/gcc/arm-none-eabi/12.2.0/../../../../arm-none-eabi/lib/thumb/libstdc++.a(new_handler.o)
                0x0000000008003a4c                std::get_new_handler()
 .text._ZN10__cxxabiv120__si_class_type_infoD2Ev
                0x0000000008003a58       0x18 /opt/devkitpro/devkitARM/bin/../lib/gcc/arm-none-eabi/12.2.0/../../../../arm-none-eabi/lib/thumb/libstdc++.a(si_class_type_info.o)
                0x0000000008003a58                __cxxabiv1::__si_class_type_info::~__si_class_type_info()
                0x0000000008003a58                __cxxabiv1::__si_class_type_info::~__si_class_type_info()
 .text._ZN10__cxxabiv120__si_class_type_infoD0Ev
                0x0000000008003a70       0x20 /opt/devkitpro/devkitARM/bin/../lib/gcc/arm-none-eabi/12.2.0/../../../../arm-none-eabi/lib/thumb/libstdc++.a(si_class_type_info.o)
                0x0000000008003a70                __cxxabiv1::__si_class_type_info::~__si_class_type_info()
 .text._ZNK10__cxxabiv120__si_class_type_info20__do_find_public_srcEiPKvPKNS_17__class_type_infoES2_
                0x0000000008003a90       0x40 /opt/devkitpro/devkitARM/bin/../lib/gcc/arm-none-eabi/12.2.0/../../../../arm-none-eabi/lib/thumb/libstdc++.a(si_class_type_info.o)
                0x0000000008003a90                __cxxabiv1::__si_class_type_info::__do_find_public_src(int, void const*, __cxxabiv1::__class_type_info const*, void const*) const
 .text._ZNK10__cxxabiv120__si_class_type_info12__do_dyncastEiNS_17__class_type_info10__sub_kindEPKS1_PKvS4_S6_RNS1_16__dyncast_resultE
                0x0000000008003ad0       0x90 /opt/devkitpro/devkitARM/bin/../lib/gcc/arm-none-eabi/12.2.0/../../../../arm-none-eabi/lib/thumb/libstdc++.a(si_class_type_info.o)
                0x0000000008003ad0                __cxxabiv1::__si_class_type_info::__do_dyncast(int, __cxxabiv1::__class_type_info::__sub_kind, __cxxabiv1::__class_type_info const*, void const*, __cxxabiv1::__class_type_info const*, void const*, __cxxabiv1::__class_type_info::__dyncast_result&) const
 .text._ZNK10__cxxabiv120__si_class_type_info11__do_upcastEPKNS_17__class_type_infoEPKvRNS1_15__upcast_resultE
                0x0000000008003b60       0x2c /opt/devkitpro/devkitARM/bin/../lib/gcc/arm-none-eabi/12.2.0/../../../../arm-none-eabi/lib/thumb/libstdc++.a(si_class_type_info.o)
                0x0000000008003b60                __cxxabiv1::__si_class_type_info::__do_upcast(__cxxabiv1::__class_type_info const*, void const*, __cxxabiv1::__class_type_info::__upcast_result&) const
 .text._ZNSt9type_infoD2Ev
                0x0000000008003b8c        0x4 /opt/devkitpro/devkitARM/bin/../lib/gcc/arm-none-eabi/12.2.0/../../../../arm-none-eabi/lib/thumb/libstdc++.a(tinfo.o)
                0x0000000008003b8c                std::type_info::~type_info()
                0x0000000008003b8c                std::type_info::~type_info()
 .text._ZNKSt9type_info14__is_pointer_pEv
                0x0000000008003b90        0x4 /opt/devkitpro/devkitARM/bin/../lib/gcc/arm-none-eabi/12.2.0/../../../../arm-none-eabi/lib/thumb/libstdc++.a(tinfo.o)
                0x0000000008003b90                std::type_info::__is_function_p() const
                0x0000000008003b90                std::type_info::__is_pointer_p() const
 .text._ZNKSt9type_infoeqERKS_
                0x0000000008003b94       0x30 /opt/devkitpro/devkitARM/bin/../lib/gcc/arm-none-eabi/12.2.0/../../../../arm-none-eabi/lib/thumb/libstdc++.a(tinfo.o)
                0x0000000008003b94                std::type_info::__equal(std::type_info const&) const
                0x0000000008003b94                std::type_info::operator==(std::type_info const&) const
 .text._ZNKSt11logic_error4whatEv
                0x0000000008003bc4        0x4 /opt/devkitpro/devkitARM/bin/../lib/gcc/arm-none-eabi/12.2.0/../../../../arm-none-eabi/lib/thumb/libstdc++.a(stdexcept.o)
                0x0000000008003bc4                std::runtime_error::what() const
                0x0000000008003bc4                std::logic_error::what() const
 .text._ZNSt11logic_errorD2Ev
                0x0000000008003bc8       0x44 /opt/devkitpro/devkitARM/bin/../lib/gcc/arm-none-eabi/12.2.0/../../../../arm-none-eabi/lib/thumb/libstdc++.a(stdexcept.o)
                0x0000000008003bc8                std::logic_error::~logic_error()
                0x0000000008003bc8                std::logic_error::~logic_error()
 .text._ZNSt12length_errorD2Ev
                0x0000000008003c0c       0x44 /opt/devkitpro/devkitARM/bin/../lib/gcc/arm-none-eabi/12.2.0/../../../../arm-none-eabi/lib/thumb/libstdc++.a(stdexcept.o)
                0x0000000008003c0c                std::length_error::~length_error()
                0x0000000008003c0c                std::length_error::~length_error()
 .text._ZNSt11logic_errorD0Ev
                0x0000000008003c50       0x48 /opt/devkitpro/devkitARM/bin/../lib/gcc/arm-none-eabi/12.2.0/../../../../arm-none-eabi/lib/thumb/libstdc++.a(stdexcept.o)
                0x0000000008003c50                std::logic_error::~logic_error()
 .text._ZNSt12length_errorD0Ev
                0x0000000008003c98       0x48 /opt/devkitpro/devkitARM/bin/../lib/gcc/arm-none-eabi/12.2.0/../../../../arm-none-eabi/lib/thumb/libstdc++.a(stdexcept.o)
                0x0000000008003c98                std::length_error::~length_error()
 .text._ZNSt11logic_errorC2EPKc
                0x0000000008003ce0       0x8c /opt/devkitpro/devkitARM/bin/../lib/gcc/arm-none-eabi/12.2.0/../../../../arm-none-eabi/lib/thumb/libstdc++.a(cow-stdexcept.o)
                0x0000000008003ce0                std::logic_error::logic_error(char const*)
                0x0000000008003ce0                std::logic_error::logic_error(char const*)
 .text._ZNSt12length_errorC2EPKc
                0x0000000008003d6c       0x18 /opt/devkitpro/devkitARM/bin/../lib/gcc/arm-none-eabi/12.2.0/../../../../arm-none-eabi/lib/thumb/libstdc++.a(cow-stdexcept.o)
                0x0000000008003d6c                std::length_error::length_error(char const*)
                0x0000000008003d6c                std::length_error::length_error(char const*)
 .text._ZNSs4_Rep9_S_createEjjRKSaIcE
                0x0000000008003d84       0x5c /opt/devkitpro/devkitARM/bin/../lib/gcc/arm-none-eabi/12.2.0/../../../../arm-none-eabi/lib/thumb/libstdc++.a(cow-string-inst.o)
                0x0000000008003d84                std::string::_Rep::_S_create(unsigned int, unsigned int, std::allocator<char> const&)
 .text._ZNSs4_Rep10_M_destroyERKSaIcE
                0x0000000008003de0        0xc /opt/devkitpro/devkitARM/bin/../lib/gcc/arm-none-eabi/12.2.0/../../../../arm-none-eabi/lib/thumb/libstdc++.a(cow-string-inst.o)
                0x0000000008003de0                std::string::_Rep::_M_destroy(std::allocator<char> const&)
 .text._ZN10__cxxabiv1L24__is_gxx_exception_classEPc
                0x0000000008003dec       0x3c /opt/devkitpro/devkitARM/bin/../lib/gcc/arm-none-eabi/12.2.0/../../../../arm-none-eabi/lib/thumb/libstdc++.a(eh_call.o)
 .text.__cxa_call_terminate
                0x0000000008003e28       0x20 /opt/devkitpro/devkitARM/bin/../lib/gcc/arm-none-eabi/12.2.0/../../../../arm-none-eabi/lib/thumb/libstdc++.a(eh_call.o)
                0x0000000008003e28                __cxa_call_terminate
 .text.unlikely.__cxa_call_unexpected
                0x0000000008003e48       0xf0 /opt/devkitpro/devkitARM/bin/../lib/gcc/arm-none-eabi/12.2.0/../../../../arm-none-eabi/lib/thumb/libstdc++.a(eh_call.o)
                0x0000000008003e48                __cxa_call_unexpected
 .text.__cxa_begin_catch
                0x0000000008003f38       0x78 /opt/devkitpro/devkitARM/bin/../lib/gcc/arm-none-eabi/12.2.0/../../../../arm-none-eabi/lib/thumb/libstdc++.a(eh_catch.o)
                0x0000000008003f38                __cxa_begin_catch
 .text.__cxa_end_catch
                0x0000000008003fb0       0x94 /opt/devkitpro/devkitARM/bin/../lib/gcc/arm-none-eabi/12.2.0/../../../../arm-none-eabi/lib/thumb/libstdc++.a(eh_catch.o)
                0x0000000008003fb0                __cxa_end_catch
 .text          0x0000000008004044      0x11c /opt/devkitpro/devkitARM/bin/../lib/gcc/arm-none-eabi/12.2.0/thumb/libgcc.a(_udivsi3.o)
                0x0000000008004044                __udivsi3
                0x0000000008004044                __aeabi_uidiv
                0x0000000008004140                __aeabi_uidivmod
 .text          0x0000000008004160      0x150 /opt/devkitpro/devkitARM/bin/../lib/gcc/arm-none-eabi/12.2.0/thumb/libgcc.a(_divsi3.o)
                0x0000000008004160                __aeabi_idiv
                0x0000000008004160                __divsi3
                0x0000000008004290                __aeabi_idivmod
 .text          0x00000000080042b0        0x4 /opt/devkitpro/devkitARM/bin/../lib/gcc/arm-none-eabi/12.2.0/thumb/libgcc.a(_dvmd_tls.o)
                0x00000000080042b0                __aeabi_ldiv0
                0x00000000080042b0                __aeabi_idiv0
 .text.selfrel_offset31
                0x00000000080042b4       0x18 /opt/devkitpro/devkitARM/bin/../lib/gcc/arm-none-eabi/12.2.0/thumb/libgcc.a(unwind-arm.o)
 .text.search_EIT_table
                0x00000000080042cc       0x74 /opt/devkitpro/devkitARM/bin/../lib/gcc/arm-none-eabi/12.2.0/thumb/libgcc.a(unwind-arm.o)
 .text.__gnu_unwind_get_pr_addr
                0x0000000008004340       0x2c /opt/devkitpro/devkitARM/bin/../lib/gcc/arm-none-eabi/12.2.0/thumb/libgcc.a(unwind-arm.o)
 .text.get_eit_entry
                0x000000000800436c       0x90 /opt/devkitpro/devkitARM/bin/../lib/gcc/arm-none-eabi/12.2.0/thumb/libgcc.a(unwind-arm.o)
 .text.restore_non_core_regs
                0x00000000080043fc       0x5c /opt/devkitpro/devkitARM/bin/../lib/gcc/arm-none-eabi/12.2.0/thumb/libgcc.a(unwind-arm.o)
 .text._Unwind_decode_typeinfo_ptr.constprop.0
                0x0000000008004458        0xc /opt/devkitpro/devkitARM/bin/../lib/gcc/arm-none-eabi/12.2.0/thumb/libgcc.a(unwind-arm.o)
 .text._Unwind_DebugHook
                0x0000000008004464        0x4 /opt/devkitpro/devkitARM/bin/../lib/gcc/arm-none-eabi/12.2.0/thumb/libgcc.a(unwind-arm.o)
 .text.unwind_phase2
                0x0000000008004468       0x40 /opt/devkitpro/devkitARM/bin/../lib/gcc/arm-none-eabi/12.2.0/thumb/libgcc.a(unwind-arm.o)
 .text.unwind_phase2_forced
                0x00000000080044a8       0xd8 /opt/devkitpro/devkitARM/bin/../lib/gcc/arm-none-eabi/12.2.0/thumb/libgcc.a(unwind-arm.o)
 .text.__gnu_Unwind_RaiseException
                0x0000000008004580       0x58 /opt/devkitpro/devkitARM/bin/../lib/gcc/arm-none-eabi/12.2.0/thumb/libgcc.a(unwind-arm.o)
                0x0000000008004580                __gnu_Unwind_RaiseException
 .text.__gnu_Unwind_ForcedUnwind
                0x00000000080045d8       0x18 /opt/devkitpro/devkitARM/bin/../lib/gcc/arm-none-eabi/12.2.0/thumb/libgcc.a(unwind-arm.o)
                0x00000000080045d8                __gnu_Unwind_ForcedUnwind
 .text.__gnu_Unwind_Resume
                0x00000000080045f0       0x4c /opt/devkitpro/devkitARM/bin/../lib/gcc/arm-none-eabi/12.2.0/thumb/libgcc.a(unwind-arm.o)
                0x00000000080045f0                __gnu_Unwind_Resume
 .text.__gnu_Unwind_Resume_or_Rethrow
                0x000000000800463c       0x20 /opt/devkitpro/devkitARM/bin/../lib/gcc/arm-none-eabi/12.2.0/thumb/libgcc.a(unwind-arm.o)
                0x000000000800463c                __gnu_Unwind_Resume_or_Rethrow
 .text._Unwind_Complete
                0x000000000800465c        0x4 /opt/devkitpro/devkitARM/bin/../lib/gcc/arm-none-eabi/12.2.0/thumb/libgcc.a(unwind-arm.o)
                0x000000000800465c                _Unwind_Complete
 .text._Unwind_DeleteException
                0x0000000008004660       0x18 /opt/devkitpro/devkitARM/bin/../lib/gcc/arm-none-eabi/12.2.0/thumb/libgcc.a(unwind-arm.o)
                0x0000000008004660                _Unwind_DeleteException
 .text._Unwind_VRS_Get
                0x0000000008004678       0x38 /opt/devkitpro/devkitARM/bin/../lib/gcc/arm-none-eabi/12.2.0/thumb/libgcc.a(unwind-arm.o)
                0x0000000008004678                _Unwind_VRS_Get
 .text._Unwind_GetGR
                0x00000000080046b0       0x1c /opt/devkitpro/devkitARM/bin/../lib/gcc/arm-none-eabi/12.2.0/thumb/libgcc.a(unwind-arm.o)
 .text._Unwind_VRS_Set
                0x00000000080046cc       0x38 /opt/devkitpro/devkitARM/bin/../lib/gcc/arm-none-eabi/12.2.0/thumb/libgcc.a(unwind-arm.o)
                0x00000000080046cc                _Unwind_VRS_Set
 .text._Unwind_SetGR
                0x0000000008004704       0x1c /opt/devkitpro/devkitARM/bin/../lib/gcc/arm-none-eabi/12.2.0/thumb/libgcc.a(unwind-arm.o)
 .text.__gnu_Unwind_Backtrace
                0x0000000008004720       0x78 /opt/devkitpro/devkitARM/bin/../lib/gcc/arm-none-eabi/12.2.0/thumb/libgcc.a(unwind-arm.o)
                0x0000000008004720                __gnu_Unwind_Backtrace
 .text.__gnu_unwind_pr_common
                0x0000000008004798      0x2f0 /opt/devkitpro/devkitARM/bin/../lib/gcc/arm-none-eabi/12.2.0/thumb/libgcc.a(unwind-arm.o)
 .text.__aeabi_unwind_cpp_pr0
                0x0000000008004a88       0x10 /opt/devkitpro/devkitARM/bin/../lib/gcc/arm-none-eabi/12.2.0/thumb/libgcc.a(unwind-arm.o)
                0x0000000008004a88                __aeabi_unwind_cpp_pr0
 .text.__aeabi_unwind_cpp_pr1
                0x0000000008004a98       0x10 /opt/devkitpro/devkitARM/bin/../lib/gcc/arm-none-eabi/12.2.0/thumb/libgcc.a(unwind-arm.o)
                0x0000000008004a98                __aeabi_unwind_cpp_pr1
 .text.__aeabi_unwind_cpp_pr2
                0x0000000008004aa8       0x10 /opt/devkitpro/devkitARM/bin/../lib/gcc/arm-none-eabi/12.2.0/thumb/libgcc.a(unwind-arm.o)
                0x0000000008004aa8                __aeabi_unwind_cpp_pr2
 .text._Unwind_VRS_Pop
                0x0000000008004ab8      0x2bc /opt/devkitpro/devkitARM/bin/../lib/gcc/arm-none-eabi/12.2.0/thumb/libgcc.a(unwind-arm.o)
                0x0000000008004ab8                _Unwind_VRS_Pop
 .text          0x0000000008004d74      0x1d8 /opt/devkitpro/devkitARM/bin/../lib/gcc/arm-none-eabi/12.2.0/thumb/libgcc.a(libunwind.o)
                0x0000000008004d74                __restore_core_regs
                0x0000000008004d74                restore_core_regs
                0x0000000008004d90                __gnu_Unwind_Restore_VFP
                0x0000000008004d98                __gnu_Unwind_Save_VFP
                0x0000000008004da0                __gnu_Unwind_Restore_VFP_D
                0x0000000008004da8                __gnu_Unwind_Save_VFP_D
                0x0000000008004db0                __gnu_Unwind_Restore_VFP_D_16_to_31
                0x0000000008004db8                __gnu_Unwind_Save_VFP_D_16_to_31
                0x0000000008004dc0                __gnu_Unwind_Restore_WMMXD
                0x0000000008004e04                __gnu_Unwind_Save_WMMXD
                0x0000000008004e48                __gnu_Unwind_Restore_WMMXC
                0x0000000008004e5c                __gnu_Unwind_Save_WMMXC
                0x0000000008004e70                ___Unwind_RaiseException
                0x0000000008004e70                _Unwind_RaiseException
                0x0000000008004e9c                ___Unwind_Resume
                0x0000000008004e9c                _Unwind_Resume
                0x0000000008004ec8                _Unwind_Resume_or_Rethrow
                0x0000000008004ec8                ___Unwind_Resume_or_Rethrow
                0x0000000008004ef4                ___Unwind_ForcedUnwind
                0x0000000008004ef4                _Unwind_ForcedUnwind
                0x0000000008004f20                _Unwind_Backtrace
                0x0000000008004f20                ___Unwind_Backtrace
 .text.next_unwind_byte
                0x0000000008004f4c       0x34 /opt/devkitpro/devkitARM/bin/../lib/gcc/arm-none-eabi/12.2.0/thumb/libgcc.a(pr-support.o)
 .text._Unwind_GetGR.constprop.0
                0x0000000008004f80       0x1c /opt/devkitpro/devkitARM/bin/../lib/gcc/arm-none-eabi/12.2.0/thumb/libgcc.a(pr-support.o)
 .text.unwind_UCB_from_context
                0x0000000008004f9c        0xc /opt/devkitpro/devkitARM/bin/../lib/gcc/arm-none-eabi/12.2.0/thumb/libgcc.a(pr-support.o)
 .text.__gnu_unwind_execute
                0x0000000008004fa8      0x2d0 /opt/devkitpro/devkitARM/bin/../lib/gcc/arm-none-eabi/12.2.0/thumb/libgcc.a(pr-support.o)
                0x0000000008004fa8                __gnu_unwind_execute
 .text.__gnu_unwind_frame
                0x0000000008005278       0x2c /opt/devkitpro/devkitARM/bin/../lib/gcc/arm-none-eabi/12.2.0/thumb/libgcc.a(pr-support.o)
                0x0000000008005278                __gnu_unwind_frame
 .text._Unwind_GetRegionStart
                0x00000000080052a4       0x10 /opt/devkitpro/devkitARM/bin/../lib/gcc/arm-none-eabi/12.2.0/thumb/libgcc.a(pr-support.o)
                0x00000000080052a4                _Unwind_GetRegionStart
 .text._Unwind_GetLanguageSpecificData
                0x00000000080052b4       0x18 /opt/devkitpro/devkitARM/bin/../lib/gcc/arm-none-eabi/12.2.0/thumb/libgcc.a(pr-support.o)
                0x00000000080052b4                _Unwind_GetLanguageSpecificData
 .text.unlikely._Unwind_GetDataRelBase
                0x00000000080052cc        0x6 /opt/devkitpro/devkitARM/bin/../lib/gcc/arm-none-eabi/12.2.0/thumb/libgcc.a(pr-support.o)
                0x00000000080052cc                _Unwind_GetDataRelBase
 .text.unlikely._Unwind_GetTextRelBase
                0x00000000080052d2        0x6 /opt/devkitpro/devkitARM/bin/../lib/gcc/arm-none-eabi/12.2.0/thumb/libgcc.a(pr-support.o)
                0x00000000080052d2                _Unwind_GetTextRelBase
 .text.abort    0x00000000080052d8       0x10 /opt/devkitpro/devkitARM/bin/../lib/gcc/arm-none-eabi/12.2.0/../../../../arm-none-eabi/lib/thumb/libg.a(lib_a-abort.o)
                0x00000000080052d8                abort
 .text.__libc_init_array
                0x00000000080052e8       0x54 /opt/devkitpro/devkitARM/bin/../lib/gcc/arm-none-eabi/12.2.0/../../../../arm-none-eabi/lib/thumb/libg.a(lib_a-init.o)
                0x00000000080052e8                __libc_init_array
 .text.malloc   0x000000000800533c       0x14 /opt/devkitpro/devkitARM/bin/../lib/gcc/arm-none-eabi/12.2.0/../../../../arm-none-eabi/lib/thumb/libg.a(lib_a-malloc.o)
                0x000000000800533c                malloc
 .text.free     0x0000000008005350       0x14 /opt/devkitpro/devkitARM/bin/../lib/gcc/arm-none-eabi/12.2.0/../../../../arm-none-eabi/lib/thumb/libg.a(lib_a-malloc.o)
                0x0000000008005350                free
 .text._malloc_r
                0x0000000008005364      0x560 /opt/devkitpro/devkitARM/bin/../lib/gcc/arm-none-eabi/12.2.0/../../../../arm-none-eabi/lib/thumb/libg.a(lib_a-mallocr.o)
                0x0000000008005364                _malloc_r
 .text.memchr   0x00000000080058c4       0x78 /opt/devkitpro/devkitARM/bin/../lib/gcc/arm-none-eabi/12.2.0/../../../../arm-none-eabi/lib/thumb/libg.a(lib_a-memchr-stub.o)
                0x00000000080058c4                memchr
 .text.memcpy   0x000000000800593c       0x94 /opt/devkitpro/devkitARM/bin/../lib/gcc/arm-none-eabi/12.2.0/../../../../arm-none-eabi/lib/thumb/libg.a(lib_a-memcpy-stub.o)
                0x000000000800593c                memcpy
 .text.memmove  0x00000000080059d0       0xc0 /opt/devkitpro/devkitARM/bin/../lib/gcc/arm-none-eabi/12.2.0/../../../../arm-none-eabi/lib/thumb/libg.a(lib_a-memmove.o)
                0x00000000080059d0                memmove
 .text.memset   0x0000000008005a90       0xb0 /opt/devkitpro/devkitARM/bin/../lib/gcc/arm-none-eabi/12.2.0/../../../../arm-none-eabi/lib/thumb/libg.a(lib_a-memset.o)
                0x0000000008005a90                memset
 .text.__malloc_lock
                0x0000000008005b40       0x14 /opt/devkitpro/devkitARM/bin/../lib/gcc/arm-none-eabi/12.2.0/../../../../arm-none-eabi/lib/thumb/libg.a(lib_a-mlock.o)
                0x0000000008005b40                __malloc_lock
 .text.__malloc_unlock
                0x0000000008005b54       0x14 /opt/devkitpro/devkitARM/bin/../lib/gcc/arm-none-eabi/12.2.0/../../../../arm-none-eabi/lib/thumb/libg.a(lib_a-mlock.o)
                0x0000000008005b54                __malloc_unlock
 .text._raise_r
                0x0000000008005b68       0x60 /opt/devkitpro/devkitARM/bin/../lib/gcc/arm-none-eabi/12.2.0/../../../../arm-none-eabi/lib/thumb/libg.a(lib_a-signal.o)
                0x0000000008005b68                _raise_r
 .text.raise    0x0000000008005bc8       0x14 /opt/devkitpro/devkitARM/bin/../lib/gcc/arm-none-eabi/12.2.0/../../../../arm-none-eabi/lib/thumb/libg.a(lib_a-signal.o)
                0x0000000008005bc8                raise
 .text          0x0000000008005bdc      0x224 /opt/devkitpro/devkitARM/bin/../lib/gcc/arm-none-eabi/12.2.0/../../../../arm-none-eabi/lib/thumb/libg.a(lib_a-strcmp.o)
                0x0000000008005bdc                strcmp
 .text.strlen   0x0000000008005e00       0x60 /opt/devkitpro/devkitARM/bin/../lib/gcc/arm-none-eabi/12.2.0/../../../../arm-none-eabi/lib/thumb/libg.a(lib_a-strlen-stub.o)
                0x0000000008005e00                strlen
 .text._strtol_l.part.0
                0x0000000008005e60      0x144 /opt/devkitpro/devkitARM/bin/../lib/gcc/arm-none-eabi/12.2.0/../../../../arm-none-eabi/lib/thumb/libg.a(lib_a-strtol.o)
 .text.strtol   0x0000000008005fa4       0x30 /opt/devkitpro/devkitARM/bin/../lib/gcc/arm-none-eabi/12.2.0/../../../../arm-none-eabi/lib/thumb/libg.a(lib_a-strtol.o)
                0x0000000008005fa4                strtol
 .text._vsnprintf_r
                0x0000000008005fd4       0x74 /opt/devkitpro/devkitARM/bin/../lib/gcc/arm-none-eabi/12.2.0/../../../../arm-none-eabi/lib/thumb/libg.a(lib_a-vsnprintf.o)
                0x0000000008005fd4                _vsnprintf_r
 .text.vsnprintf
                0x0000000008006048       0x24 /opt/devkitpro/devkitARM/bin/../lib/gcc/arm-none-eabi/12.2.0/../../../../arm-none-eabi/lib/thumb/libg.a(lib_a-vsnprintf.o)
                0x0000000008006048                vsnprintf
 .text.__errno  0x000000000800606c        0xc /opt/devkitpro/devkitARM/bin/../lib/gcc/arm-none-eabi/12.2.0/../../../../arm-none-eabi/lib/thumb/libg.a(lib_a-errno.o)
                0x000000000800606c                __errno
 .text._malloc_trim_r
                0x0000000008006078       0xac /opt/devkitpro/devkitARM/bin/../lib/gcc/arm-none-eabi/12.2.0/../../../../arm-none-eabi/lib/thumb/libg.a(lib_a-freer.o)
                0x0000000008006078                _malloc_trim_r
 .text._free_r  0x0000000008006124      0x1d8 /opt/devkitpro/devkitARM/bin/../lib/gcc/arm-none-eabi/12.2.0/../../../../arm-none-eabi/lib/thumb/libg.a(lib_a-freer.o)
                0x0000000008006124                _free_r
 .text.get_arg  0x00000000080062fc      0x42c /opt/devkitpro/devkitARM/bin/../lib/gcc/arm-none-eabi/12.2.0/../../../../arm-none-eabi/lib/thumb/libg.a(lib_a-svfprintf.o)
 .text._svfprintf_r
                0x0000000008006728     0x22fc /opt/devkitpro/devkitARM/bin/../lib/gcc/arm-none-eabi/12.2.0/../../../../arm-none-eabi/lib/thumb/libg.a(lib_a-svfprintf.o)
                0x0000000008006728                _svfprintf_r
 .text._wcrtomb_r
                0x0000000008008a24       0x5c /opt/devkitpro/devkitARM/bin/../lib/gcc/arm-none-eabi/12.2.0/../../../../arm-none-eabi/lib/thumb/libg.a(lib_a-wcrtomb.o)
                0x0000000008008a24                _wcrtomb_r
 .text._wcsrtombs_r
                0x0000000008008a80       0x1c /opt/devkitpro/devkitARM/bin/../lib/gcc/arm-none-eabi/12.2.0/../../../../arm-none-eabi/lib/thumb/libg.a(lib_a-wcsrtombs.o)
                0x0000000008008a80                _wcsrtombs_r
 .text.quorem   0x0000000008008a9c      0x158 /opt/devkitpro/devkitARM/bin/../lib/gcc/arm-none-eabi/12.2.0/../../../../arm-none-eabi/lib/thumb/libg.a(lib_a-dtoa.o)
 .text._dtoa_r  0x0000000008008bf4      0xfcc /opt/devkitpro/devkitARM/bin/../lib/gcc/arm-none-eabi/12.2.0/../../../../arm-none-eabi/lib/thumb/libg.a(lib_a-dtoa.o)
                0x0000000008008bf4                _dtoa_r
 .text._localeconv_r
                0x0000000008009bc0        0x8 /opt/devkitpro/devkitARM/bin/../lib/gcc/arm-none-eabi/12.2.0/../../../../arm-none-eabi/lib/thumb/libg.a(lib_a-localeconv.o)
                0x0000000008009bc0                _localeconv_r
 .text.__locale_mb_cur_max
                0x0000000008009bc8       0x10 /opt/devkitpro/devkitARM/bin/../lib/gcc/arm-none-eabi/12.2.0/../../../../arm-none-eabi/lib/thumb/libg.a(lib_a-locale.o)
                0x0000000008009bc8                __locale_mb_cur_max
 .text.__utf8_mbtowc
                0x0000000008009bd8      0x27c /opt/devkitpro/devkitARM/bin/../lib/gcc/arm-none-eabi/12.2.0/../../../../arm-none-eabi/lib/thumb/libg.a(lib_a-mbtowc_r.o)
                0x0000000008009bd8                __utf8_mbtowc
 .text._Balloc  0x0000000008009e54       0x54 /opt/devkitpro/devkitARM/bin/../lib/gcc/arm-none-eabi/12.2.0/../../../../arm-none-eabi/lib/thumb/libg.a(lib_a-mprec.o)
                0x0000000008009e54                _Balloc
 .text._Bfree   0x0000000008009ea8       0x14 /opt/devkitpro/devkitARM/bin/../lib/gcc/arm-none-eabi/12.2.0/../../../../arm-none-eabi/lib/thumb/libg.a(lib_a-mprec.o)
                0x0000000008009ea8                _Bfree
 .text.__multadd
                0x0000000008009ebc       0xac /opt/devkitpro/devkitARM/bin/../lib/gcc/arm-none-eabi/12.2.0/../../../../arm-none-eabi/lib/thumb/libg.a(lib_a-mprec.o)
                0x0000000008009ebc                __multadd
 .text.__hi0bits
                0x0000000008009f68       0x4c /opt/devkitpro/devkitARM/bin/../lib/gcc/arm-none-eabi/12.2.0/../../../../arm-none-eabi/lib/thumb/libg.a(lib_a-mprec.o)
                0x0000000008009f68                __hi0bits
 .text.__lo0bits
                0x0000000008009fb4       0x5c /opt/devkitpro/devkitARM/bin/../lib/gcc/arm-none-eabi/12.2.0/../../../../arm-none-eabi/lib/thumb/libg.a(lib_a-mprec.o)
                0x0000000008009fb4                __lo0bits
 .text.__i2b    0x000000000800a010       0x64 /opt/devkitpro/devkitARM/bin/../lib/gcc/arm-none-eabi/12.2.0/../../../../arm-none-eabi/lib/thumb/libg.a(lib_a-mprec.o)
                0x000000000800a010                __i2b
 .text.__multiply
                0x000000000800a074      0x1b4 /opt/devkitpro/devkitARM/bin/../lib/gcc/arm-none-eabi/12.2.0/../../../../arm-none-eabi/lib/thumb/libg.a(lib_a-mprec.o)
                0x000000000800a074                __multiply
 .text.__pow5mult
                0x000000000800a228       0xd4 /opt/devkitpro/devkitARM/bin/../lib/gcc/arm-none-eabi/12.2.0/../../../../arm-none-eabi/lib/thumb/libg.a(lib_a-mprec.o)
                0x000000000800a228                __pow5mult
 .text.__lshift
                0x000000000800a2fc      0x100 /opt/devkitpro/devkitARM/bin/../lib/gcc/arm-none-eabi/12.2.0/../../../../arm-none-eabi/lib/thumb/libg.a(lib_a-mprec.o)
                0x000000000800a2fc                __lshift
 .text.__mcmp   0x000000000800a3fc       0x40 /opt/devkitpro/devkitARM/bin/../lib/gcc/arm-none-eabi/12.2.0/../../../../arm-none-eabi/lib/thumb/libg.a(lib_a-mprec.o)
                0x000000000800a3fc                __mcmp
 .text.__mdiff  0x000000000800a43c      0x1a8 /opt/devkitpro/devkitARM/bin/../lib/gcc/arm-none-eabi/12.2.0/../../../../arm-none-eabi/lib/thumb/libg.a(lib_a-mprec.o)
                0x000000000800a43c                __mdiff
 .text.__d2b    0x000000000800a5e4       0xd0 /opt/devkitpro/devkitARM/bin/../lib/gcc/arm-none-eabi/12.2.0/../../../../arm-none-eabi/lib/thumb/libg.a(lib_a-mprec.o)
                0x000000000800a5e4                __d2b
 .text.frexp    0x000000000800a6b4       0x6c /opt/devkitpro/devkitARM/bin/../lib/gcc/arm-none-eabi/12.2.0/../../../../arm-none-eabi/lib/thumb/libg.a(lib_a-s_frexp.o)
                0x000000000800a6b4                frexp
 .text.strncpy  0x000000000800a720       0x68 /opt/devkitpro/devkitARM/bin/../lib/gcc/arm-none-eabi/12.2.0/../../../../arm-none-eabi/lib/thumb/libg.a(lib_a-strncpy.o)
                0x000000000800a720                strncpy
 .text.__ssprint_r
                0x000000000800a788      0x120 /opt/devkitpro/devkitARM/bin/../lib/gcc/arm-none-eabi/12.2.0/../../../../arm-none-eabi/lib/thumb/libg.a(lib_a-svfiprintf.o)
                0x000000000800a788                __ssprint_r
 .text._wcsnrtombs_l
                0x000000000800a8a8      0x11c /opt/devkitpro/devkitARM/bin/../lib/gcc/arm-none-eabi/12.2.0/../../../../arm-none-eabi/lib/thumb/libg.a(lib_a-wcsnrtombs.o)
                0x000000000800a8a8                _wcsnrtombs_l
 .text._wcsnrtombs_r
                0x000000000800a9c4       0x30 /opt/devkitpro/devkitARM/bin/../lib/gcc/arm-none-eabi/12.2.0/../../../../arm-none-eabi/lib/thumb/libg.a(lib_a-wcsnrtombs.o)
                0x000000000800a9c4                _wcsnrtombs_r
 .text.__utf8_wctomb
                0x000000000800a9f4       0xb4 /opt/devkitpro/devkitARM/bin/../lib/gcc/arm-none-eabi/12.2.0/../../../../arm-none-eabi/lib/thumb/libg.a(lib_a-wctomb_r.o)
                0x000000000800a9f4                __utf8_wctomb
 .text.__assert_func
                0x000000000800aaa8       0x40 /opt/devkitpro/devkitARM/bin/../lib/gcc/arm-none-eabi/12.2.0/../../../../arm-none-eabi/lib/thumb/libg.a(lib_a-assert.o)
                0x000000000800aaa8                __assert_func
 .text._calloc_r
                0x000000000800aae8       0xb8 /opt/devkitpro/devkitARM/bin/../lib/gcc/arm-none-eabi/12.2.0/../../../../arm-none-eabi/lib/thumb/libg.a(lib_a-callocr.o)
                0x000000000800aae8                _calloc_r
 .text.fiprintf
                0x000000000800aba0       0x28 /opt/devkitpro/devkitARM/bin/../lib/gcc/arm-none-eabi/12.2.0/../../../../arm-none-eabi/lib/thumb/libg.a(lib_a-fiprintf.o)
                0x000000000800aba0                fiprintf
 .text._realloc_r
                0x000000000800abc8      0x384 /opt/devkitpro/devkitARM/bin/../lib/gcc/arm-none-eabi/12.2.0/../../../../arm-none-eabi/lib/thumb/libg.a(lib_a-reallocr.o)
                0x000000000800abc8                _realloc_r
 .text.get_arg  0x000000000800af4c      0x42c /opt/devkitpro/devkitARM/bin/../lib/gcc/arm-none-eabi/12.2.0/../../../../arm-none-eabi/lib/thumb/libg.a(lib_a-vfiprintf.o)
 .text.__sprint_r
                0x000000000800b378       0x24 /opt/devkitpro/devkitARM/bin/../lib/gcc/arm-none-eabi/12.2.0/../../../../arm-none-eabi/lib/thumb/libg.a(lib_a-vfiprintf.o)
                0x000000000800b378                __sprint_r
 .text._vfiprintf_r
                0x000000000800b39c     0x173c /opt/devkitpro/devkitARM/bin/../lib/gcc/arm-none-eabi/12.2.0/../../../../arm-none-eabi/lib/thumb/libg.a(lib_a-vfiprintf.o)
                0x000000000800b39c                _vfiprintf_r
 .text.__sbprintf
                0x000000000800cad8       0x8c /opt/devkitpro/devkitARM/bin/../lib/gcc/arm-none-eabi/12.2.0/../../../../arm-none-eabi/lib/thumb/libg.a(lib_a-vfiprintf.o)
 .text.__swsetup_r
                0x000000000800cb64       0xd0 /opt/devkitpro/devkitARM/bin/../lib/gcc/arm-none-eabi/12.2.0/../../../../arm-none-eabi/lib/thumb/libg.a(lib_a-wsetup.o)
                0x000000000800cb64                __swsetup_r
 .text.__sflush_r
                0x000000000800cc34      0x18c /opt/devkitpro/devkitARM/bin/../lib/gcc/arm-none-eabi/12.2.0/../../../../arm-none-eabi/lib/thumb/libg.a(lib_a-fflush.o)
                0x000000000800cc34                __sflush_r
 .text._fflush_r
                0x000000000800cdc0       0x70 /opt/devkitpro/devkitARM/bin/../lib/gcc/arm-none-eabi/12.2.0/../../../../arm-none-eabi/lib/thumb/libg.a(lib_a-fflush.o)
                0x000000000800cdc0                _fflush_r
 .text._cleanup_r
                0x000000000800ce30       0x14 /opt/devkitpro/devkitARM/bin/../lib/gcc/arm-none-eabi/12.2.0/../../../../arm-none-eabi/lib/thumb/libg.a(lib_a-findfp.o)
                0x000000000800ce30                _cleanup_r
 .text.__sinit  0x000000000800ce44      0x124 /opt/devkitpro/devkitARM/bin/../lib/gcc/arm-none-eabi/12.2.0/../../../../arm-none-eabi/lib/thumb/libg.a(lib_a-findfp.o)
                0x000000000800ce44                __sinit
 .text.__sfp_lock_acquire
                0x000000000800cf68       0x14 /opt/devkitpro/devkitARM/bin/../lib/gcc/arm-none-eabi/12.2.0/../../../../arm-none-eabi/lib/thumb/libg.a(lib_a-findfp.o)
                0x000000000800cf68                __sfp_lock_acquire
 .text.__sfp_lock_release
                0x000000000800cf7c       0x14 /opt/devkitpro/devkitARM/bin/../lib/gcc/arm-none-eabi/12.2.0/../../../../arm-none-eabi/lib/thumb/libg.a(lib_a-findfp.o)
                0x000000000800cf7c                __sfp_lock_release
 .text.__sfvwrite_r
                0x000000000800cf90      0x334 /opt/devkitpro/devkitARM/bin/../lib/gcc/arm-none-eabi/12.2.0/../../../../arm-none-eabi/lib/thumb/libg.a(lib_a-fvwrite.o)
                0x000000000800cf90                __sfvwrite_r
 .text._fwalk_reent
                0x000000000800d2c4       0x50 /opt/devkitpro/devkitARM/bin/../lib/gcc/arm-none-eabi/12.2.0/../../../../arm-none-eabi/lib/thumb/libg.a(lib_a-fwalk.o)
                0x000000000800d2c4                _fwalk_reent
 .text.__smakebuf_r
                0x000000000800d314       0xf0 /opt/devkitpro/devkitARM/bin/../lib/gcc/arm-none-eabi/12.2.0/../../../../arm-none-eabi/lib/thumb/libg.a(lib_a-makebuf.o)
                0x000000000800d314                __smakebuf_r
 .text.__sread  0x000000000800d404       0x34 /opt/devkitpro/devkitARM/bin/../lib/gcc/arm-none-eabi/12.2.0/../../../../arm-none-eabi/lib/thumb/libg.a(lib_a-stdio.o)
                0x000000000800d404                __sread
 .text.__swrite
                0x000000000800d438       0x4c /opt/devkitpro/devkitARM/bin/../lib/gcc/arm-none-eabi/12.2.0/../../../../arm-none-eabi/lib/thumb/libg.a(lib_a-stdio.o)
                0x000000000800d438                __swrite
 .text.__sseek  0x000000000800d484       0x44 /opt/devkitpro/devkitARM/bin/../lib/gcc/arm-none-eabi/12.2.0/../../../../arm-none-eabi/lib/thumb/libg.a(lib_a-stdio.o)
                0x000000000800d484                __sseek
 .text.__sclose
                0x000000000800d4c8       0x10 /opt/devkitpro/devkitARM/bin/../lib/gcc/arm-none-eabi/12.2.0/../../../../arm-none-eabi/lib/thumb/libg.a(lib_a-stdio.o)
                0x000000000800d4c8                __sclose
 .text._fclose_r
                0x000000000800d4d8       0xe4 /opt/devkitpro/devkitARM/bin/../lib/gcc/arm-none-eabi/12.2.0/../../../../arm-none-eabi/lib/thumb/libg.a(lib_a-fclose.o)
                0x000000000800d4d8                _fclose_r
 .text._fstat_r
                0x000000000800d5bc       0x4c /opt/devkitpro/devkitARM/bin/../lib/gcc/arm-none-eabi/12.2.0/../../../../arm-none-eabi/lib/thumb/libsysbase.a(fstat.o)
                0x000000000800d5bc                _fstat_r
 .text._getpid_r
                0x000000000800d608        0xc /opt/devkitpro/devkitARM/bin/../lib/gcc/arm-none-eabi/12.2.0/../../../../arm-none-eabi/lib/thumb/libsysbase.a(getpid.o)
                0x000000000800d608                _getpid_r
 .text._isatty_r
                0x000000000800d614        0x4 /opt/devkitpro/devkitARM/bin/../lib/gcc/arm-none-eabi/12.2.0/../../../../arm-none-eabi/lib/thumb/libsysbase.a(isatty.o)
                0x000000000800d614                _isatty_r
 .text._kill_r  0x000000000800d618        0xc /opt/devkitpro/devkitARM/bin/../lib/gcc/arm-none-eabi/12.2.0/../../../../arm-none-eabi/lib/thumb/libsysbase.a(kill.o)
                0x000000000800d618                _kill_r
 .text._lseek_r
                0x000000000800d624       0x5c /opt/devkitpro/devkitARM/bin/../lib/gcc/arm-none-eabi/12.2.0/../../../../arm-none-eabi/lib/thumb/libsysbase.a(lseek.o)
                0x000000000800d624                _lseek_r
 .text._read_r  0x000000000800d680       0x50 /opt/devkitpro/devkitARM/bin/../lib/gcc/arm-none-eabi/12.2.0/../../../../arm-none-eabi/lib/thumb/libsysbase.a(read.o)
                0x000000000800d680                _read_r
 .text._sbrk_r  0x000000000800d6d0       0x54 /opt/devkitpro/devkitARM/bin/../lib/gcc/arm-none-eabi/12.2.0/../../../../arm-none-eabi/lib/thumb/libsysbase.a(sbrk.o)
                0x000000000800d6d0                _sbrk_r
 .text._write_r
                0x000000000800d724       0x50 /opt/devkitpro/devkitARM/bin/../lib/gcc/arm-none-eabi/12.2.0/../../../../arm-none-eabi/lib/thumb/libsysbase.a(write.o)
                0x000000000800d724                _write_r
 .text._exit    0x000000000800d774       0x14 /opt/devkitpro/devkitARM/bin/../lib/gcc/arm-none-eabi/12.2.0/../../../../arm-none-eabi/lib/thumb/libsysbase.a(_exit.o)
                0x000000000800d774                _exit
 .text.__flockfile
                0x000000000800d788       0x10 /opt/devkitpro/devkitARM/bin/../lib/gcc/arm-none-eabi/12.2.0/../../../../arm-none-eabi/lib/thumb/libsysbase.a(flock.o)
                0x000000000800d788                __flockfile
 .text.__funlockfile
                0x000000000800d798       0x10 /opt/devkitpro/devkitARM/bin/../lib/gcc/arm-none-eabi/12.2.0/../../../../arm-none-eabi/lib/thumb/libsysbase.a(flock.o)
                0x000000000800d798                __funlockfile
 .text.__get_handle
                0x000000000800d7a8       0x34 /opt/devkitpro/devkitARM/bin/../lib/gcc/arm-none-eabi/12.2.0/../../../../arm-none-eabi/lib/thumb/libsysbase.a(handle_manager.o)
                0x000000000800d7a8                __get_handle
 .text._close_r
                0x000000000800d7dc       0xb8 /opt/devkitpro/devkitARM/bin/../lib/gcc/arm-none-eabi/12.2.0/../../../../arm-none-eabi/lib/thumb/libsysbase.a(handle_manager.o)
                0x000000000800d7dc                _close_r
 .text.__getreent
                0x000000000800d894       0x20 /opt/devkitpro/devkitARM/bin/../lib/gcc/arm-none-eabi/12.2.0/../../../../arm-none-eabi/lib/thumb/libsysbase.a(getreent.o)
                0x000000000800d894                __getreent
 .text.__libc_lock_acquire
                0x000000000800d8b4       0x18 /opt/devkitpro/devkitARM/bin/../lib/gcc/arm-none-eabi/12.2.0/../../../../arm-none-eabi/lib/thumb/libsysbase.a(syscall_support.o)
                0x000000000800d8b4                __libc_lock_acquire
 .text.__libc_lock_release
                0x000000000800d8cc       0x18 /opt/devkitpro/devkitARM/bin/../lib/gcc/arm-none-eabi/12.2.0/../../../../arm-none-eabi/lib/thumb/libsysbase.a(syscall_support.o)
                0x000000000800d8cc                __libc_lock_release
 .text.__libc_lock_init_recursive
                0x000000000800d8e4       0x18 /opt/devkitpro/devkitARM/bin/../lib/gcc/arm-none-eabi/12.2.0/../../../../arm-none-eabi/lib/thumb/libsysbase.a(syscall_support.o)
                0x000000000800d8e4                __libc_lock_init_recursive
 .text.__libc_lock_acquire_recursive
                0x000000000800d8fc       0x18 /opt/devkitpro/devkitARM/bin/../lib/gcc/arm-none-eabi/12.2.0/../../../../arm-none-eabi/lib/thumb/libsysbase.a(syscall_support.o)
                0x000000000800d8fc                __libc_lock_acquire_recursive
 .text.__libc_lock_release_recursive
                0x000000000800d914       0x18 /opt/devkitpro/devkitARM/bin/../lib/gcc/arm-none-eabi/12.2.0/../../../../arm-none-eabi/lib/thumb/libsysbase.a(syscall_support.o)
                0x000000000800d914                __libc_lock_release_recursive
 .text.__libc_lock_close_recursive
                0x000000000800d92c       0x18 /opt/devkitpro/devkitARM/bin/../lib/gcc/arm-none-eabi/12.2.0/../../../../arm-none-eabi/lib/thumb/libsysbase.a(syscall_support.o)
                0x000000000800d92c                __libc_lock_close_recursive
 .text.null_write
                0x000000000800d944        0x4 /opt/devkitpro/devkitARM/bin/../lib/gcc/arm-none-eabi/12.2.0/../../../../arm-none-eabi/lib/thumb/libsysbase.a(iosupport.o)
 .text          0x000000000800d948       0x14 /opt/devkitpro/devkitARM/bin/../lib/gcc/arm-none-eabi/12.2.0/thumb/libgcc.a(_thumb1_case_uqi.o)
                0x000000000800d948                __gnu_thumb1_case_uqi
 .text          0x000000000800d95c       0x14 /opt/devkitpro/devkitARM/bin/../lib/gcc/arm-none-eabi/12.2.0/thumb/libgcc.a(_thumb1_case_uhi.o)
                0x000000000800d95c                __gnu_thumb1_case_uhi
 .text          0x000000000800d970      0x424 /opt/devkitpro/devkitARM/bin/../lib/gcc/arm-none-eabi/12.2.0/thumb/libgcc.a(_arm_addsubdf3.o)
                0x000000000800d970                __aeabi_drsub
                0x000000000800d978                __aeabi_dsub
                0x000000000800d978                __subdf3
                0x000000000800d97c                __adddf3
                0x000000000800d97c                __aeabi_dadd
                0x000000000800dc8c                __aeabi_ui2d
                0x000000000800dc8c                __floatunsidf
                0x000000000800dcb0                __floatsidf
                0x000000000800dcb0                __aeabi_i2d
                0x000000000800dcd8                __extendsfdf2
                0x000000000800dcd8                __aeabi_f2d
                0x000000000800dd20                __aeabi_ul2d
                0x000000000800dd20                __floatundidf
                0x000000000800dd34                __floatdidf
                0x000000000800dd34                __aeabi_l2d
 .text          0x000000000800dd94      0x49c /opt/devkitpro/devkitARM/bin/../lib/gcc/arm-none-eabi/12.2.0/thumb/libgcc.a(_arm_muldivdf3.o)
                0x000000000800dd94                __aeabi_dmul
                0x000000000800dd94                __muldf3
                0x000000000800e024                __aeabi_ddiv
                0x000000000800e024                __divdf3
 .text          0x000000000800e230      0x144 /opt/devkitpro/devkitARM/bin/../lib/gcc/arm-none-eabi/12.2.0/thumb/libgcc.a(_arm_cmpdf2.o)
                0x000000000800e230                __gtdf2
                0x000000000800e230                __gedf2
                0x000000000800e238                __ltdf2
                0x000000000800e238                __ledf2
                0x000000000800e240                __cmpdf2
                0x000000000800e240                __eqdf2
                0x000000000800e240                __nedf2
                0x000000000800e2c8                __aeabi_cdrcmple
                0x000000000800e2e4                __aeabi_cdcmple
                0x000000000800e2e4                __aeabi_cdcmpeq
                0x000000000800e2fc                __aeabi_dcmpeq
                0x000000000800e314                __aeabi_dcmplt
                0x000000000800e32c                __aeabi_dcmple
                0x000000000800e344                __aeabi_dcmpge
                0x000000000800e35c                __aeabi_dcmpgt
 .text          0x000000000800e374       0x38 /opt/devkitpro/devkitARM/bin/../lib/gcc/arm-none-eabi/12.2.0/thumb/libgcc.a(_arm_unorddf2.o)
                0x000000000800e374                __aeabi_dcmpun
                0x000000000800e374                __unorddf2
 .text          0x000000000800e3ac       0x5c /opt/devkitpro/devkitARM/bin/../lib/gcc/arm-none-eabi/12.2.0/thumb/libgcc.a(_arm_fixdfsi.o)
                0x000000000800e3ac                __fixdfsi
                0x000000000800e3ac                __aeabi_d2iz
 .text          0x000000000800e408       0x3c /opt/devkitpro/devkitARM/bin/../lib/gcc/arm-none-eabi/12.2.0/thumb/libgcc.a(_aeabi_uldivmod.o)
                0x000000000800e408                __aeabi_uldivmod
 .text.__udivmoddi4
                0x000000000800e444      0x19c /opt/devkitpro/devkitARM/bin/../lib/gcc/arm-none-eabi/12.2.0/thumb/libgcc.a(_udivmoddi4.o)
                0x000000000800e444                __udivmoddi4
 .text          0x000000000800e5e0       0x28 /opt/devkitpro/devkitARM/bin/../lib/gcc/arm-none-eabi/12.2.0/thumb/libgcc.a(_clzdi2.o)
                0x000000000800e5e0                __clzdi2
 .text          0x000000000800e608       0x48 /opt/devkitpro/devkitARM/bin/../lib/gcc/arm-none-eabi/12.2.0/thumb/libgcc.a(_clzsi2.o)
                0x000000000800e608                __clzsi2
 .text.__stub   0x000000000800e650      0x12c linker stubs
 *(.gnu.linkonce.t.*)
 *(.text.*personality*)
 *(.gnu.warning)
 *(.glue_7t)
 .glue_7t       0x000000000800e788        0x0 linker stubs
 *(.glue_7)
 .glue_7        0x000000000800e788        0x0 linker stubs
 *(.vfp11_veneer)
 .vfp11_veneer  0x000000000800e788        0x0 linker stubs
                0x000000000800e788                . = ALIGN (0x4)
                0x000000000800e788                __text_end = .

.v4_bx          0x000000000800e788        0x0
 .v4_bx         0x000000000800e788        0x0 linker stubs

.iplt           0x000000000800e788        0x0
 .iplt          0x000000000800e788        0x0 /opt/devkitpro/devkitARM/bin/../lib/gcc/arm-none-eabi/12.2.0/../../../../arm-none-eabi/lib/thumb/gba_crt0.o

.fini           0x000000000800e788        0xc
 *(.fini)
 .fini          0x000000000800e788        0x4 /opt/devkitpro/devkitARM/bin/../lib/gcc/arm-none-eabi/12.2.0/thumb/crti.o
                0x000000000800e788                _fini
 .fini          0x000000000800e78c        0x8 /opt/devkitpro/devkitARM/bin/../lib/gcc/arm-none-eabi/12.2.0/thumb/crtn.o
                0x000000000800e794                . = ALIGN (0x4)

.rodata         0x000000000800e798     0x24a0
 *(.rodata)
 .rodata        0x000000000800e798       0x90 e_pipe.o
 .rodata        0x000000000800e828       0x2c s_game.o
 .rodata        0x000000000800e854      0x260 gfx_kadu.o
                0x000000000800e854                gfx_kaduTiles
                0x000000000800ea94                gfx_kaduPal
 .rodata        0x000000000800eab4      0x420 gfx_pipe.o
                0x000000000800eab4                gfx_pipeTiles
                0x000000000800eeb4                gfx_pipePal
 .rodata        0x000000000800eed4      0x62c map_bg1.o
                0x000000000800eed4                map_bg1Tiles
                0x000000000800f1ac                map_bg1Map
                0x000000000800f4d8                map_bg1Pal
 .rodata        0x000000000800f500      0x3e0 map_bg2.o
                0x000000000800f500                map_bg2Tiles
                0x000000000800f638                map_bg2Map
                0x000000000800f8b8                map_bg2Pal
 .rodata        0x000000000800f8e0      0x420 map_bg3.o
                0x000000000800f8e0                map_bg3Tiles
                0x000000000800fa34                map_bg3Map
                0x000000000800fcd8                map_bg3Pal
 .rodata        0x000000000800fd00       0x38 /opt/devkitpro/libtonc/lib/libtonc.a(tonc_irq.o)
 .rodata        0x000000000800fd38       0x58 /opt/devkitpro/libtonc/lib/libtonc.a(tonc_core.o)
                0x000000000800fd38                __snd_rates
                0x000000000800fd68                bg_aff_default
                0x000000000800fd78                oam_sizes
 .rodata        0x000000000800fd90      0x318 /opt/devkitpro/libtonc/lib/libtonc.a(sys8.o)
                0x000000000800fd90                sys8Font
                0x000000000800fda8                sys8Glyphs
 .rodata        0x00000000080100a8       0x1c /opt/devkitpro/libtonc/lib/libtonc.a(tonc_surface.o)
 .rodata        0x00000000080100c4      0x1f0 /opt/devkitpro/libtonc/lib/libtonc.a(tte_main.o)
 *all.rodata*(*)
 *(.roda)
 *(.rodata.*)
 .rodata.str1.4
                0x00000000080102b4       0x1d e_pipe.o
 *fill*         0x00000000080102d1        0x3 ff
 .rodata.str1.4
                0x00000000080102d4       0x1f e_player.o
 *fill*         0x00000000080102f3        0x1 ff
 .rodata._ZNSt6vectorI4PipeSaIS0_EE17_M_realloc_insertIJRKS0_EEEvN9__gnu_cxx17__normal_iteratorIPS0_S2_EEDpOT_.str1.4
                0x00000000080102f4       0x1a s_game.o
 *fill*         0x000000000801030e        0x2 ff
 .rodata._ZTVSt23_Sp_counted_ptr_inplaceI6PlayerSaIvELN9__gnu_cxx12_Lock_policyE0EE
                0x0000000008010310       0x1c s_game.o
                0x0000000008010310                vtable for std::_Sp_counted_ptr_inplace<Player, std::allocator<void>, (__gnu_cxx::_Lock_policy)0>
 .rodata._ZTVSt23_Sp_counted_ptr_inplaceI3MapSaIvELN9__gnu_cxx12_Lock_policyE0EE
                0x000000000801032c       0x1c s_game.o
                0x000000000801032c                vtable for std::_Sp_counted_ptr_inplace<Map, std::allocator<void>, (__gnu_cxx::_Lock_policy)0>
 .rodata._ZTVSt23_Sp_counted_ptr_inplaceI4PipeSaIvELN9__gnu_cxx12_Lock_policyE0EE
                0x0000000008010348       0x1c s_game.o
                0x0000000008010348                vtable for std::_Sp_counted_ptr_inplace<Pipe, std::allocator<void>, (__gnu_cxx::_Lock_policy)0>
 .rodata._ZZNSt19_Sp_make_shared_tag5_S_tiEvE5__tag
                0x0000000008010364        0x8 s_game.o
                0x0000000008010364                std::_Sp_make_shared_tag::_S_ti()::__tag
 .rodata._ZTSSt19_Sp_make_shared_tag
                0x000000000801036c       0x18 /opt/devkitpro/devkitARM/bin/../lib/gcc/arm-none-eabi/12.2.0/../../../../arm-none-eabi/lib/thumb/libstdc++.a(shared_ptr.o)
                0x000000000801036c                typeinfo name for std::_Sp_make_shared_tag
 .rodata._ZTISt19_Sp_make_shared_tag
                0x0000000008010384        0x8 /opt/devkitpro/devkitARM/bin/../lib/gcc/arm-none-eabi/12.2.0/../../../../arm-none-eabi/lib/thumb/libstdc++.a(shared_ptr.o)
                0x0000000008010384                typeinfo for std::_Sp_make_shared_tag
 .rodata._ZNKSt9bad_alloc4whatEv.str1.4
                0x000000000801038c        0xf /opt/devkitpro/devkitARM/bin/../lib/gcc/arm-none-eabi/12.2.0/../../../../arm-none-eabi/lib/thumb/libstdc++.a(bad_alloc.o)
 *fill*         0x000000000801039b        0x1 ff
 .rodata._ZTSSt9bad_alloc
                0x000000000801039c        0xd /opt/devkitpro/devkitARM/bin/../lib/gcc/arm-none-eabi/12.2.0/../../../../arm-none-eabi/lib/thumb/libstdc++.a(bad_alloc.o)
                0x000000000801039c                typeinfo name for std::bad_alloc
 *fill*         0x00000000080103a9        0x3 ff
 .rodata._ZTISt9bad_alloc
                0x00000000080103ac        0xc /opt/devkitpro/devkitARM/bin/../lib/gcc/arm-none-eabi/12.2.0/../../../../arm-none-eabi/lib/thumb/libstdc++.a(bad_alloc.o)
                0x00000000080103ac                typeinfo for std::bad_alloc
 .rodata._ZTVSt9bad_alloc
                0x00000000080103b8       0x14 /opt/devkitpro/devkitARM/bin/../lib/gcc/arm-none-eabi/12.2.0/../../../../arm-none-eabi/lib/thumb/libstdc++.a(bad_alloc.o)
                0x00000000080103b8                vtable for std::bad_alloc
 .rodata._ZTSN10__cxxabiv117__class_type_infoE
                0x00000000080103cc       0x22 /opt/devkitpro/devkitARM/bin/../lib/gcc/arm-none-eabi/12.2.0/../../../../arm-none-eabi/lib/thumb/libstdc++.a(class_type_info.o)
                0x00000000080103cc                typeinfo name for __cxxabiv1::__class_type_info
 *fill*         0x00000000080103ee        0x2 ff
 .rodata._ZTIN10__cxxabiv117__class_type_infoE
                0x00000000080103f0        0xc /opt/devkitpro/devkitARM/bin/../lib/gcc/arm-none-eabi/12.2.0/../../../../arm-none-eabi/lib/thumb/libstdc++.a(class_type_info.o)
                0x00000000080103f0                typeinfo for __cxxabiv1::__class_type_info
 .rodata._ZTVN10__cxxabiv117__class_type_infoE
                0x00000000080103fc       0x2c /opt/devkitpro/devkitARM/bin/../lib/gcc/arm-none-eabi/12.2.0/../../../../arm-none-eabi/lib/thumb/libstdc++.a(class_type_info.o)
                0x00000000080103fc                vtable for __cxxabiv1::__class_type_info
 .rodata._ZNKSt13bad_exception4whatEv.str1.4
                0x0000000008010428       0x13 /opt/devkitpro/devkitARM/bin/../lib/gcc/arm-none-eabi/12.2.0/../../../../arm-none-eabi/lib/thumb/libstdc++.a(eh_exception.o)
 *fill*         0x000000000801043b        0x1 ff
 .rodata._ZTSSt9exception
                0x000000000801043c        0xd /opt/devkitpro/devkitARM/bin/../lib/gcc/arm-none-eabi/12.2.0/../../../../arm-none-eabi/lib/thumb/libstdc++.a(eh_exception.o)
                0x000000000801043c                typeinfo name for std::exception
 *fill*         0x0000000008010449        0x3 ff
 .rodata._ZTISt9exception
                0x000000000801044c        0x8 /opt/devkitpro/devkitARM/bin/../lib/gcc/arm-none-eabi/12.2.0/../../../../arm-none-eabi/lib/thumb/libstdc++.a(eh_exception.o)
                0x000000000801044c                typeinfo for std::exception
 .rodata._ZTSSt13bad_exception
                0x0000000008010454       0x12 /opt/devkitpro/devkitARM/bin/../lib/gcc/arm-none-eabi/12.2.0/../../../../arm-none-eabi/lib/thumb/libstdc++.a(eh_exception.o)
                0x0000000008010454                typeinfo name for std::bad_exception
 *fill*         0x0000000008010466        0x2 ff
 .rodata._ZTISt13bad_exception
                0x0000000008010468        0xc /opt/devkitpro/devkitARM/bin/../lib/gcc/arm-none-eabi/12.2.0/../../../../arm-none-eabi/lib/thumb/libstdc++.a(eh_exception.o)
                0x0000000008010468                typeinfo for std::bad_exception
 .rodata._ZTSN10__cxxabiv115__forced_unwindE
                0x0000000008010474       0x20 /opt/devkitpro/devkitARM/bin/../lib/gcc/arm-none-eabi/12.2.0/../../../../arm-none-eabi/lib/thumb/libstdc++.a(eh_exception.o)
                0x0000000008010474                typeinfo name for __cxxabiv1::__forced_unwind
 .rodata._ZTIN10__cxxabiv115__forced_unwindE
                0x0000000008010494        0x8 /opt/devkitpro/devkitARM/bin/../lib/gcc/arm-none-eabi/12.2.0/../../../../arm-none-eabi/lib/thumb/libstdc++.a(eh_exception.o)
                0x0000000008010494                typeinfo for __cxxabiv1::__forced_unwind
 .rodata._ZTSN10__cxxabiv119__foreign_exceptionE
                0x000000000801049c       0x24 /opt/devkitpro/devkitARM/bin/../lib/gcc/arm-none-eabi/12.2.0/../../../../arm-none-eabi/lib/thumb/libstdc++.a(eh_exception.o)
                0x000000000801049c                typeinfo name for __cxxabiv1::__foreign_exception
 .rodata._ZTIN10__cxxabiv119__foreign_exceptionE
                0x00000000080104c0        0x8 /opt/devkitpro/devkitARM/bin/../lib/gcc/arm-none-eabi/12.2.0/../../../../arm-none-eabi/lib/thumb/libstdc++.a(eh_exception.o)
                0x00000000080104c0                typeinfo for __cxxabiv1::__foreign_exception
 .rodata._ZTVSt13bad_exception
                0x00000000080104c8       0x14 /opt/devkitpro/devkitARM/bin/../lib/gcc/arm-none-eabi/12.2.0/../../../../arm-none-eabi/lib/thumb/libstdc++.a(eh_exception.o)
                0x00000000080104c8                vtable for std::bad_exception
 .rodata._ZL28read_encoded_value_with_basehjPKhPj
                0x00000000080104dc       0x34 /opt/devkitpro/devkitARM/bin/../lib/gcc/arm-none-eabi/12.2.0/../../../../arm-none-eabi/lib/thumb/libstdc++.a(eh_personality.o)
 .rodata._ZTSN10__cxxabiv120__si_class_type_infoE
                0x0000000008010510       0x25 /opt/devkitpro/devkitARM/bin/../lib/gcc/arm-none-eabi/12.2.0/../../../../arm-none-eabi/lib/thumb/libstdc++.a(si_class_type_info.o)
                0x0000000008010510                typeinfo name for __cxxabiv1::__si_class_type_info
 *fill*         0x0000000008010535        0x3 ff
 .rodata._ZTIN10__cxxabiv120__si_class_type_infoE
                0x0000000008010538        0xc /opt/devkitpro/devkitARM/bin/../lib/gcc/arm-none-eabi/12.2.0/../../../../arm-none-eabi/lib/thumb/libstdc++.a(si_class_type_info.o)
                0x0000000008010538                typeinfo for __cxxabiv1::__si_class_type_info
 .rodata._ZTVN10__cxxabiv120__si_class_type_infoE
                0x0000000008010544       0x2c /opt/devkitpro/devkitARM/bin/../lib/gcc/arm-none-eabi/12.2.0/../../../../arm-none-eabi/lib/thumb/libstdc++.a(si_class_type_info.o)
                0x0000000008010544                vtable for __cxxabiv1::__si_class_type_info
 .rodata._ZTSSt9type_info
                0x0000000008010570        0xd /opt/devkitpro/devkitARM/bin/../lib/gcc/arm-none-eabi/12.2.0/../../../../arm-none-eabi/lib/thumb/libstdc++.a(tinfo.o)
                0x0000000008010570                typeinfo name for std::type_info
 *fill*         0x000000000801057d        0x3 ff
 .rodata._ZTISt9type_info
                0x0000000008010580        0x8 /opt/devkitpro/devkitARM/bin/../lib/gcc/arm-none-eabi/12.2.0/../../../../arm-none-eabi/lib/thumb/libstdc++.a(tinfo.o)
                0x0000000008010580                typeinfo for std::type_info
 .rodata._ZTSSt11logic_error
                0x0000000008010588       0x10 /opt/devkitpro/devkitARM/bin/../lib/gcc/arm-none-eabi/12.2.0/../../../../arm-none-eabi/lib/thumb/libstdc++.a(stdexcept.o)
                0x0000000008010588                typeinfo name for std::logic_error
 .rodata._ZTISt11logic_error
                0x0000000008010598        0xc /opt/devkitpro/devkitARM/bin/../lib/gcc/arm-none-eabi/12.2.0/../../../../arm-none-eabi/lib/thumb/libstdc++.a(stdexcept.o)
                0x0000000008010598                typeinfo for std::logic_error
 .rodata._ZTSSt12length_error
                0x00000000080105a4       0x11 /opt/devkitpro/devkitARM/bin/../lib/gcc/arm-none-eabi/12.2.0/../../../../arm-none-eabi/lib/thumb/libstdc++.a(stdexcept.o)
                0x00000000080105a4                typeinfo name for std::length_error
 *fill*         0x00000000080105b5        0x3 ff
 .rodata._ZTISt12length_error
                0x00000000080105b8        0xc /opt/devkitpro/devkitARM/bin/../lib/gcc/arm-none-eabi/12.2.0/../../../../arm-none-eabi/lib/thumb/libstdc++.a(stdexcept.o)
                0x00000000080105b8                typeinfo for std::length_error
 .rodata._ZTVSt11logic_error
                0x00000000080105c4       0x14 /opt/devkitpro/devkitARM/bin/../lib/gcc/arm-none-eabi/12.2.0/../../../../arm-none-eabi/lib/thumb/libstdc++.a(stdexcept.o)
                0x00000000080105c4                vtable for std::logic_error
 .rodata._ZTVSt12length_error
                0x00000000080105d8       0x14 /opt/devkitpro/devkitARM/bin/../lib/gcc/arm-none-eabi/12.2.0/../../../../arm-none-eabi/lib/thumb/libstdc++.a(stdexcept.o)
                0x00000000080105d8                vtable for std::length_error
 .rodata._ZNSt11logic_errorC2EPKc.str1.4
                0x00000000080105ec       0x2a /opt/devkitpro/devkitARM/bin/../lib/gcc/arm-none-eabi/12.2.0/../../../../arm-none-eabi/lib/thumb/libstdc++.a(cow-stdexcept.o)
 *fill*         0x0000000008010616        0x2 ff
 .rodata._ZNSs4_Rep9_S_createEjjRKSaIcE.str1.4
                0x0000000008010618       0x18 /opt/devkitpro/devkitARM/bin/../lib/gcc/arm-none-eabi/12.2.0/../../../../arm-none-eabi/lib/thumb/libstdc++.a(cow-string-inst.o)
 .rodata._ctype_
                0x0000000008010630      0x101 /opt/devkitpro/devkitARM/bin/../lib/gcc/arm-none-eabi/12.2.0/../../../../arm-none-eabi/lib/thumb/libg.a(lib_a-ctype_.o)
                0x0000000008010630                _ctype_
 .rodata._svfprintf_r.str1.1
                0x0000000008010731       0x3b /opt/devkitpro/devkitARM/bin/../lib/gcc/arm-none-eabi/12.2.0/../../../../arm-none-eabi/lib/thumb/libg.a(lib_a-svfprintf.o)
 .rodata.zeroes.0
                0x000000000801076c       0x10 /opt/devkitpro/devkitARM/bin/../lib/gcc/arm-none-eabi/12.2.0/../../../../arm-none-eabi/lib/thumb/libg.a(lib_a-svfprintf.o)
 .rodata.blanks.1
                0x000000000801077c       0x10 /opt/devkitpro/devkitARM/bin/../lib/gcc/arm-none-eabi/12.2.0/../../../../arm-none-eabi/lib/thumb/libg.a(lib_a-svfprintf.o)
 .rodata._dtoa_r.str1.4
                0x000000000801078c       0x6d /opt/devkitpro/devkitARM/bin/../lib/gcc/arm-none-eabi/12.2.0/../../../../arm-none-eabi/lib/thumb/libg.a(lib_a-dtoa.o)
 *fill*         0x00000000080107f9        0x3 ff
 .rodata.str1.4
                0x00000000080107fc       0x48 /opt/devkitpro/devkitARM/bin/../lib/gcc/arm-none-eabi/12.2.0/../../../../arm-none-eabi/lib/thumb/libg.a(lib_a-locale.o)
                                         0x4c (size before relaxing)
 .rodata.__multadd.str1.4
                0x0000000008010844       0x46 /opt/devkitpro/devkitARM/bin/../lib/gcc/arm-none-eabi/12.2.0/../../../../arm-none-eabi/lib/thumb/libg.a(lib_a-mprec.o)
                                         0x5a (size before relaxing)
 *fill*         0x000000000801088a        0x2 ff
 .rodata.p05.0  0x000000000801088c        0xc /opt/devkitpro/devkitARM/bin/../lib/gcc/arm-none-eabi/12.2.0/../../../../arm-none-eabi/lib/thumb/libg.a(lib_a-mprec.o)
 .rodata.__mprec_bigtens
                0x0000000008010898       0x28 /opt/devkitpro/devkitARM/bin/../lib/gcc/arm-none-eabi/12.2.0/../../../../arm-none-eabi/lib/thumb/libg.a(lib_a-mprec.o)
                0x0000000008010898                __mprec_bigtens
 .rodata.__mprec_tens
                0x00000000080108c0       0xc8 /opt/devkitpro/devkitARM/bin/../lib/gcc/arm-none-eabi/12.2.0/../../../../arm-none-eabi/lib/thumb/libg.a(lib_a-mprec.o)
                0x00000000080108c0                __mprec_tens
 .rodata.__action_table
                0x0000000008010988       0x6c /opt/devkitpro/devkitARM/bin/../lib/gcc/arm-none-eabi/12.2.0/../../../../arm-none-eabi/lib/thumb/libg.a(lib_a-svfiprintf.o)
                0x0000000008010988                __action_table
 .rodata.__state_table
                0x00000000080109f4       0x6c /opt/devkitpro/devkitARM/bin/../lib/gcc/arm-none-eabi/12.2.0/../../../../arm-none-eabi/lib/thumb/libg.a(lib_a-svfiprintf.o)
                0x00000000080109f4                __state_table
 .rodata.__chclass
                0x0000000008010a60      0x100 /opt/devkitpro/devkitARM/bin/../lib/gcc/arm-none-eabi/12.2.0/../../../../arm-none-eabi/lib/thumb/libg.a(lib_a-svfiprintf.o)
                0x0000000008010a60                __chclass
 .rodata.__assert_func.str1.4
                0x0000000008010b60       0x3f /opt/devkitpro/devkitARM/bin/../lib/gcc/arm-none-eabi/12.2.0/../../../../arm-none-eabi/lib/thumb/libg.a(lib_a-assert.o)
                                         0x43 (size before relaxing)
 .rodata._vfiprintf_r.str1.1
                0x0000000008010b9f       0x29 /opt/devkitpro/devkitARM/bin/../lib/gcc/arm-none-eabi/12.2.0/../../../../arm-none-eabi/lib/thumb/libg.a(lib_a-vfiprintf.o)
 *fill*         0x0000000008010b9f        0x1 ff
 .rodata.zeroes.0
                0x0000000008010ba0       0x10 /opt/devkitpro/devkitARM/bin/../lib/gcc/arm-none-eabi/12.2.0/../../../../arm-none-eabi/lib/thumb/libg.a(lib_a-vfiprintf.o)
 .rodata.blanks.1
                0x0000000008010bb0       0x10 /opt/devkitpro/devkitARM/bin/../lib/gcc/arm-none-eabi/12.2.0/../../../../arm-none-eabi/lib/thumb/libg.a(lib_a-vfiprintf.o)
 .rodata.AddDevice.str1.4
                0x0000000008010bc0        0x8 /opt/devkitpro/devkitARM/bin/../lib/gcc/arm-none-eabi/12.2.0/../../../../arm-none-eabi/lib/thumb/libsysbase.a(iosupport.o)
 .rodata.dotab_stdnull
                0x0000000008010bc8       0x70 /opt/devkitpro/devkitARM/bin/../lib/gcc/arm-none-eabi/12.2.0/../../../../arm-none-eabi/lib/thumb/libsysbase.a(iosupport.o)
                0x0000000008010bc8                dotab_stdnull
 *(.gnu.linkonce.r*)