Archive member included to satisfy reference by file (symbol)

/opt/devkitpro/libtonc/lib/libtonc.a(tonc_irq.o)
                              main.o (irq_init)
/opt/devkitpro/libtonc/lib/libtonc.a(tonc_core.o)
                              e_pipe.o (tonccpy)
/opt/devkitpro/libtonc/lib/libtonc.a(tonc_input.o)
                              main.o (key_poll)
/opt/devkitpro/libtonc/lib/libtonc.a(tte_init_chr4c.o)
                              s_game.o (tte_init_chr4c)
/opt/devkitpro/libtonc/lib/libtonc.a(tte_main.o)
                              /opt/devkitpro/libtonc/lib/libtonc.a(tte_init_chr4c.o) (tte_init_base)
/opt/devkitpro/libtonc/lib/libtonc.a(chr4c_drawg_b1cts.o)
                              /opt/devkitpro/libtonc/lib/libtonc.a(tte_init_chr4c.o) (chr4c_drawg_b1cts)
/opt/devkitpro/libtonc/lib/libtonc.a(tonc_bios.o)
                              main.o (VBlankIntrWait)
/opt/devkitpro/libtonc/lib/libtonc.a(tonc_memcpy.o)
                              sprites.o (memcpy32)
/opt/devkitpro/libtonc/lib/libtonc.a(tonc_bios_ex.o)
                              /opt/devkitpro/libtonc/lib/libtonc.a(tte_main.o) (VBlankIntrDelay)
/opt/devkitpro/libtonc/lib/libtonc.a(tonc_isr_master.o)
                              /opt/devkitpro/libtonc/lib/libtonc.a(tonc_irq.o) (isr_master)
/opt/devkitpro/libtonc/lib/libtonc.a(tonc_memset.o)
                              map.o (memset32)
/opt/devkitpro/libtonc/lib/libtonc.a(verdana9.o)
                              /opt/devkitpro/libtonc/lib/libtonc.a(tte_init_chr4c.o) (verdana9Font)
/opt/devkitpro/libtonc/lib/libtonc.a(sys8.o)
                              /opt/devkitpro/libtonc/lib/libtonc.a(tte_main.o) (sys8Font)
/opt/devkitpro/libtonc/lib/libtonc.a(chr4c_drawg_b1cts_fast.o)
                              s_game.o (chr4c_drawg_b1cts_fast)
/opt/devkitpro/libtonc/lib/libtonc.a(tonc_schr4c.o)
                              /opt/devkitpro/libtonc/lib/libtonc.a(tte_init_chr4c.o) (schr4c_rect)
/opt/devkitpro/libtonc/lib/libtonc.a(tonc_surface.o)
                              /opt/devkitpro/libtonc/lib/libtonc.a(tte_init_chr4c.o) (srf_init)
/opt/devkitpro/devkitARM/bin/../lib/gcc/arm-none-eabi/12.2.0/../../../../arm-none-eabi/lib/thumb/libstdc++.a(del_ops.o)
                              s_game.o (operator delete(void*, unsigned int))
/opt/devkitpro/devkitARM/bin/../lib/gcc/arm-none-eabi/12.2.0/../../../../arm-none-eabi/lib/thumb/libstdc++.a(new_op.o)
                              s_game.o (operator new(unsigned int))
/opt/devkitpro/devkitARM/bin/../lib/gcc/arm-none-eabi/12.2.0/../../../../arm-none-eabi/lib/thumb/libstdc++.a(functexcept.o)
                              s_game.o (std::__throw_length_error(char const*))
/opt/devkitpro/devkitARM/bin/../lib/gcc/arm-none-eabi/12.2.0/../../../../arm-none-eabi/lib/thumb/libstdc++.a(shared_ptr.o)
                              s_game.o (std::_Sp_make_shared_tag::_S_eq(std::type_info const&))
/opt/devkitpro/devkitARM/bin/../lib/gcc/arm-none-eabi/12.2.0/../../../../arm-none-eabi/lib/thumb/libstdc++.a(bad_alloc.o)
                              /opt/devkitpro/devkitARM/bin/../lib/gcc/arm-none-eabi/12.2.0/../../../../arm-none-eabi/lib/thumb/libstdc++.a(new_op.o) (vtable for std::bad_alloc)
/opt/devkitpro/devkitARM/bin/../lib/gcc/arm-none-eabi/12.2.0/../../../../arm-none-eabi/lib/thumb/libstdc++.a(bad_array_new.o)
                              /opt/devkitpro/devkitARM/bin/../lib/gcc/arm-none-eabi/12.2.0/../../../../arm-none-eabi/lib/thumb/libstdc++.a(functexcept.o) (vtable for std::bad_array_new_length)
/opt/devkitpro/devkitARM/bin/../lib/gcc/arm-none-eabi/12.2.0/../../../../arm-none-eabi/lib/thumb/libstdc++.a(bad_cast.o)
                              /opt/devkitpro/devkitARM/bin/../lib/gcc/arm-none-eabi/12.2.0/../../../../arm-none-eabi/lib/thumb/libstdc++.a(functexcept.o) (vtable for std::bad_cast)
/opt/devkitpro/devkitARM/bin/../lib/gcc/arm-none-eabi/12.2.0/../../../../arm-none-eabi/lib/thumb/libstdc++.a(bad_typeid.o)
                              /opt/devkitpro/devkitARM/bin/../lib/gcc/arm-none-eabi/12.2.0/../../../../arm-none-eabi/lib/thumb/libstdc++.a(functexcept.o) (vtable for std::bad_typeid)
/opt/devkitpro/devkitARM/bin/../lib/gcc/arm-none-eabi/12.2.0/../../../../arm-none-eabi/lib/thumb/libstdc++.a(class_type_info.o)
                              /opt/devkitpro/devkitARM/bin/../lib/gcc/arm-none-eabi/12.2.0/../../../../arm-none-eabi/lib/thumb/libstdc++.a(shared_ptr.o) (vtable for __cxxabiv1::__class_type_info)
/opt/devkitpro/devkitARM/bin/../lib/gcc/arm-none-eabi/12.2.0/../../../../arm-none-eabi/lib/thumb/libstdc++.a(del_op.o)
                              /opt/devkitpro/devkitARM/bin/../lib/gcc/arm-none-eabi/12.2.0/../../../../arm-none-eabi/lib/thumb/libstdc++.a(del_ops.o) (operator delete(void*))
/opt/devkitpro/devkitARM/bin/../lib/gcc/arm-none-eabi/12.2.0/../../../../arm-none-eabi/lib/thumb/libstdc++.a(eh_alloc.o)
[...]
Memory Configuration

Name             Origin             Length             Attributes
rom              0x0000000008000000 0x0000000002000000
iwram            0x0000000003000000 0x0000000000008000
ewram            0x0000000002000000 0x0000000000040000
*default*        0x0000000000000000 0xffffffffffffffff

Linker script and memory map

                0x0000000008000000                __text_start = ORIGIN (rom)
                0x0000000002040000                __eheap_end = (ORIGIN (ewram) + LENGTH (ewram))
                0x0000000003000000                __iwram_start = ORIGIN (iwram)
                0x0000000003008000                __iwram_top = (ORIGIN (iwram) + LENGTH (iwram))
                0x0000000003007fa0                __sp_irq = (__iwram_top - 0x60)
                0x0000000003007f00                __sp_usr = (__sp_irq - 0xa0)
                0x0000000003007ff8                __irq_flags = 0x3007ff8
                0x0000000008000000                . = __text_start

.crt0           0x0000000008000000      0x210
 *(.crt0)
 .crt0          0x0000000008000000      0x210 /opt/devkitpro/devkitARM/bin/../lib/gcc/arm-none-eabi/12.2.0/../../../../arm-none-eabi/lib/thumb/gba_crt0.o
                0x0000000008000000                _start
                0x00000000080000c4                __boot_method
                0x00000000080000c5                __slave_number
                0x00000000080000e0                start_vector
                0x0000000008000210                . = ALIGN (0x4)

.init           0x0000000008000210        0xc
 *(SORT_NONE(.init))
 .init          0x0000000008000210        0x4 /opt/devkitpro/devkitARM/bin/../lib/gcc/arm-none-eabi/12.2.0/thumb/crti.o
                0x0000000008000210                _init
 .init          0x0000000008000214        0x8 /opt/devkitpro/devkitARM/bin/../lib/gcc/arm-none-eabi/12.2.0/thumb/crtn.o

.plt            0x000000000800021c        0x0
 *(.plt)
                0x000000000800021c                . = ALIGN (0x4)

.text           0x0000000008000220     0xedd8
 *(EXCLUDE_FILE(*.iwram*) .text*)
 .text.__do_global_dtors_aux
                0x0000000008000220       0x2c /opt/devkitpro/devkitARM/bin/../lib/gcc/arm-none-eabi/12.2.0/thumb/crtbegin.o
 .text.frame_dummy
                0x000000000800024c       0x24 /opt/devkitpro/devkitARM/bin/../lib/gcc/arm-none-eabi/12.2.0/thumb/crtbegin.o
 .text          0x0000000008000270      0x290 e_pipe.o
                0x0000000008000270                Pipe::Pipe(int, int, int)
                0x0000000008000270                Pipe::Pipe(int, int, int)
                0x000000000800035c                Pipe::~Pipe()
                0x000000000800035c                Pipe::~Pipe()
                0x0000000008000360                Pipe::updateSprs()
                0x00000000080003f4                Pipe::update()
                0x0000000008000448                Pipe::PipeVsPlayer(Player&)
                0x00000000080004c8                Pipe::die()
 .text          0x0000000008000500      0x284 e_player.o
                0x0000000008000500                Player::Player()
                0x0000000008000500                Player::Player()
                0x00000000080005c0                Player::~Player()
                0x00000000080005c0                Player::~Player()
                0x00000000080005f0                Player::update()
                0x0000000008000714                Player::updateSprites()
                0x0000000008000744                Player::setTile(unsigned short)
 .text.startup  0x0000000008000784       0x2c main.o
                0x0000000008000784                main
 .text          0x00000000080007b0      0x18c map.o
                0x00000000080007b0                Map::Map(unsigned short, unsigned short const*, unsigned int, unsigned int, unsigned short, unsigned short, bool)
                0x00000000080007b0                Map::Map(unsigned short, unsigned short const*, unsigned int, unsigned int, unsigned short, unsigned short, bool)
                0x00000000080008a4                Map::~Map()
                0x00000000080008a4                Map::~Map()
                0x0000000008000910                Map::update()
 .text          0x000000000800093c       0x5c scener.o
                0x000000000800093c                Scener::set(Scener::Scene&)
                0x0000000008000954                Scener::update()
 .text          0x0000000008000998      0x4b0 s_game.o
                0x0000000008000998                Game::end()
                0x0000000008000a40                Game::init()
                0x0000000008000cb8                Game::spawnPipes()
                0x0000000008000d7c                Game::update()
 .text._ZNSt23_Sp_counted_ptr_inplaceI4PipeSaIvELN9__gnu_cxx12_Lock_policyE0EED2Ev
                0x0000000008000e48        0x4 s_game.o
                0x0000000008000e48                std::_Sp_counted_ptr_inplace<Pipe, std::allocator<void>, (__gnu_cxx::_Lock_policy)0>::~_Sp_counted_ptr_inplace()
                0x0000000008000e48                std::_Sp_counted_ptr_inplace<Pipe, std::allocator<void>, (__gnu_cxx::_Lock_policy)0>::~_Sp_counted_ptr_inplace()
 .text._ZNSt23_Sp_counted_ptr_inplaceI3MapSaIvELN9__gnu_cxx12_Lock_policyE0EED2Ev
                0x0000000008000e4c        0x4 s_game.o
                0x0000000008000e4c                std::_Sp_counted_ptr_inplace<Map, std::allocator<void>, (__gnu_cxx::_Lock_policy)0>::~_Sp_counted_ptr_inplace()
                0x0000000008000e4c                std::_Sp_counted_ptr_inplace<Map, std::allocator<void>, (__gnu_cxx::_Lock_policy)0>::~_Sp_counted_ptr_inplace()
 .text._ZNSt23_Sp_counted_ptr_inplaceI6PlayerSaIvELN9__gnu_cxx12_Lock_policyE0EED2Ev
                0x0000000008000e50        0x4 s_game.o
                0x0000000008000e50                std::_Sp_counted_ptr_inplace<Player, std::allocator<void>, (__gnu_cxx::_Lock_policy)0>::~_Sp_counted_ptr_inplace()
                0x0000000008000e50                std::_Sp_counted_ptr_inplace<Player, std::allocator<void>, (__gnu_cxx::_Lock_policy)0>::~_Sp_counted_ptr_inplace()
 .text._ZNSt23_Sp_counted_ptr_inplaceI6PlayerSaIvELN9__gnu_cxx12_Lock_policyE0EE14_M_get_deleterERKSt9type_info
                0x0000000008000e54       0x28 s_game.o
                0x0000000008000e54                std::_Sp_counted_ptr_inplace<Player, std::allocator<void>, (__gnu_cxx::_Lock_policy)0>::_M_get_deleter(std::type_info const&)
 .text._ZNSt23_Sp_counted_ptr_inplaceI3MapSaIvELN9__gnu_cxx12_Lock_policyE0EE14_M_get_deleterERKSt9type_info
                0x0000000008000e7c       0x28 s_game.o
                0x0000000008000e7c                std::_Sp_counted_ptr_inplace<Map, std::allocator<void>, (__gnu_cxx::_Lock_policy)0>::_M_get_deleter(std::type_info const&)
 .text._ZNSt23_Sp_counted_ptr_inplaceI4PipeSaIvELN9__gnu_cxx12_Lock_policyE0EE14_M_get_deleterERKSt9type_info
                0x0000000008000ea4       0x28 s_game.o
                0x0000000008000ea4                std::_Sp_counted_ptr_inplace<Pipe, std::allocator<void>, (__gnu_cxx::_Lock_policy)0>::_M_get_deleter(std::type_info const&)
 .text._ZNSt23_Sp_counted_ptr_inplaceI6PlayerSaIvELN9__gnu_cxx12_Lock_policyE0EE10_M_disposeEv
                0x0000000008000ecc       0x10 s_game.o
                0x0000000008000ecc                std::_Sp_counted_ptr_inplace<Player, std::allocator<void>, (__gnu_cxx::_Lock_policy)0>::_M_dispose()
 .text._ZNSt23_Sp_counted_ptr_inplaceI6PlayerSaIvELN9__gnu_cxx12_Lock_policyE0EED0Ev
                0x0000000008000edc       0x14 s_game.o
                0x0000000008000edc                std::_Sp_counted_ptr_inplace<Player, std::allocator<void>, (__gnu_cxx::_Lock_policy)0>::~_Sp_counted_ptr_inplace()
 .text._ZNSt23_Sp_counted_ptr_inplaceI4PipeSaIvELN9__gnu_cxx12_Lock_policyE0EED0Ev
                0x0000000008000ef0       0x14 s_game.o
                0x0000000008000ef0                std::_Sp_counted_ptr_inplace<Pipe, std::allocator<void>, (__gnu_cxx::_Lock_policy)0>::~_Sp_counted_ptr_inplace()
 .text._ZNSt23_Sp_counted_ptr_inplaceI3MapSaIvELN9__gnu_cxx12_Lock_policyE0EED0Ev
                0x0000000008000f04       0x14 s_game.o
                0x0000000008000f04                std::_Sp_counted_ptr_inplace<Map, std::allocator<void>, (__gnu_cxx::_Lock_policy)0>::~_Sp_counted_ptr_inplace()
 .text._ZNSt23_Sp_counted_ptr_inplaceI6PlayerSaIvELN9__gnu_cxx12_Lock_policyE0EE10_M_destroyEv
                0x0000000008000f18       0x10 s_game.o
                0x0000000008000f18                std::_Sp_counted_ptr_inplace<Player, std::allocator<void>, (__gnu_cxx::_Lock_policy)0>::_M_destroy()
 .text._ZNSt23_Sp_counted_ptr_inplaceI3MapSaIvELN9__gnu_cxx12_Lock_policyE0EE10_M_destroyEv
                0x0000000008000f28       0x10 s_game.o
                0x0000000008000f28                std::_Sp_counted_ptr_inplace<Map, std::allocator<void>, (__gnu_cxx::_Lock_policy)0>::_M_destroy()
 .text._ZNSt23_Sp_counted_ptr_inplaceI4PipeSaIvELN9__gnu_cxx12_Lock_policyE0EE10_M_destroyEv
                0x0000000008000f38       0x10 s_game.o
                0x0000000008000f38                std::_Sp_counted_ptr_inplace<Pipe, std::allocator<void>, (__gnu_cxx::_Lock_policy)0>::_M_destroy()
 .text._ZNSt23_Sp_counted_ptr_inplaceI4PipeSaIvELN9__gnu_cxx12_Lock_policyE0EE10_M_disposeEv
                0x0000000008000f48       0x10 s_game.o
                0x0000000008000f48                std::_Sp_counted_ptr_inplace<Pipe, std::allocator<void>, (__gnu_cxx::_Lock_policy)0>::_M_dispose()
 .text._ZNSt23_Sp_counted_ptr_inplaceI3MapSaIvELN9__gnu_cxx12_Lock_policyE0EE10_M_disposeEv
                0x0000000008000f58       0x10 s_game.o
                0x0000000008000f58                std::_Sp_counted_ptr_inplace<Map, std::allocator<void>, (__gnu_cxx::_Lock_policy)0>::_M_dispose()
 .text._ZNSt6vectorI4PipeSaIS0_EE17_M_realloc_insertIJRKS0_EEEvN9__gnu_cxx17__normal_iteratorIPS0_S2_EEDpOT_
                0x0000000008000f68      0x118 s_game.o
                0x0000000008000f68                void std::vector<Pipe, std::allocator<Pipe> >::_M_realloc_insert<Pipe const&>(__gnu_cxx::__normal_iterator<Pipe*, std::vector<Pipe, std::allocator<Pipe> > >, Pipe const&)
 .text.startup  0x0000000008001080       0x10 s_game.o
 .text.exit     0x0000000008001090       0xa0 s_game.o
 .text          0x0000000008001130       0x64 mgba.o
                0x0000000008001130                mgba_printf
                0x0000000008001168                mgba_open
                0x0000000008001188                mgba_close
 .text          0x0000000008001194      0x3b0 sprites.o
                0x0000000008001194                T_initObjs
                0x00000000080011d8                T_removeObj
                0x0000000008001220                T_updateObjs
                0x0000000008001364                T_objVsObj
                0x00000000080013cc                T_objVsObj2
                0x0000000008001420                _setGfxObj
                0x0000000008001478                T_addObj
 .text          0x0000000008001544      0x264 posprintf.o
                0x0000000008001544                posprintf
 .text          0x00000000080017a8      0x354 /opt/devkitpro/libtonc/lib/libtonc.a(tonc_irq.o)
                0x00000000080017a8                irq_init
                0x00000000080017ec                irq_set_master
                0x0000000008001818                irq_set
                0x0000000008001940                irq_add
                0x00000000080019b8                irq_delete
                0x0000000008001a6c                irq_enable
                0x0000000008001ab4                irq_disable
 .text          0x0000000008001afc      0x1c4 /opt/devkitpro/libtonc/lib/libtonc.a(tonc_core.o)
                0x0000000008001afc                tonccpy
                0x0000000008001bac                __toncset
                0x0000000008001c3c                sqran
                0x0000000008001c4c                octant
                0x0000000008001c6c                octant_rot
 .text          0x0000000008001cc0       0xa8 /opt/devkitpro/libtonc/lib/libtonc.a(tonc_input.o)
                0x0000000008001cc0                key_poll
                0x0000000008001d14                key_wait_till_hit
                0x0000000008001d38                key_repeat
                0x0000000008001d44                key_repeat_mask
                0x0000000008001d54                key_repeat_limits
 .text          0x0000000008001d68      0x10c /opt/devkitpro/libtonc/lib/libtonc.a(tte_init_chr4c.o)
                0x0000000008001d68                chr4c_erase
                0x0000000008001d90                tte_init_chr4c
 .text          0x0000000008001e74      0x958 /opt/devkitpro/libtonc/lib/libtonc.a(tte_main.o)
                0x0000000008001e74                dummy_drawg
                0x0000000008001e78                dummy_erase
                0x0000000008001e7c                tte_set_context
                0x0000000008001e94                tte_set_color_attr
                0x0000000008001ea4                tte_set_color_attrs
                0x0000000008001ec0                tte_set_color
                0x0000000008001ee0                tte_set_colors
                0x0000000008001f20                tte_init_base
                0x0000000008001fb4                utf8_decode_char
                0x0000000008002068                tte_cmd_skip
                0x0000000008002078                tte_cmd_next
                0x00000000080020b0                tte_putc
                0x0000000008002100                tte_erase_rect
                0x000000000800211c                tte_erase_screen
                0x0000000008002140                tte_erase_line
                0x0000000008002168                tte_cmd_default
                0x00000000080025bc                tte_write
                0x00000000080026a8                tte_write_ex
                0x00000000080026d8                tte_get_text_size
                0x00000000080027ac                tte_set_margins
 .text          0x00000000080027cc      0x134 /opt/devkitpro/libtonc/lib/libtonc.a(chr4c_drawg_b1cts.o)
                0x00000000080027cc                chr4c_drawg_b1cts
 .text          0x0000000008002900       0x8c /opt/devkitpro/libtonc/lib/libtonc.a(tonc_bios.o)
                0x0000000008002900                SoftReset
                0x0000000008002904                RegisterRamReset
                0x0000000008002908                Halt
                0x000000000800290c                Stop
                0x0000000008002910                IntrWait
                0x0000000008002914                VBlankIntrWait
                0x0000000008002918                Div
                0x000000000800291c                DivArm
                0x0000000008002920                Sqrt
                0x0000000008002924                ArcTan
                0x0000000008002928                ArcTan2
                0x000000000800292c                CpuSet
                0x0000000008002930                CpuFastSet
                0x0000000008002934                BiosCheckSum
                0x0000000008002938                BgAffineSet
                0x000000000800293c                ObjAffineSet
                0x0000000008002940                BitUnPack
                0x0000000008002944                LZ77UnCompWram
                0x0000000008002948                LZ77UnCompVram
                0x000000000800294c                HuffUnComp
                0x0000000008002950                RLUnCompWram
                0x0000000008002954                RLUnCompVram
                0x0000000008002958                Diff8bitUnFilterWram
                0x000000000800295c                Diff8bitUnFilterVram
                0x0000000008002960                Diff16bitUnFilter
                0x0000000008002964                SoundBias
                0x0000000008002968                SoundDriverInit
                0x000000000800296c                SoundDriverMode
                0x0000000008002970                SoundDriverMain
                0x0000000008002974                SoundDriverVSync
                0x0000000008002978                SoundChannelClear
                0x000000000800297c                MidiKey2Freq
                0x0000000008002980                MultiBoot
                0x0000000008002984                SoundDriverVSyncOff
                0x0000000008002988                SoundDriverVSyncOn
 .text          0x000000000800298c       0x44 /opt/devkitpro/libtonc/lib/libtonc.a(tonc_memcpy.o)
                0x000000000800298c                memcpy16
 .text          0x00000000080029d0       0x54 /opt/devkitpro/libtonc/lib/libtonc.a(tonc_bios_ex.o)
                0x00000000080029d0                VBlankIntrDelay
                0x00000000080029e0                DivSafe
                0x00000000080029f4                Mod
                0x00000000080029fc                DivAbs
                0x0000000008002a04                DivArmMod
                0x0000000008002a0c                DivArmAbs
                0x0000000008002a14                CpuFastFill
 .text          0x0000000008002a24      0x9d8 /opt/devkitpro/libtonc/lib/libtonc.a(tonc_schr4c.o)
                0x0000000008002a24                schr4c_get_pixel
                0x0000000008002a4c                schr4c_plot
                0x0000000008002a7c                schr4c_hline
                0x0000000008002b58                schr4c_vline
                0x0000000008002ba0                schr4c_blit
                0x0000000008002ed0                schr4c_line
                0x000000000800305c                schr4c_frame
                0x00000000080030ec                schr4c_rect
                0x0000000008003210                schr4c_prep_map
                0x0000000008003258                schr4c_get_ptr
                0x0000000008003268                schr4c_floodfill_internal
                0x00000000080033c4                schr4c_floodfill
 .text          0x00000000080033fc      0x16c /opt/devkitpro/libtonc/lib/libtonc.a(tonc_surface.o)
                0x00000000080033fc                srf_init
                0x00000000080034c4                srf_pal_copy
                0x00000000080034ec                srf_get_ptr
 .text._ZdlPvj  0x0000000008003568        0xc /opt/devkitpro/devkitARM/bin/../lib/gcc/arm-none-eabi/12.2.0/../../../../arm-none-eabi/lib/thumb/libstdc++.a(del_ops.o)
                0x0000000008003568                operator delete(void*, unsigned int)
 .text._Znwj    0x0000000008003574       0x48 /opt/devkitpro/devkitARM/bin/../lib/gcc/arm-none-eabi/12.2.0/../../../../arm-none-eabi/lib/thumb/libstdc++.a(new_op.o)
                0x0000000008003574                operator new(unsigned int)
 .text.unlikely._ZSt19__throw_logic_errorPKc
                0x00000000080035bc       0x30 /opt/devkitpro/devkitARM/bin/../lib/gcc/arm-none-eabi/12.2.0/../../../../arm-none-eabi/lib/thumb/libstdc++.a(functexcept.o)
                0x00000000080035bc                std::__throw_logic_error(char const*)
 .text.unlikely._ZSt20__throw_length_errorPKc
                0x00000000080035ec       0x30 /opt/devkitpro/devkitARM/bin/../lib/gcc/arm-none-eabi/12.2.0/../../../../arm-none-eabi/lib/thumb/libstdc++.a(functexcept.o)
                0x00000000080035ec                std::__throw_length_error(char const*)
 .text._ZNSt19_Sp_make_shared_tag5_S_eqERKSt9type_info
                0x000000000800361c       0x14 /opt/devkitpro/devkitARM/bin/../lib/gcc/arm-none-eabi/12.2.0/../../../../arm-none-eabi/lib/thumb/libstdc++.a(shared_ptr.o)
                0x000000000800361c                std::_Sp_make_shared_tag::_S_eq(std::type_info const&)
 .text._ZNKSt9bad_alloc4whatEv
                0x0000000008003630        0x8 /opt/devkitpro/devkitARM/bin/../lib/gcc/arm-none-eabi/12.2.0/../../../../arm-none-eabi/lib/thumb/libstdc++.a(bad_alloc.o)
                0x0000000008003630                std::bad_alloc::what() const
 .text._ZNSt9bad_allocD2Ev
                0x0000000008003638       0x18 /opt/devkitpro/devkitARM/bin/../lib/gcc/arm-none-eabi/12.2.0/../../../../arm-none-eabi/lib/thumb/libstdc++.a(bad_alloc.o)
                0x0000000008003638                std::bad_alloc::~bad_alloc()
                0x0000000008003638                std::bad_alloc::~bad_alloc()
 .text._ZNSt9bad_allocD0Ev
                0x0000000008003650       0x20 /opt/devkitpro/devkitARM/bin/../lib/gcc/arm-none-eabi/12.2.0/../../../../arm-none-eabi/lib/thumb/libstdc++.a(bad_alloc.o)
                0x0000000008003650                std::bad_alloc::~bad_alloc()
 .text._ZNK10__cxxabiv117__class_type_info11__do_upcastEPKS0_PPv
                0x0000000008003670       0x3c /opt/devkitpro/devkitARM/bin/../lib/gcc/arm-none-eabi/12.2.0/../../../../arm-none-eabi/lib/thumb/libstdc++.a(class_type_info.o)
                0x0000000008003670                __cxxabiv1::__class_type_info::__do_upcast(__cxxabiv1::__class_type_info const*, void**) const
 .text._ZNK10__cxxabiv117__class_type_info20__do_find_public_srcEiPKvPKS0_S2_
                0x00000000080036ac       0x14 /opt/devkitpro/devkitARM/bin/../lib/gcc/arm-none-eabi/12.2.0/../../../../arm-none-eabi/lib/thumb/libstdc++.a(class_type_info.o)
                0x00000000080036ac                __cxxabiv1::__class_type_info::__do_find_public_src(int, void const*, __cxxabiv1::__class_type_info const*, void const*) const
 .text._ZN10__cxxabiv117__class_type_infoD2Ev
                0x00000000080036c0       0x18 /opt/devkitpro/devkitARM/bin/../lib/gcc/arm-none-eabi/12.2.0/../../../../arm-none-eabi/lib/thumb/libstdc++.a(class_type_info.o)
                0x00000000080036c0                __cxxabiv1::__class_type_info::~__class_type_info()
                0x00000000080036c0                __cxxabiv1::__class_type_info::~__class_type_info()
 .text._ZN10__cxxabiv117__class_type_infoD0Ev
                0x00000000080036d8       0x20 /opt/devkitpro/devkitARM/bin/../lib/gcc/arm-none-eabi/12.2.0/../../../../arm-none-eabi/lib/thumb/libstdc++.a(class_type_info.o)
                0x00000000080036d8                __cxxabiv1::__class_type_info::~__class_type_info()
 .text._ZNK10__cxxabiv117__class_type_info12__do_dyncastEiNS0_10__sub_kindEPKS0_PKvS3_S5_RNS0_16__dyncast_resultE
                0x00000000080036f8       0x44 /opt/devkitpro/devkitARM/bin/../lib/gcc/arm-none-eabi/12.2.0/../../../../arm-none-eabi/lib/thumb/libstdc++.a(class_type_info.o)
                0x00000000080036f8                __cxxabiv1::__class_type_info::__do_dyncast(int, __cxxabiv1::__class_type_info::__sub_kind, __cxxabiv1::__class_type_info const*, void const*, __cxxabiv1::__class_type_info const*, void const*, __cxxabiv1::__class_type_info::__dyncast_result&) const
 .text._ZNK10__cxxabiv117__class_type_info11__do_upcastEPKS0_PKvRNS0_15__upcast_resultE
                0x000000000800373c       0x20 /opt/devkitpro/devkitARM/bin/../lib/gcc/arm-none-eabi/12.2.0/../../../../arm-none-eabi/lib/thumb/libstdc++.a(class_type_info.o)
                0x000000000800373c                __cxxabiv1::__class_type_info::__do_upcast(__cxxabiv1::__class_type_info const*, void const*, __cxxabiv1::__class_type_info::__upcast_result&) const
 .text._ZNK10__cxxabiv117__class_type_info10__do_catchEPKSt9type_infoPPvj
                0x000000000800375c       0x2c /opt/devkitpro/devkitARM/bin/../lib/gcc/arm-none-eabi/12.2.0/../../../../arm-none-eabi/lib/thumb/libstdc++.a(class_type_info.o)
                0x000000000800375c                __cxxabiv1::__class_type_info::__do_catch(std::type_info const*, void**, unsigned int) const
 .text._ZdlPv   0x0000000008003788        0xc /opt/devkitpro/devkitARM/bin/../lib/gcc/arm-none-eabi/12.2.0/../../../../arm-none-eabi/lib/thumb/libstdc++.a(del_op.o)
                0x0000000008003788                operator delete(void*)
 .text._ZN12_GLOBAL__N_14pool4freeEPv.constprop.0
                0x0000000008003794       0x70 /opt/devkitpro/devkitARM/bin/../lib/gcc/arm-none-eabi/12.2.0/../../../../arm-none-eabi/lib/thumb/libstdc++.a(eh_alloc.o)
 .text._ZN12_GLOBAL__N_14pool8allocateEj.constprop.0
                0x0000000008003804       0x54 /opt/devkitpro/devkitARM/bin/../lib/gcc/arm-none-eabi/12.2.0/../../../../arm-none-eabi/lib/thumb/libstdc++.a(eh_alloc.o)
 .text.__cxa_allocate_exception
                0x0000000008003858       0x30 /opt/devkitpro/devkitARM/bin/../lib/gcc/arm-none-eabi/12.2.0/../../../../arm-none-eabi/lib/thumb/libstdc++.a(eh_alloc.o)
                0x0000000008003858                __cxa_allocate_exception
 .text.__cxa_free_exception
                0x0000000008003888       0x28 /opt/devkitpro/devkitARM/bin/../lib/gcc/arm-none-eabi/12.2.0/../../../../arm-none-eabi/lib/thumb/libstdc++.a(eh_alloc.o)
                0x0000000008003888                __cxa_free_exception
 .text.startup._GLOBAL__sub_I__ZN9__gnu_cxx9__freeresEv
                0x00000000080038b0       0x2c /opt/devkitpro/devkitARM/bin/../lib/gcc/arm-none-eabi/12.2.0/../../../../arm-none-eabi/lib/thumb/libstdc++.a(eh_alloc.o)
 .text.__cxa_end_cleanup
                0x00000000080038dc        0xc /opt/devkitpro/devkitARM/bin/../lib/gcc/arm-none-eabi/12.2.0/../../../../arm-none-eabi/lib/thumb/libstdc++.a(eh_arm.o)
                0x00000000080038dc                __cxa_end_cleanup
 .text.__cxa_type_match
                0x00000000080038e8       0xc8 /opt/devkitpro/devkitARM/bin/../lib/gcc/arm-none-eabi/12.2.0/../../../../arm-none-eabi/lib/thumb/libstdc++.a(eh_arm.o)
                0x00000000080038e8                __cxa_type_match
 .text.__cxa_begin_cleanup
                0x00000000080039b0       0x64 /opt/devkitpro/devkitARM/bin/../lib/gcc/arm-none-eabi/12.2.0/../../../../arm-none-eabi/lib/thumb/libstdc++.a(eh_arm.o)
                0x00000000080039b0                __cxa_begin_cleanup
 .text.__gnu_end_cleanup
                0x0000000008003a14       0x74 /opt/devkitpro/devkitARM/bin/../lib/gcc/arm-none-eabi/12.2.0/../../../../arm-none-eabi/lib/thumb/libstdc++.a(eh_arm.o)
                0x0000000008003a14                __gnu_end_cleanup
 .text._ZNSt9exceptionD2Ev
                0x0000000008003a88        0x4 /opt/devkitpro/devkitARM/bin/../lib/gcc/arm-none-eabi/12.2.0/../../../../arm-none-eabi/lib/thumb/libstdc++.a(eh_exception.o)
                0x0000000008003a88                std::exception::~exception()
                0x0000000008003a88                std::exception::~exception()
 .text._ZNSt13bad_exceptionD2Ev
                0x0000000008003a8c        0x4 /opt/devkitpro/devkitARM/bin/../lib/gcc/arm-none-eabi/12.2.0/../../../../arm-none-eabi/lib/thumb/libstdc++.a(eh_exception.o)
                0x0000000008003a8c                std::bad_exception::~bad_exception()
                0x0000000008003a8c                std::bad_exception::~bad_exception()
 .text._ZNKSt13bad_exception4whatEv
                0x0000000008003a90        0x8 /opt/devkitpro/devkitARM/bin/../lib/gcc/arm-none-eabi/12.2.0/../../../../arm-none-eabi/lib/thumb/libstdc++.a(eh_exception.o)
                0x0000000008003a90                transaction clone for std::bad_exception::what() const
                0x0000000008003a90                std::bad_exception::what() const
 .text._ZNSt13bad_exceptionD0Ev
                0x0000000008003a98       0x14 /opt/devkitpro/devkitARM/bin/../lib/gcc/arm-none-eabi/12.2.0/../../../../arm-none-eabi/lib/thumb/libstdc++.a(eh_exception.o)
                0x0000000008003a98                std::bad_exception::~bad_exception()
 .text.__cxa_get_globals_fast
                0x0000000008003aac        0x8 /opt/devkitpro/devkitARM/bin/../lib/gcc/arm-none-eabi/12.2.0/../../../../arm-none-eabi/lib/thumb/libstdc++.a(eh_globals.o)
                0x0000000008003aac                __cxa_get_globals_fast
 .text.__cxa_get_globals
                0x0000000008003ab4        0x8 /opt/devkitpro/devkitARM/bin/../lib/gcc/arm-none-eabi/12.2.0/../../../../arm-none-eabi/lib/thumb/libstdc++.a(eh_globals.o)
                0x0000000008003ab4                __cxa_get_globals
 .text._ZL28read_encoded_value_with_basehjPKhPj
                0x0000000008003abc      0x104 /opt/devkitpro/devkitARM/bin/../lib/gcc/arm-none-eabi/12.2.0/../../../../arm-none-eabi/lib/thumb/libstdc++.a(eh_personality.o)
 .text._ZL21base_of_encoded_valuehP15_Unwind_Context
                0x0000000008003bc0       0x44 /opt/devkitpro/devkitARM/bin/../lib/gcc/arm-none-eabi/12.2.0/../../../../arm-none-eabi/lib/thumb/libstdc++.a(eh_personality.o)
 .text._ZL17parse_lsda_headerP15_Unwind_ContextPKhP16lsda_header_info
                0x0000000008003c04       0x94 /opt/devkitpro/devkitARM/bin/../lib/gcc/arm-none-eabi/12.2.0/../../../../arm-none-eabi/lib/thumb/libstdc++.a(eh_personality.o)
 .text.__gxx_personality_v0
                0x0000000008003c98      0x49c /opt/devkitpro/devkitARM/bin/../lib/gcc/arm-none-eabi/12.2.0/../../../../arm-none-eabi/lib/thumb/libstdc++.a(eh_personality.o)
                0x0000000008003c98                __gxx_personality_v0
 .text._ZN10__cxxabiv111__terminateEPFvvE
                0x0000000008004134       0x14 /opt/devkitpro/devkitARM/bin/../lib/gcc/arm-none-eabi/12.2.0/../../../../arm-none-eabi/lib/thumb/libstdc++.a(eh_terminate.o)
                0x0000000008004134                __cxxabiv1::__terminate(void (*)())
 .text._ZSt9terminatev
                0x0000000008004148       0x10 /opt/devkitpro/devkitARM/bin/../lib/gcc/arm-none-eabi/12.2.0/../../../../arm-none-eabi/lib/thumb/libstdc++.a(eh_terminate.o)
                0x0000000008004148                std::terminate()
 .text._ZN10__cxxabiv112__unexpectedEPFvvE
                0x0000000008004158        0xc /opt/devkitpro/devkitARM/bin/../lib/gcc/arm-none-eabi/12.2.0/../../../../arm-none-eabi/lib/thumb/libstdc++.a(eh_terminate.o)
                0x0000000008004158                __cxxabiv1::__unexpected(void (*)())
 .text._ZSt10unexpectedv
                0x0000000008004164       0x10 /opt/devkitpro/devkitARM/bin/../lib/gcc/arm-none-eabi/12.2.0/../../../../arm-none-eabi/lib/thumb/libstdc++.a(eh_terminate.o)
                0x0000000008004164                std::unexpected()
 .text._ZSt13get_terminatev
                0x0000000008004174        0xc /opt/devkitpro/devkitARM/bin/../lib/gcc/arm-none-eabi/12.2.0/../../../../arm-none-eabi/lib/thumb/libstdc++.a(eh_terminate.o)
                0x0000000008004174                std::get_terminate()
 .text._ZSt14get_unexpectedv
                0x0000000008004180        0xc /opt/devkitpro/devkitARM/bin/../lib/gcc/arm-none-eabi/12.2.0/../../../../arm-none-eabi/lib/thumb/libstdc++.a(eh_terminate.o)
                0x0000000008004180                std::get_unexpected()
 .text._ZL23__gxx_exception_cleanup19_Unwind_Reason_CodeP21_Unwind_Control_Block
                0x000000000800418c       0x3c /opt/devkitpro/devkitARM/bin/../lib/gcc/arm-none-eabi/12.2.0/../../../../arm-none-eabi/lib/thumb/libstdc++.a(eh_throw.o)
 .text.__cxa_init_primary_exception
                0x00000000080041c8       0x50 /opt/devkitpro/devkitARM/bin/../lib/gcc/arm-none-eabi/12.2.0/../../../../arm-none-eabi/lib/thumb/libstdc++.a(eh_throw.o)
                0x00000000080041c8                __cxa_init_primary_exception
 .text.__cxa_throw
                0x0000000008004218       0x34 /opt/devkitpro/devkitARM/bin/../lib/gcc/arm-none-eabi/12.2.0/../../../../arm-none-eabi/lib/thumb/libstdc++.a(eh_throw.o)
                0x0000000008004218                __cxa_throw
 .text.__cxa_rethrow
                0x000000000800424c       0x70 /opt/devkitpro/devkitARM/bin/../lib/gcc/arm-none-eabi/12.2.0/../../../../arm-none-eabi/lib/thumb/libstdc++.a(eh_throw.o)
                0x000000000800424c                __cxa_rethrow
 .text._ZSt15get_new_handlerv
                0x00000000080042bc        0xc /opt/devkitpro/devkitARM/bin/../lib/gcc/arm-none-eabi/12.2.0/../../../../arm-none-eabi/lib/thumb/libstdc++.a(new_handler.o)
                0x00000000080042bc                std::get_new_handler()
 .text._ZN10__cxxabiv120__si_class_type_infoD2Ev
                0x00000000080042c8       0x18 /opt/devkitpro/devkitARM/bin/../lib/gcc/arm-none-eabi/12.2.0/../../../../arm-none-eabi/lib/thumb/libstdc++.a(si_class_type_info.o)
                0x00000000080042c8                __cxxabiv1::__si_class_type_info::~__si_class_type_info()
                0x00000000080042c8                __cxxabiv1::__si_class_type_info::~__si_class_type_info()
 .text._ZN10__cxxabiv120__si_class_type_infoD0Ev
                0x00000000080042e0       0x20 /opt/devkitpro/devkitARM/bin/../lib/gcc/arm-none-eabi/12.2.0/../../../../arm-none-eabi/lib/thumb/libstdc++.a(si_class_type_info.o)
                0x00000000080042e0                __cxxabiv1::__si_class_type_info::~__si_class_type_info()
 .text._ZNK10__cxxabiv120__si_class_type_info20__do_find_public_srcEiPKvPKNS_17__class_type_infoES2_
                0x0000000008004300       0x40 /opt/devkitpro/devkitARM/bin/../lib/gcc/arm-none-eabi/12.2.0/../../../../arm-none-eabi/lib/thumb/libstdc++.a(si_class_type_info.o)
                0x0000000008004300                __cxxabiv1::__si_class_type_info::__do_find_public_src(int, void const*, __cxxabiv1::__class_type_info const*, void const*) const
 .text._ZNK10__cxxabiv120__si_class_type_info12__do_dyncastEiNS_17__class_type_info10__sub_kindEPKS1_PKvS4_S6_RNS1_16__dyncast_resultE
                0x0000000008004340       0x90 /opt/devkitpro/devkitARM/bin/../lib/gcc/arm-none-eabi/12.2.0/../../../../arm-none-eabi/lib/thumb/libstdc++.a(si_class_type_info.o)
                0x0000000008004340                __cxxabiv1::__si_class_type_info::__do_dyncast(int, __cxxabiv1::__class_type_info::__sub_kind, __cxxabiv1::__class_type_info const*, void const*, __cxxabiv1::__class_type_info const*, void const*, __cxxabiv1::__class_type_info::__dyncast_result&) const
 .text._ZNK10__cxxabiv120__si_class_type_info11__do_upcastEPKNS_17__class_type_infoEPKvRNS1_15__upcast_resultE
                0x00000000080043d0       0x2c /opt/devkitpro/devkitARM/bin/../lib/gcc/arm-none-eabi/12.2.0/../../../../arm-none-eabi/lib/thumb/libstdc++.a(si_class_type_info.o)
                0x00000000080043d0                __cxxabiv1::__si_class_type_info::__do_upcast(__cxxabiv1::__class_type_info const*, void const*, __cxxabiv1::__class_type_info::__upcast_result&) const
 .text._ZNSt9type_infoD2Ev
                0x00000000080043fc        0x4 /opt/devkitpro/devkitARM/bin/../lib/gcc/arm-none-eabi/12.2.0/../../../../arm-none-eabi/lib/thumb/libstdc++.a(tinfo.o)
                0x00000000080043fc                std::type_info::~type_info()
                0x00000000080043fc                std::type_info::~type_info()
 .text._ZNKSt9type_info14__is_pointer_pEv
                0x0000000008004400        0x4 /opt/devkitpro/devkitARM/bin/../lib/gcc/arm-none-eabi/12.2.0/../../../../arm-none-eabi/lib/thumb/libstdc++.a(tinfo.o)
                0x0000000008004400                std::type_info::__is_function_p() const
                0x0000000008004400                std::type_info::__is_pointer_p() const
 .text._ZNKSt9type_infoeqERKS_
                0x0000000008004404       0x30 /opt/devkitpro/devkitARM/bin/../lib/gcc/arm-none-eabi/12.2.0/../../../../arm-none-eabi/lib/thumb/libstdc++.a(tinfo.o)
                0x0000000008004404                std::type_info::__equal(std::type_info const&) const
                0x0000000008004404                std::type_info::operator==(std::type_info const&) const
 .text._ZNKSt11logic_error4whatEv
                0x0000000008004434        0x4 /opt/devkitpro/devkitARM/bin/../lib/gcc/arm-none-eabi/12.2.0/../../../../arm-none-eabi/lib/thumb/libstdc++.a(stdexcept.o)
                0x0000000008004434                std::runtime_error::what() const
                0x0000000008004434                std::logic_error::what() const
 .text._ZNSt11logic_errorD2Ev
                0x0000000008004438       0x44 /opt/devkitpro/devkitARM/bin/../lib/gcc/arm-none-eabi/12.2.0/../../../../arm-none-eabi/lib/thumb/libstdc++.a(stdexcept.o)
                0x0000000008004438                std::logic_error::~logic_error()
                0x0000000008004438                std::logic_error::~logic_error()
 .text._ZNSt12length_errorD2Ev
                0x000000000800447c       0x44 /opt/devkitpro/devkitARM/bin/../lib/gcc/arm-none-eabi/12.2.0/../../../../arm-none-eabi/lib/thumb/libstdc++.a(stdexcept.o)
                0x000000000800447c                std::length_error::~length_error()
                0x000000000800447c                std::length_error::~length_error()
 .text._ZNSt11logic_errorD0Ev
                0x00000000080044c0       0x48 /opt/devkitpro/devkitARM/bin/../lib/gcc/arm-none-eabi/12.2.0/../../../../arm-none-eabi/lib/thumb/libstdc++.a(stdexcept.o)
                0x00000000080044c0                std::logic_error::~logic_error()
 .text._ZNSt12length_errorD0Ev
                0x0000000008004508       0x48 /opt/devkitpro/devkitARM/bin/../lib/gcc/arm-none-eabi/12.2.0/../../../../arm-none-eabi/lib/thumb/libstdc++.a(stdexcept.o)
                0x0000000008004508                std::length_error::~length_error()
 .text._ZNSt11logic_errorC2EPKc
                0x0000000008004550       0x8c /opt/devkitpro/devkitARM/bin/../lib/gcc/arm-none-eabi/12.2.0/../../../../arm-none-eabi/lib/thumb/libstdc++.a(cow-stdexcept.o)
                0x0000000008004550                std::logic_error::logic_error(char const*)
                0x0000000008004550                std::logic_error::logic_error(char const*)
 .text._ZNSt12length_errorC2EPKc
                0x00000000080045dc       0x18 /opt/devkitpro/devkitARM/bin/../lib/gcc/arm-none-eabi/12.2.0/../../../../arm-none-eabi/lib/thumb/libstdc++.a(cow-stdexcept.o)
                0x00000000080045dc                std::length_error::length_error(char const*)
                0x00000000080045dc                std::length_error::length_error(char const*)
 .text._ZNSs4_Rep9_S_createEjjRKSaIcE
                0x00000000080045f4       0x5c /opt/devkitpro/devkitARM/bin/../lib/gcc/arm-none-eabi/12.2.0/../../../../arm-none-eabi/lib/thumb/libstdc++.a(cow-string-inst.o)
                0x00000000080045f4                std::string::_Rep::_S_create(unsigned int, unsigned int, std::allocator<char> const&)
 .text._ZNSs4_Rep10_M_destroyERKSaIcE
                0x0000000008004650        0xc /opt/devkitpro/devkitARM/bin/../lib/gcc/arm-none-eabi/12.2.0/../../../../arm-none-eabi/lib/thumb/libstdc++.a(cow-string-inst.o)
                0x0000000008004650                std::string::_Rep::_M_destroy(std::allocator<char> const&)
 .text._ZN10__cxxabiv1L24__is_gxx_exception_classEPc
                0x000000000800465c       0x3c /opt/devkitpro/devkitARM/bin/../lib/gcc/arm-none-eabi/12.2.0/../../../../arm-none-eabi/lib/thumb/libstdc++.a(eh_call.o)
 .text.__cxa_call_terminate
                0x0000000008004698       0x20 /opt/devkitpro/devkitARM/bin/../lib/gcc/arm-none-eabi/12.2.0/../../../../arm-none-eabi/lib/thumb/libstdc++.a(eh_call.o)
                0x0000000008004698                __cxa_call_terminate
 .text.unlikely.__cxa_call_unexpected
                0x00000000080046b8       0xf0 /opt/devkitpro/devkitARM/bin/../lib/gcc/arm-none-eabi/12.2.0/../../../../arm-none-eabi/lib/thumb/libstdc++.a(eh_call.o)
                0x00000000080046b8                __cxa_call_unexpected
 .text.__cxa_begin_catch
                0x00000000080047a8       0x78 /opt/devkitpro/devkitARM/bin/../lib/gcc/arm-none-eabi/12.2.0/../../../../arm-none-eabi/lib/thumb/libstdc++.a(eh_catch.o)
                0x00000000080047a8                __cxa_begin_catch
 .text.__cxa_end_catch
                0x0000000008004820       0x94 /opt/devkitpro/devkitARM/bin/../lib/gcc/arm-none-eabi/12.2.0/../../../../arm-none-eabi/lib/thumb/libstdc++.a(eh_catch.o)
                0x0000000008004820                __cxa_end_catch
 .text          0x00000000080048b4      0x11c /opt/devkitpro/devkitARM/bin/../lib/gcc/arm-none-eabi/12.2.0/thumb/libgcc.a(_udivsi3.o)
                0x00000000080048b4                __udivsi3
                0x00000000080048b4                __aeabi_uidiv
                0x00000000080049b0                __aeabi_uidivmod
 .text          0x00000000080049d0      0x150 /opt/devkitpro/devkitARM/bin/../lib/gcc/arm-none-eabi/12.2.0/thumb/libgcc.a(_divsi3.o)
                0x00000000080049d0                __aeabi_idiv
                0x00000000080049d0                __divsi3
                0x0000000008004b00                __aeabi_idivmod
 .text          0x0000000008004b20        0x4 /opt/devkitpro/devkitARM/bin/../lib/gcc/arm-none-eabi/12.2.0/thumb/libgcc.a(_dvmd_tls.o)
                0x0000000008004b20                __aeabi_ldiv0
                0x0000000008004b20                __aeabi_idiv0
 .text.selfrel_offset31
                0x0000000008004b24       0x18 /opt/devkitpro/devkitARM/bin/../lib/gcc/arm-none-eabi/12.2.0/thumb/libgcc.a(unwind-arm.o)
 .text.search_EIT_table
                0x0000000008004b3c       0x74 /opt/devkitpro/devkitARM/bin/../lib/gcc/arm-none-eabi/12.2.0/thumb/libgcc.a(unwind-arm.o)
 .text.__gnu_unwind_get_pr_addr
                0x0000000008004bb0       0x2c /opt/devkitpro/devkitARM/bin/../lib/gcc/arm-none-eabi/12.2.0/thumb/libgcc.a(unwind-arm.o)
 .text.get_eit_entry
                0x0000000008004bdc       0x90 /opt/devkitpro/devkitARM/bin/../lib/gcc/arm-none-eabi/12.2.0/thumb/libgcc.a(unwind-arm.o)
 .text.restore_non_core_regs
                0x0000000008004c6c       0x5c /opt/devkitpro/devkitARM/bin/../lib/gcc/arm-none-eabi/12.2.0/thumb/libgcc.a(unwind-arm.o)
 .text._Unwind_decode_typeinfo_ptr.constprop.0
                0x0000000008004cc8        0xc /opt/devkitpro/devkitARM/bin/../lib/gcc/arm-none-eabi/12.2.0/thumb/libgcc.a(unwind-arm.o)
 .text._Unwind_DebugHook
                0x0000000008004cd4        0x4 /opt/devkitpro/devkitARM/bin/../lib/gcc/arm-none-eabi/12.2.0/thumb/libgcc.a(unwind-arm.o)
 .text.unwind_phase2
                0x0000000008004cd8       0x40 /opt/devkitpro/devkitARM/bin/../lib/gcc/arm-none-eabi/12.2.0/thumb/libgcc.a(unwind-arm.o)
 .text.unwind_phase2_forced
                0x0000000008004d18       0xd8 /opt/devkitpro/devkitARM/bin/../lib/gcc/arm-none-eabi/12.2.0/thumb/libgcc.a(unwind-arm.o)
 .text.__gnu_Unwind_RaiseException
                0x0000000008004df0       0x58 /opt/devkitpro/devkitARM/bin/../lib/gcc/arm-none-eabi/12.2.0/thumb/libgcc.a(unwind-arm.o)
                0x0000000008004df0                __gnu_Unwind_RaiseException
 .text.__gnu_Unwind_ForcedUnwind
                0x0000000008004e48       0x18 /opt/devkitpro/devkitARM/bin/../lib/gcc/arm-none-eabi/12.2.0/thumb/libgcc.a(unwind-arm.o)
                0x0000000008004e48                __gnu_Unwind_ForcedUnwind
 .text.__gnu_Unwind_Resume
                0x0000000008004e60       0x4c /opt/devkitpro/devkitARM/bin/../lib/gcc/arm-none-eabi/12.2.0/thumb/libgcc.a(unwind-arm.o)
                0x0000000008004e60                __gnu_Unwind_Resume
 .text.__gnu_Unwind_Resume_or_Rethrow
                0x0000000008004eac       0x20 /opt/devkitpro/devkitARM/bin/../lib/gcc/arm-none-eabi/12.2.0/thumb/libgcc.a(unwind-arm.o)
                0x0000000008004eac                __gnu_Unwind_Resume_or_Rethrow
 .text._Unwind_Complete
                0x0000000008004ecc        0x4 /opt/devkitpro/devkitARM/bin/../lib/gcc/arm-none-eabi/12.2.0/thumb/libgcc.a(unwind-arm.o)
                0x0000000008004ecc                _Unwind_Complete
 .text._Unwind_DeleteException
                0x0000000008004ed0       0x18 /opt/devkitpro/devkitARM/bin/../lib/gcc/arm-none-eabi/12.2.0/thumb/libgcc.a(unwind-arm.o)
                0x0000000008004ed0                _Unwind_DeleteException
 .text._Unwind_VRS_Get
                0x0000000008004ee8       0x38 /opt/devkitpro/devkitARM/bin/../lib/gcc/arm-none-eabi/12.2.0/thumb/libgcc.a(unwind-arm.o)
                0x0000000008004ee8                _Unwind_VRS_Get
 .text._Unwind_GetGR
                0x0000000008004f20       0x1c /opt/devkitpro/devkitARM/bin/../lib/gcc/arm-none-eabi/12.2.0/thumb/libgcc.a(unwind-arm.o)
 .text._Unwind_VRS_Set
                0x0000000008004f3c       0x38 /opt/devkitpro/devkitARM/bin/../lib/gcc/arm-none-eabi/12.2.0/thumb/libgcc.a(unwind-arm.o)
                0x0000000008004f3c                _Unwind_VRS_Set
 .text._Unwind_SetGR
                0x0000000008004f74       0x1c /opt/devkitpro/devkitARM/bin/../lib/gcc/arm-none-eabi/12.2.0/thumb/libgcc.a(unwind-arm.o)
 .text.__gnu_Unwind_Backtrace
                0x0000000008004f90       0x78 /opt/devkitpro/devkitARM/bin/../lib/gcc/arm-none-eabi/12.2.0/thumb/libgcc.a(unwind-arm.o)
                0x0000000008004f90                __gnu_Unwind_Backtrace
 .text.__gnu_unwind_pr_common
                0x0000000008005008      0x2f0 /opt/devkitpro/devkitARM/bin/../lib/gcc/arm-none-eabi/12.2.0/thumb/libgcc.a(unwind-arm.o)
 .text.__aeabi_unwind_cpp_pr0
                0x00000000080052f8       0x10 /opt/devkitpro/devkitARM/bin/../lib/gcc/arm-none-eabi/12.2.0/thumb/libgcc.a(unwind-arm.o)
                0x00000000080052f8                __aeabi_unwind_cpp_pr0
 .text.__aeabi_unwind_cpp_pr1
                0x0000000008005308       0x10 /opt/devkitpro/devkitARM/bin/../lib/gcc/arm-none-eabi/12.2.0/thumb/libgcc.a(unwind-arm.o)
                0x0000000008005308                __aeabi_unwind_cpp_pr1
 .text.__aeabi_unwind_cpp_pr2
                0x0000000008005318       0x10 /opt/devkitpro/devkitARM/bin/../lib/gcc/arm-none-eabi/12.2.0/thumb/libgcc.a(unwind-arm.o)
                0x0000000008005318                __aeabi_unwind_cpp_pr2
 .text._Unwind_VRS_Pop
                0x0000000008005328      0x2bc /opt/devkitpro/devkitARM/bin/../lib/gcc/arm-none-eabi/12.2.0/thumb/libgcc.a(unwind-arm.o)
                0x0000000008005328                _Unwind_VRS_Pop
 .text          0x00000000080055e4      0x1d8 /opt/devkitpro/devkitARM/bin/../lib/gcc/arm-none-eabi/12.2.0/thumb/libgcc.a(libunwind.o)
                0x00000000080055e4                __restore_core_regs
                0x00000000080055e4                restore_core_regs
                0x0000000008005600                __gnu_Unwind_Restore_VFP
                0x0000000008005608                __gnu_Unwind_Save_VFP
                0x0000000008005610                __gnu_Unwind_Restore_VFP_D
                0x0000000008005618                __gnu_Unwind_Save_VFP_D
                0x0000000008005620                __gnu_Unwind_Restore_VFP_D_16_to_31
                0x0000000008005628                __gnu_Unwind_Save_VFP_D_16_to_31
                0x0000000008005630                __gnu_Unwind_Restore_WMMXD
                0x0000000008005674                __gnu_Unwind_Save_WMMXD
                0x00000000080056b8                __gnu_Unwind_Restore_WMMXC
                0x00000000080056cc                __gnu_Unwind_Save_WMMXC
                0x00000000080056e0                ___Unwind_RaiseException
                0x00000000080056e0                _Unwind_RaiseException
                0x000000000800570c                ___Unwind_Resume
                0x000000000800570c                _Unwind_Resume
                0x0000000008005738                _Unwind_Resume_or_Rethrow
                0x0000000008005738                ___Unwind_Resume_or_Rethrow
                0x0000000008005764                ___Unwind_ForcedUnwind
                0x0000000008005764                _Unwind_ForcedUnwind
                0x0000000008005790                _Unwind_Backtrace
                0x0000000008005790                ___Unwind_Backtrace
 .text.next_unwind_byte
                0x00000000080057bc       0x34 /opt/devkitpro/devkitARM/bin/../lib/gcc/arm-none-eabi/12.2.0/thumb/libgcc.a(pr-support.o)
 .text._Unwind_GetGR.constprop.0
                0x00000000080057f0       0x1c /opt/devkitpro/devkitARM/bin/../lib/gcc/arm-none-eabi/12.2.0/thumb/libgcc.a(pr-support.o)
 .text.unwind_UCB_from_context
                0x000000000800580c        0xc /opt/devkitpro/devkitARM/bin/../lib/gcc/arm-none-eabi/12.2.0/thumb/libgcc.a(pr-support.o)
 .text.__gnu_unwind_execute
                0x0000000008005818      0x2d0 /opt/devkitpro/devkitARM/bin/../lib/gcc/arm-none-eabi/12.2.0/thumb/libgcc.a(pr-support.o)
                0x0000000008005818                __gnu_unwind_execute
 .text.__gnu_unwind_frame
                0x0000000008005ae8       0x2c /opt/devkitpro/devkitARM/bin/../lib/gcc/arm-none-eabi/12.2.0/thumb/libgcc.a(pr-support.o)
                0x0000000008005ae8                __gnu_unwind_frame
 .text._Unwind_GetRegionStart
                0x0000000008005b14       0x10 /opt/devkitpro/devkitARM/bin/../lib/gcc/arm-none-eabi/12.2.0/thumb/libgcc.a(pr-support.o)
                0x0000000008005b14                _Unwind_GetRegionStart
 .text._Unwind_GetLanguageSpecificData
                0x0000000008005b24       0x18 /opt/devkitpro/devkitARM/bin/../lib/gcc/arm-none-eabi/12.2.0/thumb/libgcc.a(pr-support.o)
                0x0000000008005b24                _Unwind_GetLanguageSpecificData
 .text.unlikely._Unwind_GetDataRelBase
                0x0000000008005b3c        0x6 /opt/devkitpro/devkitARM/bin/../lib/gcc/arm-none-eabi/12.2.0/thumb/libgcc.a(pr-support.o)
                0x0000000008005b3c                _Unwind_GetDataRelBase
 .text.unlikely._Unwind_GetTextRelBase
                0x0000000008005b42        0x6 /opt/devkitpro/devkitARM/bin/../lib/gcc/arm-none-eabi/12.2.0/thumb/libgcc.a(pr-support.o)
                0x0000000008005b42                _Unwind_GetTextRelBase
 .text.abort    0x0000000008005b48       0x10 /opt/devkitpro/devkitARM/bin/../lib/gcc/arm-none-eabi/12.2.0/../../../../arm-none-eabi/lib/thumb/libg.a(lib_a-abort.o)
                0x0000000008005b48                abort
 .text.__libc_init_array
                0x0000000008005b58       0x54 /opt/devkitpro/devkitARM/bin/../lib/gcc/arm-none-eabi/12.2.0/../../../../arm-none-eabi/lib/thumb/libg.a(lib_a-init.o)
                0x0000000008005b58                __libc_init_array
 .text.malloc   0x0000000008005bac       0x14 /opt/devkitpro/devkitARM/bin/../lib/gcc/arm-none-eabi/12.2.0/../../../../arm-none-eabi/lib/thumb/libg.a(lib_a-malloc.o)
                0x0000000008005bac                malloc
 .text.free     0x0000000008005bc0       0x14 /opt/devkitpro/devkitARM/bin/../lib/gcc/arm-none-eabi/12.2.0/../../../../arm-none-eabi/lib/thumb/libg.a(lib_a-malloc.o)
                0x0000000008005bc0                free
 .text._malloc_r
                0x0000000008005bd4      0x560 /opt/devkitpro/devkitARM/bin/../lib/gcc/arm-none-eabi/12.2.0/../../../../arm-none-eabi/lib/thumb/libg.a(lib_a-mallocr.o)
                0x0000000008005bd4                _malloc_r
 .text.memchr   0x0000000008006134       0x78 /opt/devkitpro/devkitARM/bin/../lib/gcc/arm-none-eabi/12.2.0/../../../../arm-none-eabi/lib/thumb/libg.a(lib_a-memchr-stub.o)
                0x0000000008006134                memchr
 .text.memcpy   0x00000000080061ac       0x94 /opt/devkitpro/devkitARM/bin/../lib/gcc/arm-none-eabi/12.2.0/../../../../arm-none-eabi/lib/thumb/libg.a(lib_a-memcpy-stub.o)
                0x00000000080061ac                memcpy
 .text.memmove  0x0000000008006240       0xc0 /opt/devkitpro/devkitARM/bin/../lib/gcc/arm-none-eabi/12.2.0/../../../../arm-none-eabi/lib/thumb/libg.a(lib_a-memmove.o)
                0x0000000008006240                memmove
 .text.memset   0x0000000008006300       0xb0 /opt/devkitpro/devkitARM/bin/../lib/gcc/arm-none-eabi/12.2.0/../../../../arm-none-eabi/lib/thumb/libg.a(lib_a-memset.o)
                0x0000000008006300                memset
 .text.__malloc_lock
                0x00000000080063b0       0x14 /opt/devkitpro/devkitARM/bin/../lib/gcc/arm-none-eabi/12.2.0/../../../../arm-none-eabi/lib/thumb/libg.a(lib_a-mlock.o)
                0x00000000080063b0                __malloc_lock
 .text.__malloc_unlock
                0x00000000080063c4       0x14 /opt/devkitpro/devkitARM/bin/../lib/gcc/arm-none-eabi/12.2.0/../../../../arm-none-eabi/lib/thumb/libg.a(lib_a-mlock.o)
                0x00000000080063c4                __malloc_unlock
 .text._raise_r
                0x00000000080063d8       0x60 /opt/devkitpro/devkitARM/bin/../lib/gcc/arm-none-eabi/12.2.0/../../../../arm-none-eabi/lib/thumb/libg.a(lib_a-signal.o)
                0x00000000080063d8                _raise_r
 .text.raise    0x0000000008006438       0x14 /opt/devkitpro/devkitARM/bin/../lib/gcc/arm-none-eabi/12.2.0/../../../../arm-none-eabi/lib/thumb/libg.a(lib_a-signal.o)
                0x0000000008006438                raise
 .text          0x000000000800644c      0x224 /opt/devkitpro/devkitARM/bin/../lib/gcc/arm-none-eabi/12.2.0/../../../../arm-none-eabi/lib/thumb/libg.a(lib_a-strcmp.o)
                0x000000000800644c                strcmp
 .text.strlen   0x0000000008006670       0x60 /opt/devkitpro/devkitARM/bin/../lib/gcc/arm-none-eabi/12.2.0/../../../../arm-none-eabi/lib/thumb/libg.a(lib_a-strlen-stub.o)
                0x0000000008006670                strlen
 .text._strtol_l.part.0
                0x00000000080066d0      0x144 /opt/devkitpro/devkitARM/bin/../lib/gcc/arm-none-eabi/12.2.0/../../../../arm-none-eabi/lib/thumb/libg.a(lib_a-strtol.o)
 .text.strtol   0x0000000008006814       0x30 /opt/devkitpro/devkitARM/bin/../lib/gcc/arm-none-eabi/12.2.0/../../../../arm-none-eabi/lib/thumb/libg.a(lib_a-strtol.o)
                0x0000000008006814                strtol
 .text._vsnprintf_r
                0x0000000008006844       0x74 /opt/devkitpro/devkitARM/bin/../lib/gcc/arm-none-eabi/12.2.0/../../../../arm-none-eabi/lib/thumb/libg.a(lib_a-vsnprintf.o)
                0x0000000008006844                _vsnprintf_r
 .text.vsnprintf
                0x00000000080068b8       0x24 /opt/devkitpro/devkitARM/bin/../lib/gcc/arm-none-eabi/12.2.0/../../../../arm-none-eabi/lib/thumb/libg.a(lib_a-vsnprintf.o)
                0x00000000080068b8                vsnprintf
 .text.__errno  0x00000000080068dc        0xc /opt/devkitpro/devkitARM/bin/../lib/gcc/arm-none-eabi/12.2.0/../../../../arm-none-eabi/lib/thumb/libg.a(lib_a-errno.o)
                0x00000000080068dc                __errno
 .text._malloc_trim_r
                0x00000000080068e8       0xac /opt/devkitpro/devkitARM/bin/../lib/gcc/arm-none-eabi/12.2.0/../../../../arm-none-eabi/lib/thumb/libg.a(lib_a-freer.o)
                0x00000000080068e8                _malloc_trim_r
 .text._free_r  0x0000000008006994      0x1d8 /opt/devkitpro/devkitARM/bin/../lib/gcc/arm-none-eabi/12.2.0/../../../../arm-none-eabi/lib/thumb/libg.a(lib_a-freer.o)
                0x0000000008006994                _free_r
 .text.get_arg  0x0000000008006b6c      0x42c /opt/devkitpro/devkitARM/bin/../lib/gcc/arm-none-eabi/12.2.0/../../../../arm-none-eabi/lib/thumb/libg.a(lib_a-svfprintf.o)
 .text._svfprintf_r
                0x0000000008006f98     0x22fc /opt/devkitpro/devkitARM/bin/../lib/gcc/arm-none-eabi/12.2.0/../../../../arm-none-eabi/lib/thumb/libg.a(lib_a-svfprintf.o)
                0x0000000008006f98                _svfprintf_r
 .text._wcrtomb_r
                0x0000000008009294       0x5c /opt/devkitpro/devkitARM/bin/../lib/gcc/arm-none-eabi/12.2.0/../../../../arm-none-eabi/lib/thumb/libg.a(lib_a-wcrtomb.o)
                0x0000000008009294                _wcrtomb_r
 .text._wcsrtombs_r
                0x00000000080092f0       0x1c /opt/devkitpro/devkitARM/bin/../lib/gcc/arm-none-eabi/12.2.0/../../../../arm-none-eabi/lib/thumb/libg.a(lib_a-wcsrtombs.o)
                0x00000000080092f0                _wcsrtombs_r
 .text.quorem   0x000000000800930c      0x158 /opt/devkitpro/devkitARM/bin/../lib/gcc/arm-none-eabi/12.2.0/../../../../arm-none-eabi/lib/thumb/libg.a(lib_a-dtoa.o)
 .text._dtoa_r  0x0000000008009464      0xfcc /opt/devkitpro/devkitARM/bin/../lib/gcc/arm-none-eabi/12.2.0/../../../../arm-none-eabi/lib/thumb/libg.a(lib_a-dtoa.o)
                0x0000000008009464                _dtoa_r
 .text._localeconv_r
                0x000000000800a430        0x8 /opt/devkitpro/devkitARM/bin/../lib/gcc/arm-none-eabi/12.2.0/../../../../arm-none-eabi/lib/thumb/libg.a(lib_a-localeconv.o)
                0x000000000800a430                _localeconv_r
 .text.__locale_mb_cur_max
                0x000000000800a438       0x10 /opt/devkitpro/devkitARM/bin/../lib/gcc/arm-none-eabi/12.2.0/../../../../arm-none-eabi/lib/thumb/libg.a(lib_a-locale.o)
                0x000000000800a438                __locale_mb_cur_max
 .text.__utf8_mbtowc
                0x000000000800a448      0x27c /opt/devkitpro/devkitARM/bin/../lib/gcc/arm-none-eabi/12.2.0/../../../../arm-none-eabi/lib/thumb/libg.a(lib_a-mbtowc_r.o)
                0x000000000800a448                __utf8_mbtowc
 .text._Balloc  0x000000000800a6c4       0x54 /opt/devkitpro/devkitARM/bin/../lib/gcc/arm-none-eabi/12.2.0/../../../../arm-none-eabi/lib/thumb/libg.a(lib_a-mprec.o)
                0x000000000800a6c4                _Balloc
 .text._Bfree   0x000000000800a718       0x14 /opt/devkitpro/devkitARM/bin/../lib/gcc/arm-none-eabi/12.2.0/../../../../arm-none-eabi/lib/thumb/libg.a(lib_a-mprec.o)
                0x000000000800a718                _Bfree
 .text.__multadd
                0x000000000800a72c       0xac /opt/devkitpro/devkitARM/bin/../lib/gcc/arm-none-eabi/12.2.0/../../../../arm-none-eabi/lib/thumb/libg.a(lib_a-mprec.o)
                0x000000000800a72c                __multadd
 .text.__hi0bits
                0x000000000800a7d8       0x4c /opt/devkitpro/devkitARM/bin/../lib/gcc/arm-none-eabi/12.2.0/../../../../arm-none-eabi/lib/thumb/libg.a(lib_a-mprec.o)
                0x000000000800a7d8                __hi0bits
 .text.__lo0bits
                0x000000000800a824       0x5c /opt/devkitpro/devkitARM/bin/../lib/gcc/arm-none-eabi/12.2.0/../../../../arm-none-eabi/lib/thumb/libg.a(lib_a-mprec.o)
                0x000000000800a824                __lo0bits
 .text.__i2b    0x000000000800a880       0x64 /opt/devkitpro/devkitARM/bin/../lib/gcc/arm-none-eabi/12.2.0/../../../../arm-none-eabi/lib/thumb/libg.a(lib_a-mprec.o)
                0x000000000800a880                __i2b
 .text.__multiply
                0x000000000800a8e4      0x1b4 /opt/devkitpro/devkitARM/bin/../lib/gcc/arm-none-eabi/12.2.0/../../../../arm-none-eabi/lib/thumb/libg.a(lib_a-mprec.o)
                0x000000000800a8e4                __multiply
 .text.__pow5mult
                0x000000000800aa98       0xd4 /opt/devkitpro/devkitARM/bin/../lib/gcc/arm-none-eabi/12.2.0/../../../../arm-none-eabi/lib/thumb/libg.a(lib_a-mprec.o)
                0x000000000800aa98                __pow5mult
 .text.__lshift
                0x000000000800ab6c      0x100 /opt/devkitpro/devkitARM/bin/../lib/gcc/arm-none-eabi/12.2.0/../../../../arm-none-eabi/lib/thumb/libg.a(lib_a-mprec.o)
                0x000000000800ab6c                __lshift
 .text.__mcmp   0x000000000800ac6c       0x40 /opt/devkitpro/devkitARM/bin/../lib/gcc/arm-none-eabi/12.2.0/../../../../arm-none-eabi/lib/thumb/libg.a(lib_a-mprec.o)
                0x000000000800ac6c                __mcmp
 .text.__mdiff  0x000000000800acac      0x1a8 /opt/devkitpro/devkitARM/bin/../lib/gcc/arm-none-eabi/12.2.0/../../../../arm-none-eabi/lib/thumb/libg.a(lib_a-mprec.o)
                0x000000000800acac                __mdiff
 .text.__d2b    0x000000000800ae54       0xd0 /opt/devkitpro/devkitARM/bin/../lib/gcc/arm-none-eabi/12.2.0/../../../../arm-none-eabi/lib/thumb/libg.a(lib_a-mprec.o)
                0x000000000800ae54                __d2b
 .text.frexp    0x000000000800af24       0x6c /opt/devkitpro/devkitARM/bin/../lib/gcc/arm-none-eabi/12.2.0/../../../../arm-none-eabi/lib/thumb/libg.a(lib_a-s_frexp.o)
                0x000000000800af24                frexp
 .text.strncpy  0x000000000800af90       0x68 /opt/devkitpro/devkitARM/bin/../lib/gcc/arm-none-eabi/12.2.0/../../../../arm-none-eabi/lib/thumb/libg.a(lib_a-strncpy.o)
                0x000000000800af90                strncpy
 .text.__ssprint_r
                0x000000000800aff8      0x120 /opt/devkitpro/devkitARM/bin/../lib/gcc/arm-none-eabi/12.2.0/../../../../arm-none-eabi/lib/thumb/libg.a(lib_a-svfiprintf.o)
                0x000000000800aff8                __ssprint_r
 .text._wcsnrtombs_l
                0x000000000800b118      0x11c /opt/devkitpro/devkitARM/bin/../lib/gcc/arm-none-eabi/12.2.0/../../../../arm-none-eabi/lib/thumb/libg.a(lib_a-wcsnrtombs.o)
                0x000000000800b118                _wcsnrtombs_l
 .text._wcsnrtombs_r
                0x000000000800b234       0x30 /opt/devkitpro/devkitARM/bin/../lib/gcc/arm-none-eabi/12.2.0/../../../../arm-none-eabi/lib/thumb/libg.a(lib_a-wcsnrtombs.o)
                0x000000000800b234                _wcsnrtombs_r
 .text.__utf8_wctomb
                0x000000000800b264       0xb4 /opt/devkitpro/devkitARM/bin/../lib/gcc/arm-none-eabi/12.2.0/../../../../arm-none-eabi/lib/thumb/libg.a(lib_a-wctomb_r.o)
                0x000000000800b264                __utf8_wctomb
 .text.__assert_func
                0x000000000800b318       0x40 /opt/devkitpro/devkitARM/bin/../lib/gcc/arm-none-eabi/12.2.0/../../../../arm-none-eabi/lib/thumb/libg.a(lib_a-assert.o)
                0x000000000800b318                __assert_func
 .text._calloc_r
                0x000000000800b358       0xb8 /opt/devkitpro/devkitARM/bin/../lib/gcc/arm-none-eabi/12.2.0/../../../../arm-none-eabi/lib/thumb/libg.a(lib_a-callocr.o)
                0x000000000800b358                _calloc_r
 .text.fiprintf
                0x000000000800b410       0x28 /opt/devkitpro/devkitARM/bin/../lib/gcc/arm-none-eabi/12.2.0/../../../../arm-none-eabi/lib/thumb/libg.a(lib_a-fiprintf.o)
                0x000000000800b410                fiprintf
 .text._realloc_r
                0x000000000800b438      0x384 /opt/devkitpro/devkitARM/bin/../lib/gcc/arm-none-eabi/12.2.0/../../../../arm-none-eabi/lib/thumb/libg.a(lib_a-reallocr.o)
                0x000000000800b438                _realloc_r
 .text.get_arg  0x000000000800b7bc      0x42c /opt/devkitpro/devkitARM/bin/../lib/gcc/arm-none-eabi/12.2.0/../../../../arm-none-eabi/lib/thumb/libg.a(lib_a-vfiprintf.o)
 .text.__sprint_r
                0x000000000800bbe8       0x24 /opt/devkitpro/devkitARM/bin/../lib/gcc/arm-none-eabi/12.2.0/../../../../arm-none-eabi/lib/thumb/libg.a(lib_a-vfiprintf.o)
                0x000000000800bbe8                __sprint_r
 .text._vfiprintf_r
                0x000000000800bc0c     0x173c /opt/devkitpro/devkitARM/bin/../lib/gcc/arm-none-eabi/12.2.0/../../../../arm-none-eabi/lib/thumb/libg.a(lib_a-vfiprintf.o)
                0x000000000800bc0c                _vfiprintf_r
 .text.__sbprintf
                0x000000000800d348       0x8c /opt/devkitpro/devkitARM/bin/../lib/gcc/arm-none-eabi/12.2.0/../../../../arm-none-eabi/lib/thumb/libg.a(lib_a-vfiprintf.o)
 .text.__swsetup_r
                0x000000000800d3d4       0xd0 /opt/devkitpro/devkitARM/bin/../lib/gcc/arm-none-eabi/12.2.0/../../../../arm-none-eabi/lib/thumb/libg.a(lib_a-wsetup.o)
                0x000000000800d3d4                __swsetup_r
 .text.__sflush_r
                0x000000000800d4a4      0x18c /opt/devkitpro/devkitARM/bin/../lib/gcc/arm-none-eabi/12.2.0/../../../../arm-none-eabi/lib/thumb/libg.a(lib_a-fflush.o)
                0x000000000800d4a4                __sflush_r
 .text._fflush_r
                0x000000000800d630       0x70 /opt/devkitpro/devkitARM/bin/../lib/gcc/arm-none-eabi/12.2.0/../../../../arm-none-eabi/lib/thumb/libg.a(lib_a-fflush.o)
                0x000000000800d630                _fflush_r
 .text._cleanup_r
                0x000000000800d6a0       0x14 /opt/devkitpro/devkitARM/bin/../lib/gcc/arm-none-eabi/12.2.0/../../../../arm-none-eabi/lib/thumb/libg.a(lib_a-findfp.o)
                0x000000000800d6a0                _cleanup_r
 .text.__sinit  0x000000000800d6b4      0x124 /opt/devkitpro/devkitARM/bin/../lib/gcc/arm-none-eabi/12.2.0/../../../../arm-none-eabi/lib/thumb/libg.a(lib_a-findfp.o)
                0x000000000800d6b4                __sinit
 .text.__sfp_lock_acquire
                0x000000000800d7d8       0x14 /opt/devkitpro/devkitARM/bin/../lib/gcc/arm-none-eabi/12.2.0/../../../../arm-none-eabi/lib/thumb/libg.a(lib_a-findfp.o)
                0x000000000800d7d8                __sfp_lock_acquire
 .text.__sfp_lock_release
                0x000000000800d7ec       0x14 /opt/devkitpro/devkitARM/bin/../lib/gcc/arm-none-eabi/12.2.0/../../../../arm-none-eabi/lib/thumb/libg.a(lib_a-findfp.o)
                0x000000000800d7ec                __sfp_lock_release
 .text.__sfvwrite_r
                0x000000000800d800      0x334 /opt/devkitpro/devkitARM/bin/../lib/gcc/arm-none-eabi/12.2.0/../../../../arm-none-eabi/lib/thumb/libg.a(lib_a-fvwrite.o)
                0x000000000800d800                __sfvwrite_r
 .text._fwalk_reent
                0x000000000800db34       0x50 /opt/devkitpro/devkitARM/bin/../lib/gcc/arm-none-eabi/12.2.0/../../../../arm-none-eabi/lib/thumb/libg.a(lib_a-fwalk.o)
                0x000000000800db34                _fwalk_reent
 .text.__smakebuf_r
                0x000000000800db84       0xf0 /opt/devkitpro/devkitARM/bin/../lib/gcc/arm-none-eabi/12.2.0/../../../../arm-none-eabi/lib/thumb/libg.a(lib_a-makebuf.o)
                0x000000000800db84                __smakebuf_r
 .text.__sread  0x000000000800dc74       0x34 /opt/devkitpro/devkitARM/bin/../lib/gcc/arm-none-eabi/12.2.0/../../../../arm-none-eabi/lib/thumb/libg.a(lib_a-stdio.o)
                0x000000000800dc74                __sread
 .text.__swrite
                0x000000000800dca8       0x4c /opt/devkitpro/devkitARM/bin/../lib/gcc/arm-none-eabi/12.2.0/../../../../arm-none-eabi/lib/thumb/libg.a(lib_a-stdio.o)
                0x000000000800dca8                __swrite
 .text.__sseek  0x000000000800dcf4       0x44 /opt/devkitpro/devkitARM/bin/../lib/gcc/arm-none-eabi/12.2.0/../../../../arm-none-eabi/lib/thumb/libg.a(lib_a-stdio.o)
                0x000000000800dcf4                __sseek
 .text.__sclose
                0x000000000800dd38       0x10 /opt/devkitpro/devkitARM/bin/../lib/gcc/arm-none-eabi/12.2.0/../../../../arm-none-eabi/lib/thumb/libg.a(lib_a-stdio.o)
                0x000000000800dd38                __sclose
 .text._fclose_r
                0x000000000800dd48       0xe4 /opt/devkitpro/devkitARM/bin/../lib/gcc/arm-none-eabi/12.2.0/../../../../arm-none-eabi/lib/thumb/libg.a(lib_a-fclose.o)
                0x000000000800dd48                _fclose_r
 .text._fstat_r
                0x000000000800de2c       0x4c /opt/devkitpro/devkitARM/bin/../lib/gcc/arm-none-eabi/12.2.0/../../../../arm-none-eabi/lib/thumb/libsysbase.a(fstat.o)
                0x000000000800de2c                _fstat_r
 .text._getpid_r
                0x000000000800de78        0xc /opt/devkitpro/devkitARM/bin/../lib/gcc/arm-none-eabi/12.2.0/../../../../arm-none-eabi/lib/thumb/libsysbase.a(getpid.o)
                0x000000000800de78                _getpid_r
 .text._isatty_r
                0x000000000800de84        0x4 /opt/devkitpro/devkitARM/bin/../lib/gcc/arm-none-eabi/12.2.0/../../../../arm-none-eabi/lib/thumb/libsysbase.a(isatty.o)
                0x000000000800de84                _isatty_r
 .text._kill_r  0x000000000800de88        0xc /opt/devkitpro/devkitARM/bin/../lib/gcc/arm-none-eabi/12.2.0/../../../../arm-none-eabi/lib/thumb/libsysbase.a(kill.o)
                0x000000000800de88                _kill_r
 .text._lseek_r
                0x000000000800de94       0x5c /opt/devkitpro/devkitARM/bin/../lib/gcc/arm-none-eabi/12.2.0/../../../../arm-none-eabi/lib/thumb/libsysbase.a(lseek.o)
                0x000000000800de94                _lseek_r
 .text._read_r  0x000000000800def0       0x50 /opt/devkitpro/devkitARM/bin/../lib/gcc/arm-none-eabi/12.2.0/../../../../arm-none-eabi/lib/thumb/libsysbase.a(read.o)
                0x000000000800def0                _read_r
 .text._sbrk_r  0x000000000800df40       0x54 /opt/devkitpro/devkitARM/bin/../lib/gcc/arm-none-eabi/12.2.0/../../../../arm-none-eabi/lib/thumb/libsysbase.a(sbrk.o)
                0x000000000800df40                _sbrk_r
 .text._write_r
                0x000000000800df94       0x50 /opt/devkitpro/devkitARM/bin/../lib/gcc/arm-none-eabi/12.2.0/../../../../arm-none-eabi/lib/thumb/libsysbase.a(write.o)
                0x000000000800df94                _write_r
 .text._exit    0x000000000800dfe4       0x14 /opt/devkitpro/devkitARM/bin/../lib/gcc/arm-none-eabi/12.2.0/../../../../arm-none-eabi/lib/thumb/libsysbase.a(_exit.o)
                0x000000000800dfe4                _exit
 .text.__flockfile
                0x000000000800dff8       0x10 /opt/devkitpro/devkitARM/bin/../lib/gcc/arm-none-eabi/12.2.0/../../../../arm-none-eabi/lib/thumb/libsysbase.a(flock.o)
                0x000000000800dff8                __flockfile
 .text.__funlockfile
                0x000000000800e008       0x10 /opt/devkitpro/devkitARM/bin/../lib/gcc/arm-none-eabi/12.2.0/../../../../arm-none-eabi/lib/thumb/libsysbase.a(flock.o)
                0x000000000800e008                __funlockfile
 .text.__get_handle
                0x000000000800e018       0x34 /opt/devkitpro/devkitARM/bin/../lib/gcc/arm-none-eabi/12.2.0/../../../../arm-none-eabi/lib/thumb/libsysbase.a(handle_manager.o)
                0x000000000800e018                __get_handle
 .text._close_r
                0x000000000800e04c       0xb8 /opt/devkitpro/devkitARM/bin/../lib/gcc/arm-none-eabi/12.2.0/../../../../arm-none-eabi/lib/thumb/libsysbase.a(handle_manager.o)
                0x000000000800e04c                _close_r
 .text.__getreent
                0x000000000800e104       0x20 /opt/devkitpro/devkitARM/bin/../lib/gcc/arm-none-eabi/12.2.0/../../../../arm-none-eabi/lib/thumb/libsysbase.a(getreent.o)
                0x000000000800e104                __getreent
 .text.__libc_lock_acquire
                0x000000000800e124       0x18 /opt/devkitpro/devkitARM/bin/../lib/gcc/arm-none-eabi/12.2.0/../../../../arm-none-eabi/lib/thumb/libsysbase.a(syscall_support.o)
                0x000000000800e124                __libc_lock_acquire
 .text.__libc_lock_release
                0x000000000800e13c       0x18 /opt/devkitpro/devkitARM/bin/../lib/gcc/arm-none-eabi/12.2.0/../../../../arm-none-eabi/lib/thumb/libsysbase.a(syscall_support.o)
                0x000000000800e13c                __libc_lock_release
 .text.__libc_lock_init_recursive
                0x000000000800e154       0x18 /opt/devkitpro/devkitARM/bin/../lib/gcc/arm-none-eabi/12.2.0/../../../../arm-none-eabi/lib/thumb/libsysbase.a(syscall_support.o)
                0x000000000800e154                __libc_lock_init_recursive
 .text.__libc_lock_acquire_recursive
                0x000000000800e16c       0x18 /opt/devkitpro/devkitARM/bin/../lib/gcc/arm-none-eabi/12.2.0/../../../../arm-none-eabi/lib/thumb/libsysbase.a(syscall_support.o)
                0x000000000800e16c                __libc_lock_acquire_recursive
 .text.__libc_lock_release_recursive
                0x000000000800e184       0x18 /opt/devkitpro/devkitARM/bin/../lib/gcc/arm-none-eabi/12.2.0/../../../../arm-none-eabi/lib/thumb/libsysbase.a(syscall_support.o)
                0x000000000800e184                __libc_lock_release_recursive
 .text.__libc_lock_close_recursive
                0x000000000800e19c       0x18 /opt/devkitpro/devkitARM/bin/../lib/gcc/arm-none-eabi/12.2.0/../../../../arm-none-eabi/lib/thumb/libsysbase.a(syscall_support.o)
                0x000000000800e19c                __libc_lock_close_recursive
 .text.null_write
                0x000000000800e1b4        0x4 /opt/devkitpro/devkitARM/bin/../lib/gcc/arm-none-eabi/12.2.0/../../../../arm-none-eabi/lib/thumb/libsysbase.a(iosupport.o)
 .text          0x000000000800e1b8       0x14 /opt/devkitpro/devkitARM/bin/../lib/gcc/arm-none-eabi/12.2.0/thumb/libgcc.a(_thumb1_case_uqi.o)
                0x000000000800e1b8                __gnu_thumb1_case_uqi
 .text          0x000000000800e1cc       0x14 /opt/devkitpro/devkitARM/bin/../lib/gcc/arm-none-eabi/12.2.0/thumb/libgcc.a(_thumb1_case_uhi.o)
                0x000000000800e1cc                __gnu_thumb1_case_uhi
 .text          0x000000000800e1e0      0x424 /opt/devkitpro/devkitARM/bin/../lib/gcc/arm-none-eabi/12.2.0/thumb/libgcc.a(_arm_addsubdf3.o)
                0x000000000800e1e0                __aeabi_drsub
                0x000000000800e1e8                __aeabi_dsub
                0x000000000800e1e8                __subdf3
                0x000000000800e1ec                __adddf3
                0x000000000800e1ec                __aeabi_dadd
                0x000000000800e4fc                __aeabi_ui2d
                0x000000000800e4fc                __floatunsidf
                0x000000000800e520                __floatsidf
                0x000000000800e520                __aeabi_i2d
                0x000000000800e548                __extendsfdf2
                0x000000000800e548                __aeabi_f2d
                0x000000000800e590                __aeabi_ul2d
                0x000000000800e590                __floatundidf
                0x000000000800e5a4                __floatdidf
                0x000000000800e5a4                __aeabi_l2d
 .text          0x000000000800e604      0x49c /opt/devkitpro/devkitARM/bin/../lib/gcc/arm-none-eabi/12.2.0/thumb/libgcc.a(_arm_muldivdf3.o)
                0x000000000800e604                __aeabi_dmul
                0x000000000800e604                __muldf3
                0x000000000800e894                __aeabi_ddiv
                0x000000000800e894                __divdf3
 .text          0x000000000800eaa0      0x144 /opt/devkitpro/devkitARM/bin/../lib/gcc/arm-none-eabi/12.2.0/thumb/libgcc.a(_arm_cmpdf2.o)
                0x000000000800eaa0                __gtdf2
                0x000000000800eaa0                __gedf2
                0x000000000800eaa8                __ltdf2
                0x000000000800eaa8                __ledf2
                0x000000000800eab0                __cmpdf2
                0x000000000800eab0                __eqdf2
                0x000000000800eab0                __nedf2
                0x000000000800eb38                __aeabi_cdrcmple
                0x000000000800eb54                __aeabi_cdcmple
                0x000000000800eb54                __aeabi_cdcmpeq
                0x000000000800eb6c                __aeabi_dcmpeq
                0x000000000800eb84                __aeabi_dcmplt
                0x000000000800eb9c                __aeabi_dcmple
                0x000000000800ebb4                __aeabi_dcmpge
                0x000000000800ebcc                __aeabi_dcmpgt
 .text          0x000000000800ebe4       0x38 /opt/devkitpro/devkitARM/bin/../lib/gcc/arm-none-eabi/12.2.0/thumb/libgcc.a(_arm_unorddf2.o)
                0x000000000800ebe4                __aeabi_dcmpun
                0x000000000800ebe4                __unorddf2
 .text          0x000000000800ec1c       0x5c /opt/devkitpro/devkitARM/bin/../lib/gcc/arm-none-eabi/12.2.0/thumb/libgcc.a(_arm_fixdfsi.o)
                0x000000000800ec1c                __fixdfsi
                0x000000000800ec1c                __aeabi_d2iz
 .text          0x000000000800ec78       0x3c /opt/devkitpro/devkitARM/bin/../lib/gcc/arm-none-eabi/12.2.0/thumb/libgcc.a(_aeabi_uldivmod.o)
                0x000000000800ec78                __aeabi_uldivmod
 .text.__udivmoddi4
                0x000000000800ecb4      0x19c /opt/devkitpro/devkitARM/bin/../lib/gcc/arm-none-eabi/12.2.0/thumb/libgcc.a(_udivmoddi4.o)
                0x000000000800ecb4                __udivmoddi4
 .text          0x000000000800ee50       0x28 /opt/devkitpro/devkitARM/bin/../lib/gcc/arm-none-eabi/12.2.0/thumb/libgcc.a(_clzdi2.o)
                0x000000000800ee50                __clzdi2
 .text          0x000000000800ee78       0x48 /opt/devkitpro/devkitARM/bin/../lib/gcc/arm-none-eabi/12.2.0/thumb/libgcc.a(_clzsi2.o)
                0x000000000800ee78                __clzsi2
 .text.__stub   0x000000000800eec0      0x12c linker stubs
 *(.gnu.linkonce.t.*)
 *(.text.*personality*)
 *(.gnu.warning)
 *(.glue_7t)
 .glue_7t       0x000000000800eff8        0x0 linker stubs
 *(.glue_7)
 .glue_7        0x000000000800eff8        0x0 linker stubs
 *(.vfp11_veneer)
 .vfp11_veneer  0x000000000800eff8        0x0 linker stubs
                0x000000000800eff8                . = ALIGN (0x4)
                0x000000000800eff8                __text_end = .

.v4_bx          0x000000000800eff8        0x0
 .v4_bx         0x000000000800eff8        0x0 linker stubs

.iplt           0x000000000800eff8        0x0
 .iplt          0x000000000800eff8        0x0 /opt/devkitpro/devkitARM/bin/../lib/gcc/arm-none-eabi/12.2.0/../../../../arm-none-eabi/lib/thumb/gba_crt0.o

.fini           0x000000000800eff8        0xc
 *(.fini)
 .fini          0x000000000800eff8        0x4 /opt/devkitpro/devkitARM/bin/../lib/gcc/arm-none-eabi/12.2.0/thumb/crti.o
                0x000000000800eff8                _fini
 .fini          0x000000000800effc        0x8 /opt/devkitpro/devkitARM/bin/../lib/gcc/arm-none-eabi/12.2.0/thumb/crtn.o
                0x000000000800f004                . = ALIGN (0x4)

.rodata         0x000000000800f008     0x4258
 *(.rodata)
 .rodata        0x000000000800f008       0x90 e_pipe.o
 .rodata        0x000000000800f098       0x1e s_game.o
 *fill*         0x000000000800f0b6        0x2 ff
 .rodata        0x000000000800f0b8      0xc78 verdana11.o
                0x000000000800f0b8                verdana11Font
                0x000000000800f0d0                verdana11Glyphs
                0x000000000800fcd0                verdana11Widths
 .rodata        0x000000000800fd30      0x120 gfx_board.o
                0x000000000800fd30                gfx_boardTiles
                0x000000000800fe30                gfx_boardPal
 .rodata        0x000000000800fe50      0x120 gfx_hp.o
                0x000000000800fe50                gfx_hpTiles
                0x000000000800ff50                gfx_hpPal
 .rodata        0x000000000800ff70      0x260 gfx_kadu.o
                0x000000000800ff70                gfx_kaduTiles
                0x00000000080101b0                gfx_kaduPal
 .rodata        0x00000000080101d0      0x420 gfx_pipe.o
                0x00000000080101d0                gfx_pipeTiles
                0x00000000080105d0                gfx_pipePal
 .rodata        0x00000000080105f0      0x62c map_bg1.o
                0x00000000080105f0                map_bg1Tiles
                0x00000000080108c8                map_bg1Map
                0x0000000008010bf4                map_bg1Pal
 .rodata        0x0000000008010c1c      0x3e0 map_bg2.o
                0x0000000008010c1c                map_bg2Tiles
                0x0000000008010d54                map_bg2Map
                0x0000000008010fd4                map_bg2Pal
 .rodata        0x0000000008010ffc      0x420 map_bg3.o
                0x0000000008010ffc                map_bg3Tiles
                0x0000000008011150                map_bg3Map
                0x00000000080113f4                map_bg3Pal
 .rodata        0x000000000801141c       0x38 /opt/devkitpro/libtonc/lib/libtonc.a(tonc_irq.o)
 .rodata        0x0000000008011454       0x58 /opt/devkitpro/libtonc/lib/libtonc.a(tonc_core.o)
                0x0000000008011454                __snd_rates
                0x0000000008011484                bg_aff_default
                0x0000000008011494                oam_sizes
 .rodata        0x00000000080114ac      0x1f0 /opt/devkitpro/libtonc/lib/libtonc.a(tte_main.o)
 .rodata        0x000000000801169c      0xef8 /opt/devkitpro/libtonc/lib/libtonc.a(verdana9.o)
                0x000000000801169c                verdana9Font
                0x00000000080116b4                verdana9Glyphs
                0x00000000080124b4                verdana9Widths
 .rodata        0x0000000008012594      0x318 /opt/devkitpro/libtonc/lib/libtonc.a(sys8.o)
                0x0000000008012594                sys8Font
                0x00000000080125ac                sys8Glyphs
 .rodata        0x00000000080128ac       0x1c /opt/devkitpro/libtonc/lib/libtonc.a(tonc_surface.o)
 *all.rodata*(*)
 *(.roda)
 *(.rodata.*)
 .rodata.str1.4
                0x00000000080128c8       0x1d e_pipe.o
 *fill*         0x00000000080128e5        0x3 ff
 .rodata.str1.4
                0x00000000080128e8       0x1f e_player.o
 *fill*         0x0000000008012907        0x1 ff
 .rodata._ZNSt6vectorI4PipeSaIS0_EE17_M_realloc_insertIJRKS0_EEEvN9__gnu_cxx17__normal_iteratorIPS0_S2_EEDpOT_.str1.4
                0x0000000008012908       0x1a s_game.o
 *fill*         0x0000000008012922        0x2 ff
 .rodata.str1.4
                0x0000000008012924       0x11 s_game.o
 *fill*         0x0000000008012935        0x3 ff
 .rodata._ZTVSt23_Sp_counted_ptr_inplaceI6PlayerSaIvELN9__gnu_cxx12_Lock_policyE0EE
                0x0000000008012938       0x1c s_game.o
                0x0000000008012938                vtable for std::_Sp_counted_ptr_inplace<Player, std::allocator<void>, (__gnu_cxx::_Lock_policy)0>
 .rodata._ZTVSt23_Sp_counted_ptr_inplaceI3MapSaIvELN9__gnu_cxx12_Lock_policyE0EE
                0x0000000008012954       0x1c s_game.o
                0x0000000008012954                vtable for std::_Sp_counted_ptr_inplace<Map, std::allocator<void>, (__gnu_cxx::_Lock_policy)0>
 .rodata._ZTVSt23_Sp_counted_ptr_inplaceI4PipeSaIvELN9__gnu_cxx12_Lock_policyE0EE
                0x0000000008012970       0x1c s_game.o
                0x0000000008012970                vtable for std::_Sp_counted_ptr_inplace<Pipe, std::allocator<void>, (__gnu_cxx::_Lock_policy)0>
 .rodata._ZZNSt19_Sp_make_shared_tag5_S_tiEvE5__tag
                0x000000000801298c        0x8 s_game.o
                0x000000000801298c                std::_Sp_make_shared_tag::_S_ti()::__tag
 .rodata._ZTSSt19_Sp_make_shared_tag
                0x0000000008012994       0x18 /opt/devkitpro/devkitARM/bin/../lib/gcc/arm-none-eabi/12.2.0/../../../../arm-none-eabi/lib/thumb/libstdc++.a(shared_ptr.o)
                0x0000000008012994                typeinfo name for std::_Sp_make_shared_tag
 .rodata._ZTISt19_Sp_make_shared_tag
                0x00000000080129ac        0x8 /opt/devkitpro/devkitARM/bin/../lib/gcc/arm-none-eabi/12.2.0/../../../../arm-none-eabi/lib/thumb/libstdc++.a(shared_ptr.o)
                0x00000000080129ac                typeinfo for std::_Sp_make_shared_tag
 .rodata._ZNKSt9bad_alloc4whatEv.str1.4
                0x00000000080129b4        0xf /opt/devkitpro/devkitARM/bin/../lib/gcc/arm-none-eabi/12.2.0/../../../../arm-none-eabi/lib/thumb/libstdc++.a(bad_alloc.o)
 *fill*         0x00000000080129c3        0x1 ff
 .rodata._ZTSSt9bad_alloc
                0x00000000080129c4        0xd /opt/devkitpro/devkitARM/bin/../lib/gcc/arm-none-eabi/12.2.0/../../../../arm-none-eabi/lib/thumb/libstdc++.a(bad_alloc.o)
                0x00000000080129c4                typeinfo name for std::bad_alloc
 *fill*         0x00000000080129d1        0x3 ff
 .rodata._ZTISt9bad_alloc
                0x00000000080129d4        0xc /opt/devkitpro/devkitARM/bin/../lib/gcc/arm-none-eabi/12.2.0/../../../../arm-none-eabi/lib/thumb/libstdc++.a(bad_alloc.o)
                0x00000000080129d4                typeinfo for std::bad_alloc
 .rodata._ZTVSt9bad_alloc
                0x00000000080129e0       0x14 /opt/devkitpro/devkitARM/bin/../lib/gcc/arm-none-eabi/12.2.0/../../../../arm-none-eabi/lib/thumb/libstdc++.a(bad_alloc.o)
                0x00000000080129e0                vtable for std::bad_alloc
 .rodata._ZTSN10__cxxabiv117__class_type_infoE
                0x00000000080129f4       0x22 /opt/devkitpro/devkitARM/bin/../lib/gcc/arm-none-eabi/12.2.0/../../../../arm-none-eabi/lib/thumb/libstdc++.a(class_type_info.o)
                0x00000000080129f4                typeinfo name for __cxxabiv1::__class_type_info
 *fill*         0x0000000008012a16        0x2 ff
 .rodata._ZTIN10__cxxabiv117__class_type_infoE
                0x0000000008012a18        0xc /opt/devkitpro/devkitARM/bin/../lib/gcc/arm-none-eabi/12.2.0/../../../../arm-none-eabi/lib/thumb/libstdc++.a(class_type_info.o)
                0x0000000008012a18                typeinfo for __cxxabiv1::__class_type_info
 .rodata._ZTVN10__cxxabiv117__class_type_infoE
                0x0000000008012a24       0x2c /opt/devkitpro/devkitARM/bin/../lib/gcc/arm-none-eabi/12.2.0/../../../../arm-none-eabi/lib/thumb/libstdc++.a(class_type_info.o)
                0x0000000008012a24                vtable for __cxxabiv1::__class_type_info
 .rodata._ZNKSt13bad_exception4whatEv.str1.4
                0x0000000008012a50       0x13 /opt/devkitpro/devkitARM/bin/../lib/gcc/arm-none-eabi/12.2.0/../../../../arm-none-eabi/lib/thumb/libstdc++.a(eh_exception.o)
 *fill*         0x0000000008012a63        0x1 ff
 .rodata._ZTSSt9exception
                0x0000000008012a64        0xd /opt/devkitpro/devkitARM/bin/../lib/gcc/arm-none-eabi/12.2.0/../../../../arm-none-eabi/lib/thumb/libstdc++.a(eh_exception.o)
                0x0000000008012a64                typeinfo name for std::exception
 *fill*         0x0000000008012a71        0x3 ff
 .rodata._ZTISt9exception
                0x0000000008012a74        0x8 /opt/devkitpro/devkitARM/bin/../lib/gcc/arm-none-eabi/12.2.0/../../../../arm-none-eabi/lib/thumb/libstdc++.a(eh_exception.o)
                0x0000000008012a74                typeinfo for std::exception
 .rodata._ZTSSt13bad_exception
                0x0000000008012a7c       0x12 /opt/devkitpro/devkitARM/bin/../lib/gcc/arm-none-eabi/12.2.0/../../../../arm-none-eabi/lib/thumb/libstdc++.a(eh_exception.o)
                0x0000000008012a7c                typeinfo name for std::bad_exception
 *fill*         0x0000000008012a8e        0x2 ff
 .rodata._ZTISt13bad_exception
                0x0000000008012a90        0xc /opt/devkitpro/devkitARM/bin/../lib/gcc/arm-none-eabi/12.2.0/../../../../arm-none-eabi/lib/thumb/libstdc++.a(eh_exception.o)
                0x0000000008012a90                typeinfo for std::bad_exception
 .rodata._ZTSN10__cxxabiv115__forced_unwindE
                0x0000000008012a9c       0x20 /opt/devkitpro/devkitARM/bin/../lib/gcc/arm-none-eabi/12.2.0/../../../../arm-none-eabi/lib/thumb/libstdc++.a(eh_exception.o)
                0x0000000008012a9c                typeinfo name for __cxxabiv1::__forced_unwind
 .rodata._ZTIN10__cxxabiv115__forced_unwindE
                0x0000000008012abc        0x8 /opt/devkitpro/devkitARM/bin/../lib/gcc/arm-none-eabi/12.2.0/../../../../arm-none-eabi/lib/thumb/libstdc++.a(eh_exception.o)
                0x0000000008012abc                typeinfo for __cxxabiv1::__forced_unwind
 .rodata._ZTSN10__cxxabiv119__foreign_exceptionE
                0x0000000008012ac4       0x24 /opt/devkitpro/devkitARM/bin/../lib/gcc/arm-none-eabi/12.2.0/../../../../arm-none-eabi/lib/thumb/libstdc++.a(eh_exception.o)
                0x0000000008012ac4                typeinfo name for __cxxabiv1::__foreign_exception
 .rodata._ZTIN10__cxxabiv119__foreign_exceptionE
                0x0000000008012ae8        0x8 /opt/devkitpro/devkitARM/bin/../lib/gcc/arm-none-eabi/12.2.0/../../../../arm-none-eabi/lib/thumb/libstdc++.a(eh_exception.o)
                0x0000000008012ae8                typeinfo for __cxxabiv1::__foreign_exception
 .rodata._ZTVSt13bad_exception
                0x0000000008012af0       0x14 /opt/devkitpro/devkitARM/bin/../lib/gcc/arm-none-eabi/12.2.0/../../../../arm-none-eabi/lib/thumb/libstdc++.a(eh_exception.o)
                0x0000000008012af0                vtable for std::bad_exception
 .rodata._ZL28read_encoded_value_with_basehjPKhPj
                0x0000000008012b04       0x34 /opt/devkitpro/devkitARM/bin/../lib/gcc/arm-none-eabi/12.2.0/../../../../arm-none-eabi/lib/thumb/libstdc++.a(eh_personality.o)
 .rodata._ZTSN10__cxxabiv120__si_class_type_infoE
                0x0000000008012b38       0x25 /opt/devkitpro/devkitARM/bin/../lib/gcc/arm-none-eabi/12.2.0/../../../../arm-none-eabi/lib/thumb/libstdc++.a(si_class_type_info.o)
                0x0000000008012b38                typeinfo name for __cxxabiv1::__si_class_type_info
 *fill*         0x0000000008012b5d        0x3 ff
 .rodata._ZTIN10__cxxabiv120__si_class_type_infoE
                0x0000000008012b60        0xc /opt/devkitpro/devkitARM/bin/../lib/gcc/arm-none-eabi/12.2.0/../../../../arm-none-eabi/lib/thumb/libstdc++.a(si_class_type_info.o)
                0x0000000008012b60                typeinfo for __cxxabiv1::__si_class_type_info
 .rodata._ZTVN10__cxxabiv120__si_class_type_infoE
                0x0000000008012b6c       0x2c /opt/devkitpro/devkitARM/bin/../lib/gcc/arm-none-eabi/12.2.0/../../../../arm-none-eabi/lib/thumb/libstdc++.a(si_class_type_info.o)
                0x0000000008012b6c                vtable for __cxxabiv1::__si_class_type_info
 .rodata._ZTSSt9type_info
                0x0000000008012b98        0xd /opt/devkitpro/devkitARM/bin/../lib/gcc/arm-none-eabi/12.2.0/../../../../arm-none-eabi/lib/thumb/libstdc++.a(tinfo.o)
                0x0000000008012b98                typeinfo name for std::type_info
 *fill*         0x0000000008012ba5        0x3 ff
 .rodata._ZTISt9type_info
                0x0000000008012ba8        0x8 /opt/devkitpro/devkitARM/bin/../lib/gcc/arm-none-eabi/12.2.0/../../../../arm-none-eabi/lib/thumb/libstdc++.a(tinfo.o)
                0x0000000008012ba8                typeinfo for std::type_info
 .rodata._ZTSSt11logic_error
                0x0000000008012bb0       0x10 /opt/devkitpro/devkitARM/bin/../lib/gcc/arm-none-eabi/12.2.0/../../../../arm-none-eabi/lib/thumb/libstdc++.a(stdexcept.o)
                0x0000000008012bb0                typeinfo name for std::logic_error
 .rodata._ZTISt11logic_error
                0x0000000008012bc0        0xc /opt/devkitpro/devkitARM/bin/../lib/gcc/arm-none-eabi/12.2.0/../../../../arm-none-eabi/lib/thumb/libstdc++.a(stdexcept.o)
                0x0000000008012bc0                typeinfo for std::logic_error
 .rodata._ZTSSt12length_error
                0x0000000008012bcc       0x11 /opt/devkitpro/devkitARM/bin/../lib/gcc/arm-none-eabi/12.2.0/../../../../arm-none-eabi/lib/thumb/libstdc++.a(stdexcept.o)
                0x0000000008012bcc                typeinfo name for std::length_error
 *fill*         0x0000000008012bdd        0x3 ff
 .rodata._ZTISt12length_error
                0x0000000008012be0        0xc /opt/devkitpro/devkitARM/bin/../lib/gcc/arm-none-eabi/12.2.0/../../../../arm-none-eabi/lib/thumb/libstdc++.a(stdexcept.o)
                0x0000000008012be0                typeinfo for std::length_error
 .rodata._ZTVSt11logic_error
                0x0000000008012bec       0x14 /opt/devkitpro/devkitARM/bin/../lib/gcc/arm-none-eabi/12.2.0/../../../../arm-none-eabi/lib/thumb/libstdc++.a(stdexcept.o)
                0x0000000008012bec                vtable for std::logic_error
 .rodata._ZTVSt12length_error
                0x0000000008012c00       0x14 /opt/devkitpro/devkitARM/bin/../lib/gcc/arm-none-eabi/12.2.0/../../../../arm-none-eabi/lib/thumb/libstdc++.a(stdexcept.o)
                0x0000000008012c00                vtable for std::length_error
 .rodata._ZNSt11logic_errorC2EPKc.str1.4
                0x0000000008012c14       0x2a /opt/devkitpro/devkitARM/bin/../lib/gcc/arm-none-eabi/12.2.0/../../../../arm-none-eabi/lib/thumb/libstdc++.a(cow-stdexcept.o)
 *fill*         0x0000000008012c3e        0x2 ff
 .rodata._ZNSs4_Rep9_S_createEjjRKSaIcE.str1.4
                0x0000000008012c40       0x18 /opt/devkitpro/devkitARM/bin/../lib/gcc/arm-none-eabi/12.2.0/../../../../arm-none-eabi/lib/thumb/libstdc++.a(cow-string-inst.o)
 .rodata._ctype_
                0x0000000008012c58      0x101 /opt/devkitpro/devkitARM/bin/../lib/gcc/arm-none-eabi/12.2.0/../../../../arm-none-eabi/lib/thumb/libg.a(lib_a-ctype_.o)
                0x0000000008012c58                _ctype_
 .rodata._svfprintf_r.str1.1
                0x0000000008012d59       0x3b /opt/devkitpro/devkitARM/bin/../lib/gcc/arm-none-eabi/12.2.0/../../../../arm-none-eabi/lib/thumb/libg.a(lib_a-svfprintf.o)
 .rodata.zeroes.0
                0x0000000008012d94       0x10 /opt/devkitpro/devkitARM/bin/../lib/gcc/arm-none-eabi/12.2.0/../../../../arm-none-eabi/lib/thumb/libg.a(lib_a-svfprintf.o)
 .rodata.blanks.1
                0x0000000008012da4       0x10 /opt/devkitpro/devkitARM/bin/../lib/gcc/arm-none-eabi/12.2.0/../../../../arm-none-eabi/lib/thumb/libg.a(lib_a-svfprintf.o)
 .rodata._dtoa_r.str1.4
                0x0000000008012db4       0x6d /opt/devkitpro/devkitARM/bin/../lib/gcc/arm-none-eabi/12.2.0/../../../../arm-none-eabi/lib/thumb/libg.a(lib_a-dtoa.o)
 *fill*         0x0000000008012e21        0x3 ff
 .rodata.str1.4
                0x0000000008012e24       0x48 /opt/devkitpro/devkitARM/bin/../lib/gcc/arm-none-eabi/12.2.0/../../../../arm-none-eabi/lib/thumb/libg.a(lib_a-locale.o)
                                         0x4c (size before relaxing)
 .rodata.__multadd.str1.4
                0x0000000008012e6c       0x46 /opt/devkitpro/devkitARM/bin/../lib/gcc/arm-none-eabi/12.2.0/../../../../arm-none-eabi/lib/thumb/libg.a(lib_a-mprec.o)
                                         0x5a (size before relaxing)
 *fill*         0x0000000008012eb2        0x2 ff
 .rodata.p05.0  0x0000000008012eb4        0xc /opt/devkitpro/devkitARM/bin/../lib/gcc/arm-none-eabi/12.2.0/../../../../arm-none-eabi/lib/thumb/libg.a(lib_a-mprec.o)
 .rodata.__mprec_bigtens
                0x0000000008012ec0       0x28 /opt/devkitpro/devkitARM/bin/../lib/gcc/arm-none-eabi/12.2.0/../../../../arm-none-eabi/lib/thumb/libg.a(lib_a-mprec.o)
                0x0000000008012ec0                __mprec_bigtens
 .rodata.__mprec_tens
                0x0000000008012ee8       0xc8 /opt/devkitpro/devkitARM/bin/../lib/gcc/arm-none-eabi/12.2.0/../../../../arm-none-eabi/lib/thumb/libg.a(lib_a-mprec.o)
                0x0000000008012ee8                __mprec_tens
 .rodata.__action_table
                0x0000000008012fb0       0x6c /opt/devkitpro/devkitARM/bin/../lib/gcc/arm-none-eabi/12.2.0/../../../../arm-none-eabi/lib/thumb/libg.a(lib_a-svfiprintf.o)
                0x0000000008012fb0                __action_table
 .rodata.__state_table
                0x000000000801301c       0x6c /opt/devkitpro/devkitARM/bin/../lib/gcc/arm-none-eabi/12.2.0/../../../../arm-none-eabi/lib/thumb/libg.a(lib_a-svfiprintf.o)
                0x000000000801301c                __state_table
 .rodata.__chclass
                0x0000000008013088      0x100 /opt/devkitpro/devkitARM/bin/../lib/gcc/arm-none-eabi/12.2.0/../../../../arm-none-eabi/lib/thumb/libg.a(lib_a-svfiprintf.o)
                0x0000000008013088                __chclass
 .rodata.__assert_func.str1.4
                0x0000000008013188       0x3f /opt/devkitpro/devkitARM/bin/../lib/gcc/arm-none-eabi/12.2.0/../../../../arm-none-eabi/lib/thumb/libg.a(lib_a-assert.o)